[2020-02-19T18:31:40.111+0500][gc,heap] Heap region size: 1M
[2020-02-19T18:31:40.111+0500][gc,heap] Heap region size: 1M
[2020-02-19T18:31:40.121+0500][gc     ] Using G1
[2020-02-19T18:31:40.121+0500][gc,heap,coops] Heap address: 0x00000007c0000000, size: 1024 MB, Compressed Oops mode: Zero based, Oop shift amount: 3
[2020-02-19T18:31:40.121+0500][gc     ] Using G1
[2020-02-19T18:31:40.121+0500][gc,heap,coops] Heap address: 0x00000007c0000000, size: 1024 MB, Compressed Oops mode: Zero based, Oop shift amount: 3
[2020-02-19T18:31:40.121+0500][gc,cds       ] Mark closed archive regions in map: [0x00000007fff00000, 0x00000007fff76ff8]
[2020-02-19T18:31:40.121+0500][gc,cds       ] Mark open archive regions in map: [0x00000007ffe00000, 0x00000007ffe46ff8]
[2020-02-19T18:31:40.121+0500][gc,cds       ] Mark closed archive regions in map: [0x00000007fff00000, 0x00000007fff76ff8]
[2020-02-19T18:31:40.121+0500][gc,cds       ] Mark open archive regions in map: [0x00000007ffe00000, 0x00000007ffe46ff8]
[2020-02-19T18:31:40.138+0500][gc           ] Periodic GC disabled
[2020-02-19T18:31:40.138+0500][gc           ] Periodic GC disabled
[2020-02-19T18:31:41.347+0500][gc,start     ] GC(0) Pause Young (Normal) (G1 Evacuation Pause)
[2020-02-19T18:31:41.348+0500][gc,task      ] GC(0) Using 13 workers of 13 for evacuation
[2020-02-19T18:31:41.357+0500][gc,phases    ] GC(0)   Pre Evacuate Collection Set: 0.0ms
[2020-02-19T18:31:41.357+0500][gc,phases    ] GC(0)   Evacuate Collection Set: 7.7ms
[2020-02-19T18:31:41.357+0500][gc,phases    ] GC(0)   Post Evacuate Collection Set: 0.5ms
[2020-02-19T18:31:41.357+0500][gc,phases    ] GC(0)   Other: 1.0ms
[2020-02-19T18:31:41.357+0500][gc,heap      ] GC(0) Eden regions: 51->0(44)
[2020-02-19T18:31:41.357+0500][gc,heap      ] GC(0) Survivor regions: 0->7(7)
[2020-02-19T18:31:41.357+0500][gc,heap      ] GC(0) Old regions: 0->0
[2020-02-19T18:31:41.357+0500][gc,heap      ] GC(0) Archive regions: 2->2
[2020-02-19T18:31:41.357+0500][gc,heap      ] GC(0) Humongous regions: 0->0
[2020-02-19T18:31:41.357+0500][gc,metaspace ] GC(0) Metaspace: 16683K->16683K(1064960K)
[2020-02-19T18:31:41.357+0500][gc           ] GC(0) Pause Young (Normal) (G1 Evacuation Pause) 51M->6M(1024M) 9.421ms
[2020-02-19T18:31:41.357+0500][gc,cpu       ] GC(0) User=0.04s Sys=0.03s Real=0.01s
[2020-02-19T18:31:41.370+0500][gc,start     ] GC(0) Pause Young (Normal) (G1 Evacuation Pause)
[2020-02-19T18:31:41.372+0500][gc,task      ] GC(0) Using 13 workers of 13 for evacuation
[2020-02-19T18:31:41.381+0500][gc,phases    ] GC(0)   Pre Evacuate Collection Set: 0.1ms
[2020-02-19T18:31:41.381+0500][gc,phases    ] GC(0)   Evacuate Collection Set: 8.0ms
[2020-02-19T18:31:41.381+0500][gc,phases    ] GC(0)   Post Evacuate Collection Set: 0.9ms
[2020-02-19T18:31:41.381+0500][gc,phases    ] GC(0)   Other: 1.7ms
[2020-02-19T18:31:41.381+0500][gc,heap      ] GC(0) Eden regions: 51->0(45)
[2020-02-19T18:31:41.381+0500][gc,heap      ] GC(0) Survivor regions: 0->6(7)
[2020-02-19T18:31:41.381+0500][gc,heap      ] GC(0) Old regions: 0->0
[2020-02-19T18:31:41.381+0500][gc,heap      ] GC(0) Archive regions: 2->2
[2020-02-19T18:31:41.381+0500][gc,heap      ] GC(0) Humongous regions: 0->0
[2020-02-19T18:31:41.381+0500][gc,metaspace ] GC(0) Metaspace: 16893K->16893K(1064960K)
[2020-02-19T18:31:41.381+0500][gc           ] GC(0) Pause Young (Normal) (G1 Evacuation Pause) 51M->6M(1024M) 10.936ms
[2020-02-19T18:31:41.381+0500][gc,cpu       ] GC(0) User=0.04s Sys=0.02s Real=0.01s
[2020-02-19T18:31:42.028+0500][gc,start     ] GC(1) Pause Young (Concurrent Start) (Metadata GC Threshold)
[2020-02-19T18:31:42.028+0500][gc,task      ] GC(1) Using 13 workers of 13 for evacuation
[2020-02-19T18:31:42.029+0500][gc,start     ] GC(1) Pause Young (Concurrent Start) (Metadata GC Threshold)
[2020-02-19T18:31:42.029+0500][gc,task      ] GC(1) Using 13 workers of 13 for evacuation
[2020-02-19T18:31:42.039+0500][gc,phases    ] GC(1)   Pre Evacuate Collection Set: 0.1ms
[2020-02-19T18:31:42.039+0500][gc,phases    ] GC(1)   Evacuate Collection Set: 8.8ms
[2020-02-19T18:31:42.039+0500][gc,phases    ] GC(1)   Post Evacuate Collection Set: 1.1ms
[2020-02-19T18:31:42.039+0500][gc,phases    ] GC(1)   Other: 0.4ms
[2020-02-19T18:31:42.039+0500][gc,heap      ] GC(1) Eden regions: 17->0(49)
[2020-02-19T18:31:42.039+0500][gc,heap      ] GC(1) Survivor regions: 7->2(7)
[2020-02-19T18:31:42.039+0500][gc,heap      ] GC(1) Old regions: 0->6
[2020-02-19T18:31:42.039+0500][gc,heap      ] GC(1) Archive regions: 2->2
[2020-02-19T18:31:42.039+0500][gc,heap      ] GC(1) Humongous regions: 129->129
[2020-02-19T18:31:42.039+0500][gc,metaspace ] GC(1) Metaspace: 20539K->20539K(1067008K)
[2020-02-19T18:31:42.039+0500][gc           ] GC(1) Pause Young (Concurrent Start) (Metadata GC Threshold) 152M->137M(1024M) 10.519ms
[2020-02-19T18:31:42.039+0500][gc,cpu       ] GC(1) User=0.03s Sys=0.01s Real=0.01s
[2020-02-19T18:31:42.039+0500][gc           ] GC(2) Concurrent Cycle
[2020-02-19T18:31:42.039+0500][gc,marking   ] GC(2) Concurrent Clear Claimed Marks
[2020-02-19T18:31:42.039+0500][gc,marking   ] GC(2) Concurrent Clear Claimed Marks 0.064ms
[2020-02-19T18:31:42.039+0500][gc,marking   ] GC(2) Concurrent Scan Root Regions
[2020-02-19T18:31:42.039+0500][gc,phases    ] GC(1)   Pre Evacuate Collection Set: 0.1ms
[2020-02-19T18:31:42.039+0500][gc,phases    ] GC(1)   Evacuate Collection Set: 9.1ms
[2020-02-19T18:31:42.039+0500][gc,phases    ] GC(1)   Post Evacuate Collection Set: 0.5ms
[2020-02-19T18:31:42.039+0500][gc,phases    ] GC(1)   Other: 0.4ms
[2020-02-19T18:31:42.039+0500][gc,heap      ] GC(1) Eden regions: 17->0(49)
[2020-02-19T18:31:42.039+0500][gc,heap      ] GC(1) Survivor regions: 6->2(7)
[2020-02-19T18:31:42.039+0500][gc,heap      ] GC(1) Old regions: 0->6
[2020-02-19T18:31:42.039+0500][gc,heap      ] GC(1) Archive regions: 2->2
[2020-02-19T18:31:42.039+0500][gc,heap      ] GC(1) Humongous regions: 129->129
[2020-02-19T18:31:42.039+0500][gc,metaspace ] GC(1) Metaspace: 20540K->20540K(1067008K)
[2020-02-19T18:31:42.039+0500][gc           ] GC(1) Pause Young (Concurrent Start) (Metadata GC Threshold) 152M->136M(1024M) 10.211ms
[2020-02-19T18:31:42.039+0500][gc,cpu       ] GC(1) User=0.03s Sys=0.01s Real=0.01s
[2020-02-19T18:31:42.040+0500][gc           ] GC(2) Concurrent Cycle
[2020-02-19T18:31:42.040+0500][gc,marking   ] GC(2) Concurrent Clear Claimed Marks
[2020-02-19T18:31:42.040+0500][gc,marking   ] GC(2) Concurrent Clear Claimed Marks 0.057ms
[2020-02-19T18:31:42.040+0500][gc,marking   ] GC(2) Concurrent Scan Root Regions
[2020-02-19T18:31:42.042+0500][gc,marking   ] GC(2) Concurrent Scan Root Regions 2.733ms
[2020-02-19T18:31:42.042+0500][gc,marking   ] GC(2) Concurrent Mark (1.943s)
[2020-02-19T18:31:42.042+0500][gc,marking   ] GC(2) Concurrent Mark From Roots
[2020-02-19T18:31:42.042+0500][gc,task      ] GC(2) Using 3 workers of 3 for marking
[2020-02-19T18:31:42.043+0500][gc,marking   ] GC(2) Concurrent Scan Root Regions 2.926ms
[2020-02-19T18:31:42.043+0500][gc,marking   ] GC(2) Concurrent Mark (1.944s)
[2020-02-19T18:31:42.043+0500][gc,marking   ] GC(2) Concurrent Mark From Roots
[2020-02-19T18:31:42.043+0500][gc,task      ] GC(2) Using 3 workers of 3 for marking
[2020-02-19T18:31:42.044+0500][gc,marking   ] GC(2) Concurrent Mark From Roots 1.977ms
[2020-02-19T18:31:42.044+0500][gc,marking   ] GC(2) Concurrent Preclean
[2020-02-19T18:31:42.044+0500][gc,marking   ] GC(2) Concurrent Preclean 0.063ms
[2020-02-19T18:31:42.044+0500][gc,marking   ] GC(2) Concurrent Mark (1.943s, 1.945s) 2.124ms
[2020-02-19T18:31:42.044+0500][gc,start     ] GC(2) Pause Remark
[2020-02-19T18:31:42.045+0500][gc,marking   ] GC(2) Concurrent Mark From Roots 2.118ms
[2020-02-19T18:31:42.045+0500][gc,marking   ] GC(2) Concurrent Preclean
[2020-02-19T18:31:42.045+0500][gc,marking   ] GC(2) Concurrent Preclean 0.044ms
[2020-02-19T18:31:42.045+0500][gc,marking   ] GC(2) Concurrent Mark (1.944s, 1.946s) 2.220ms
[2020-02-19T18:31:42.045+0500][gc,start     ] GC(2) Pause Remark
[2020-02-19T18:31:42.045+0500][gc           ] GC(2) Pause Remark 137M->137M(1024M) 1.065ms
[2020-02-19T18:31:42.045+0500][gc,cpu       ] GC(2) User=0.01s Sys=0.00s Real=0.00s
[2020-02-19T18:31:42.045+0500][gc,marking   ] GC(2) Concurrent Rebuild Remembered Sets
[2020-02-19T18:31:42.048+0500][gc,marking   ] GC(2) Concurrent Rebuild Remembered Sets 2.466ms
[2020-02-19T18:31:42.049+0500][gc           ] GC(2) Pause Remark 137M->137M(1024M) 3.625ms
[2020-02-19T18:31:42.049+0500][gc,cpu       ] GC(2) User=0.01s Sys=0.00s Real=0.00s
[2020-02-19T18:31:42.049+0500][gc,marking   ] GC(2) Concurrent Rebuild Remembered Sets
[2020-02-19T18:31:42.049+0500][gc,start     ] GC(2) Pause Cleanup
[2020-02-19T18:31:42.049+0500][gc           ] GC(2) Pause Cleanup 138M->138M(1024M) 0.370ms
[2020-02-19T18:31:42.049+0500][gc,cpu       ] GC(2) User=0.00s Sys=0.00s Real=0.00s
[2020-02-19T18:31:42.050+0500][gc,marking   ] GC(2) Concurrent Cleanup for Next Mark
[2020-02-19T18:31:42.052+0500][gc,marking   ] GC(2) Concurrent Rebuild Remembered Sets 3.108ms
[2020-02-19T18:31:42.053+0500][gc,start     ] GC(2) Pause Cleanup
[2020-02-19T18:31:42.053+0500][gc           ] GC(2) Pause Cleanup 137M->137M(1024M) 0.232ms
[2020-02-19T18:31:42.053+0500][gc,cpu       ] GC(2) User=0.00s Sys=0.00s Real=0.00s
[2020-02-19T18:31:42.053+0500][gc,marking   ] GC(2) Concurrent Cleanup for Next Mark
[2020-02-19T18:31:42.108+0500][gc,marking   ] GC(2) Concurrent Cleanup for Next Mark 58.200ms
[2020-02-19T18:31:42.108+0500][gc           ] GC(2) Concurrent Cycle 69.059ms
[2020-02-19T18:31:42.116+0500][gc,marking   ] GC(2) Concurrent Cleanup for Next Mark 63.199ms
[2020-02-19T18:31:42.117+0500][gc           ] GC(2) Concurrent Cycle 76.895ms
[2020-02-19T18:32:12.031+0500][gc,heap,exit ] Heap
[2020-02-19T18:32:12.031+0500][gc,heap,exit ]  garbage-first heap   total 1048576K, used 185381K [0x00000007c0000000, 0x0000000800000000)
[2020-02-19T18:32:12.031+0500][gc,heap,exit ]   region size 1024K, 47 young (48128K), 2 survivors (2048K)
[2020-02-19T18:32:12.031+0500][gc,heap,exit ]  Metaspace       used 29119K, capacity 30375K, committed 30640K, reserved 1075200K
[2020-02-19T18:32:12.031+0500][gc,heap,exit ]   class space    used 3989K, capacity 4583K, committed 4608K, reserved 1048576K
[2020-02-19T18:32:12.033+0500][gc,heap,exit ] Heap
[2020-02-19T18:32:12.033+0500][gc,heap,exit ]  garbage-first heap   total 1048576K, used 180222K [0x00000007c0000000, 0x0000000800000000)
[2020-02-19T18:32:12.033+0500][gc,heap,exit ]   region size 1024K, 43 young (44032K), 2 survivors (2048K)
[2020-02-19T18:32:12.033+0500][gc,heap,exit ]  Metaspace       used 28292K, capacity 29383K, committed 29616K, reserved 1075200K
[2020-02-19T18:32:12.033+0500][gc,heap,exit ]   class space    used 3763K, capacity 4251K, committed 4352K, reserved 1048576K
