[2020-02-06T18:00:46.147+0500][gc,heap] Heap region size: 1M
[2020-02-06T18:00:46.155+0500][gc     ] Using G1
[2020-02-06T18:00:46.155+0500][gc,heap,coops] Heap address: 0x00000007c0000000, size: 1024 MB, Compressed Oops mode: Zero based, Oop shift amount: 3
[2020-02-06T18:00:46.155+0500][gc,cds       ] Mark closed archive regions in map: [0x00000007fff00000, 0x00000007fff76ff8]
[2020-02-06T18:00:46.155+0500][gc,cds       ] Mark open archive regions in map: [0x00000007ffe00000, 0x00000007ffe46ff8]
[2020-02-06T18:00:46.169+0500][gc           ] Periodic GC disabled
[2020-02-06T18:00:47.093+0500][gc,start     ] GC(0) Pause Young (Normal) (G1 Evacuation Pause)
[2020-02-06T18:00:47.094+0500][gc,task      ] GC(0) Using 13 workers of 13 for evacuation
[2020-02-06T18:00:47.102+0500][gc,phases    ] GC(0)   Pre Evacuate Collection Set: 0.0ms
[2020-02-06T18:00:47.102+0500][gc,phases    ] GC(0)   Evacuate Collection Set: 7.0ms
[2020-02-06T18:00:47.102+0500][gc,phases    ] GC(0)   Post Evacuate Collection Set: 0.5ms
[2020-02-06T18:00:47.102+0500][gc,phases    ] GC(0)   Other: 0.6ms
[2020-02-06T18:00:47.102+0500][gc,heap      ] GC(0) Eden regions: 51->0(45)
[2020-02-06T18:00:47.102+0500][gc,heap      ] GC(0) Survivor regions: 0->6(7)
[2020-02-06T18:00:47.102+0500][gc,heap      ] GC(0) Old regions: 0->0
[2020-02-06T18:00:47.102+0500][gc,heap      ] GC(0) Archive regions: 2->2
[2020-02-06T18:00:47.102+0500][gc,heap      ] GC(0) Humongous regions: 0->0
[2020-02-06T18:00:47.102+0500][gc,metaspace ] GC(0) Metaspace: 16890K->16890K(1064960K)
[2020-02-06T18:00:47.102+0500][gc           ] GC(0) Pause Young (Normal) (G1 Evacuation Pause) 51M->6M(1024M) 8.292ms
[2020-02-06T18:00:47.102+0500][gc,cpu       ] GC(0) User=0.03s Sys=0.03s Real=0.01s
[2020-02-06T18:00:47.280+0500][gc,start     ] GC(1) Pause Young (Concurrent Start) (Metadata GC Threshold)
[2020-02-06T18:00:47.280+0500][gc,task      ] GC(1) Using 13 workers of 13 for evacuation
[2020-02-06T18:00:47.289+0500][gc,phases    ] GC(1)   Pre Evacuate Collection Set: 0.1ms
[2020-02-06T18:00:47.289+0500][gc,phases    ] GC(1)   Evacuate Collection Set: 8.3ms
[2020-02-06T18:00:47.289+0500][gc,phases    ] GC(1)   Post Evacuate Collection Set: 0.3ms
[2020-02-06T18:00:47.289+0500][gc,phases    ] GC(1)   Other: 0.4ms
[2020-02-06T18:00:47.289+0500][gc,heap      ] GC(1) Eden regions: 15->0(49)
[2020-02-06T18:00:47.289+0500][gc,heap      ] GC(1) Survivor regions: 6->2(7)
[2020-02-06T18:00:47.289+0500][gc,heap      ] GC(1) Old regions: 0->6
[2020-02-06T18:00:47.289+0500][gc,heap      ] GC(1) Archive regions: 2->2
[2020-02-06T18:00:47.289+0500][gc,heap      ] GC(1) Humongous regions: 0->0
[2020-02-06T18:00:47.289+0500][gc,metaspace ] GC(1) Metaspace: 20552K->20552K(1067008K)
[2020-02-06T18:00:47.289+0500][gc           ] GC(1) Pause Young (Concurrent Start) (Metadata GC Threshold) 21M->7M(1024M) 9.231ms
[2020-02-06T18:00:47.289+0500][gc,cpu       ] GC(1) User=0.03s Sys=0.00s Real=0.00s
[2020-02-06T18:00:47.289+0500][gc           ] GC(2) Concurrent Cycle
[2020-02-06T18:00:47.289+0500][gc,marking   ] GC(2) Concurrent Clear Claimed Marks
[2020-02-06T18:00:47.289+0500][gc,marking   ] GC(2) Concurrent Clear Claimed Marks 0.038ms
[2020-02-06T18:00:47.289+0500][gc,marking   ] GC(2) Concurrent Scan Root Regions
[2020-02-06T18:00:47.291+0500][gc,marking   ] GC(2) Concurrent Scan Root Regions 2.159ms
[2020-02-06T18:00:47.291+0500][gc,marking   ] GC(2) Concurrent Mark (1.154s)
[2020-02-06T18:00:47.292+0500][gc,marking   ] GC(2) Concurrent Mark From Roots
[2020-02-06T18:00:47.292+0500][gc,task      ] GC(2) Using 3 workers of 3 for marking
[2020-02-06T18:00:47.293+0500][gc,marking   ] GC(2) Concurrent Mark From Roots 1.510ms
[2020-02-06T18:00:47.293+0500][gc,marking   ] GC(2) Concurrent Preclean
[2020-02-06T18:00:47.293+0500][gc,marking   ] GC(2) Concurrent Preclean 0.052ms
[2020-02-06T18:00:47.293+0500][gc,marking   ] GC(2) Concurrent Mark (1.154s, 1.155s) 1.642ms
[2020-02-06T18:00:47.293+0500][gc,start     ] GC(2) Pause Remark
[2020-02-06T18:00:47.294+0500][gc           ] GC(2) Pause Remark 7M->7M(1024M) 0.937ms
[2020-02-06T18:00:47.294+0500][gc,cpu       ] GC(2) User=0.01s Sys=0.00s Real=0.00s
[2020-02-06T18:00:47.294+0500][gc,marking   ] GC(2) Concurrent Rebuild Remembered Sets
[2020-02-06T18:00:47.297+0500][gc,marking   ] GC(2) Concurrent Rebuild Remembered Sets 2.403ms
[2020-02-06T18:00:47.297+0500][gc,start     ] GC(2) Pause Cleanup
[2020-02-06T18:00:47.297+0500][gc           ] GC(2) Pause Cleanup 7M->7M(1024M) 0.112ms
[2020-02-06T18:00:47.297+0500][gc,cpu       ] GC(2) User=0.00s Sys=0.00s Real=0.00s
[2020-02-06T18:00:47.297+0500][gc,marking   ] GC(2) Concurrent Cleanup for Next Mark
[2020-02-06T18:00:47.302+0500][gc,marking   ] GC(2) Concurrent Cleanup for Next Mark 4.897ms
[2020-02-06T18:00:47.302+0500][gc           ] GC(2) Concurrent Cycle 12.732ms
[2020-02-06T18:00:48.201+0500][gc,start     ] GC(3) Pause Young (Normal) (G1 Evacuation Pause)
[2020-02-06T18:00:48.201+0500][gc,task      ] GC(3) Using 13 workers of 13 for evacuation
[2020-02-06T18:00:48.205+0500][gc,phases    ] GC(3)   Pre Evacuate Collection Set: 0.1ms
[2020-02-06T18:00:48.205+0500][gc,phases    ] GC(3)   Evacuate Collection Set: 3.0ms
[2020-02-06T18:00:48.205+0500][gc,phases    ] GC(3)   Post Evacuate Collection Set: 0.4ms
[2020-02-06T18:00:48.205+0500][gc,phases    ] GC(3)   Other: 0.3ms
[2020-02-06T18:00:48.205+0500][gc,heap      ] GC(3) Eden regions: 49->0(46)
[2020-02-06T18:00:48.205+0500][gc,heap      ] GC(3) Survivor regions: 2->5(7)
[2020-02-06T18:00:48.205+0500][gc,heap      ] GC(3) Old regions: 6->6
[2020-02-06T18:00:48.205+0500][gc,heap      ] GC(3) Archive regions: 2->2
[2020-02-06T18:00:48.205+0500][gc,heap      ] GC(3) Humongous regions: 129->129
[2020-02-06T18:00:48.205+0500][gc,metaspace ] GC(3) Metaspace: 29860K->29860K(1075200K)
[2020-02-06T18:00:48.205+0500][gc           ] GC(3) Pause Young (Normal) (G1 Evacuation Pause) 185M->140M(1024M) 3.877ms
[2020-02-06T18:00:48.205+0500][gc,cpu       ] GC(3) User=0.04s Sys=0.00s Real=0.00s
[2020-02-06T18:10:06.772+0500][gc,start     ] GC(4) Pause Young (Normal) (G1 Evacuation Pause)
[2020-02-06T18:10:06.773+0500][gc,task      ] GC(4) Using 13 workers of 13 for evacuation
[2020-02-06T18:10:06.786+0500][gc,phases    ] GC(4)   Pre Evacuate Collection Set: 0.1ms
[2020-02-06T18:10:06.786+0500][gc,phases    ] GC(4)   Evacuate Collection Set: 9.2ms
[2020-02-06T18:10:06.786+0500][gc,phases    ] GC(4)   Post Evacuate Collection Set: 1.1ms
[2020-02-06T18:10:06.786+0500][gc,phases    ] GC(4)   Other: 3.0ms
[2020-02-06T18:10:06.786+0500][gc,heap      ] GC(4) Eden regions: 46->0(48)
[2020-02-06T18:10:06.786+0500][gc,heap      ] GC(4) Survivor regions: 5->3(7)
[2020-02-06T18:10:06.786+0500][gc,heap      ] GC(4) Old regions: 6->11
[2020-02-06T18:10:06.786+0500][gc,heap      ] GC(4) Archive regions: 2->2
[2020-02-06T18:10:06.786+0500][gc,heap      ] GC(4) Humongous regions: 129->129
[2020-02-06T18:10:06.786+0500][gc,metaspace ] GC(4) Metaspace: 33389K->33389K(1079296K)
[2020-02-06T18:10:06.786+0500][gc           ] GC(4) Pause Young (Normal) (G1 Evacuation Pause) 186M->142M(1024M) 13.431ms
[2020-02-06T18:10:06.786+0500][gc,cpu       ] GC(4) User=0.04s Sys=0.04s Real=0.01s
[2020-02-07T09:24:10.084+0500][gc,start     ] GC(5) Pause Young (Normal) (G1 Evacuation Pause)
[2020-02-07T09:24:10.085+0500][gc,task      ] GC(5) Using 13 workers of 13 for evacuation
[2020-02-07T09:24:10.110+0500][gc,mmu       ] GC(5) MMU target violated: 21.0ms (20.0ms/21.0ms)
[2020-02-07T09:24:10.110+0500][gc,phases    ] GC(5)   Pre Evacuate Collection Set: 0.0ms
[2020-02-07T09:24:10.110+0500][gc,phases    ] GC(5)   Evacuate Collection Set: 22.5ms
[2020-02-07T09:24:10.110+0500][gc,phases    ] GC(5)   Post Evacuate Collection Set: 0.4ms
[2020-02-07T09:24:10.110+0500][gc,phases    ] GC(5)   Other: 3.8ms
[2020-02-07T09:24:10.110+0500][gc,heap      ] GC(5) Eden regions: 48->0(48)
[2020-02-07T09:24:10.110+0500][gc,heap      ] GC(5) Survivor regions: 3->3(7)
[2020-02-07T09:24:10.110+0500][gc,heap      ] GC(5) Old regions: 11->11
[2020-02-07T09:24:10.110+0500][gc,heap      ] GC(5) Archive regions: 2->2
[2020-02-07T09:24:10.110+0500][gc,heap      ] GC(5) Humongous regions: 129->129
[2020-02-07T09:24:10.110+0500][gc,metaspace ] GC(5) Metaspace: 33567K->33567K(1079296K)
[2020-02-07T09:24:10.110+0500][gc           ] GC(5) Pause Young (Normal) (G1 Evacuation Pause) 190M->143M(1024M) 26.801ms
[2020-02-07T09:24:10.111+0500][gc,cpu       ] GC(5) User=0.02s Sys=0.14s Real=0.03s
[2020-02-07T09:39:05.093+0500][gc,start     ] GC(6) Pause Young (Normal) (G1 Evacuation Pause)
[2020-02-07T09:39:05.093+0500][gc,task      ] GC(6) Using 13 workers of 13 for evacuation
[2020-02-07T09:39:05.099+0500][gc,phases    ] GC(6)   Pre Evacuate Collection Set: 0.0ms
[2020-02-07T09:39:05.099+0500][gc,phases    ] GC(6)   Evacuate Collection Set: 5.0ms
[2020-02-07T09:39:05.099+0500][gc,phases    ] GC(6)   Post Evacuate Collection Set: 0.5ms
[2020-02-07T09:39:05.099+0500][gc,phases    ] GC(6)   Other: 0.8ms
[2020-02-07T09:39:05.099+0500][gc,heap      ] GC(6) Eden regions: 48->0(48)
[2020-02-07T09:39:05.099+0500][gc,heap      ] GC(6) Survivor regions: 3->3(7)
[2020-02-07T09:39:05.099+0500][gc,heap      ] GC(6) Old regions: 11->11
[2020-02-07T09:39:05.099+0500][gc,heap      ] GC(6) Archive regions: 2->2
[2020-02-07T09:39:05.099+0500][gc,heap      ] GC(6) Humongous regions: 129->129
[2020-02-07T09:39:05.099+0500][gc,metaspace ] GC(6) Metaspace: 33600K->33600K(1079296K)
[2020-02-07T09:39:05.099+0500][gc           ] GC(6) Pause Young (Normal) (G1 Evacuation Pause) 191M->142M(1024M) 6.538ms
[2020-02-07T09:39:05.100+0500][gc,cpu       ] GC(6) User=0.02s Sys=0.02s Real=0.01s
[2020-02-07T09:54:20.106+0500][gc,start     ] GC(7) Pause Young (Normal) (G1 Evacuation Pause)
[2020-02-07T09:54:20.107+0500][gc,task      ] GC(7) Using 13 workers of 13 for evacuation
[2020-02-07T09:54:20.124+0500][gc,phases    ] GC(7)   Pre Evacuate Collection Set: 0.0ms
[2020-02-07T09:54:20.124+0500][gc,phases    ] GC(7)   Evacuate Collection Set: 14.7ms
[2020-02-07T09:54:20.124+0500][gc,phases    ] GC(7)   Post Evacuate Collection Set: 0.7ms
[2020-02-07T09:54:20.124+0500][gc,phases    ] GC(7)   Other: 2.1ms
[2020-02-07T09:54:20.124+0500][gc,heap      ] GC(7) Eden regions: 48->0(48)
[2020-02-07T09:54:20.124+0500][gc,heap      ] GC(7) Survivor regions: 3->3(7)
[2020-02-07T09:54:20.124+0500][gc,heap      ] GC(7) Old regions: 11->11
[2020-02-07T09:54:20.124+0500][gc,heap      ] GC(7) Archive regions: 2->2
[2020-02-07T09:54:20.124+0500][gc,heap      ] GC(7) Humongous regions: 129->129
[2020-02-07T09:54:20.124+0500][gc,metaspace ] GC(7) Metaspace: 33627K->33627K(1079296K)
[2020-02-07T09:54:20.124+0500][gc           ] GC(7) Pause Young (Normal) (G1 Evacuation Pause) 190M->142M(1024M) 18.081ms
[2020-02-07T09:54:20.124+0500][gc,cpu       ] GC(7) User=0.02s Sys=0.09s Real=0.02s
[2020-02-07T10:09:40.121+0500][gc,start     ] GC(8) Pause Young (Normal) (G1 Evacuation Pause)
[2020-02-07T10:09:40.122+0500][gc,task      ] GC(8) Using 13 workers of 13 for evacuation
[2020-02-07T10:09:40.126+0500][gc,phases    ] GC(8)   Pre Evacuate Collection Set: 0.0ms
[2020-02-07T10:09:40.127+0500][gc,phases    ] GC(8)   Evacuate Collection Set: 4.0ms
[2020-02-07T10:09:40.127+0500][gc,phases    ] GC(8)   Post Evacuate Collection Set: 0.6ms
[2020-02-07T10:09:40.127+0500][gc,phases    ] GC(8)   Other: 1.4ms
[2020-02-07T10:09:40.127+0500][gc,heap      ] GC(8) Eden regions: 48->0(48)
[2020-02-07T10:09:40.127+0500][gc,heap      ] GC(8) Survivor regions: 3->3(7)
[2020-02-07T10:09:40.127+0500][gc,heap      ] GC(8) Old regions: 11->11
[2020-02-07T10:09:40.127+0500][gc,heap      ] GC(8) Archive regions: 2->2
[2020-02-07T10:09:40.127+0500][gc,heap      ] GC(8) Humongous regions: 129->129
[2020-02-07T10:09:40.127+0500][gc,metaspace ] GC(8) Metaspace: 33780K->33780K(1079296K)
[2020-02-07T10:09:40.127+0500][gc           ] GC(8) Pause Young (Normal) (G1 Evacuation Pause) 190M->142M(1024M) 6.076ms
[2020-02-07T10:09:40.127+0500][gc,cpu       ] GC(8) User=0.02s Sys=0.01s Real=0.00s
[2020-02-07T10:24:58.205+0500][gc,start     ] GC(9) Pause Young (Normal) (G1 Evacuation Pause)
[2020-02-07T10:24:58.205+0500][gc,task      ] GC(9) Using 13 workers of 13 for evacuation
[2020-02-07T10:24:58.213+0500][gc,phases    ] GC(9)   Pre Evacuate Collection Set: 0.0ms
[2020-02-07T10:24:58.213+0500][gc,phases    ] GC(9)   Evacuate Collection Set: 7.3ms
[2020-02-07T10:24:58.213+0500][gc,phases    ] GC(9)   Post Evacuate Collection Set: 0.5ms
[2020-02-07T10:24:58.213+0500][gc,phases    ] GC(9)   Other: 1.1ms
[2020-02-07T10:24:58.213+0500][gc,heap      ] GC(9) Eden regions: 48->0(47)
[2020-02-07T10:24:58.213+0500][gc,heap      ] GC(9) Survivor regions: 3->4(7)
[2020-02-07T10:24:58.213+0500][gc,heap      ] GC(9) Old regions: 11->11
[2020-02-07T10:24:58.213+0500][gc,heap      ] GC(9) Archive regions: 2->2
[2020-02-07T10:24:58.213+0500][gc,heap      ] GC(9) Humongous regions: 129->129
[2020-02-07T10:24:58.213+0500][gc,metaspace ] GC(9) Metaspace: 33792K->33792K(1079296K)
[2020-02-07T10:24:58.213+0500][gc           ] GC(9) Pause Young (Normal) (G1 Evacuation Pause) 190M->143M(1024M) 8.437ms
[2020-02-07T10:24:58.213+0500][gc,cpu       ] GC(9) User=0.02s Sys=0.02s Real=0.01s
[2020-02-07T10:39:49.392+0500][gc,start     ] GC(10) Pause Young (Normal) (G1 Evacuation Pause)
[2020-02-07T10:39:49.393+0500][gc,task      ] GC(10) Using 13 workers of 13 for evacuation
[2020-02-07T10:39:49.406+0500][gc,phases    ] GC(10)   Pre Evacuate Collection Set: 0.1ms
[2020-02-07T10:39:49.406+0500][gc,phases    ] GC(10)   Evacuate Collection Set: 9.5ms
[2020-02-07T10:39:49.406+0500][gc,phases    ] GC(10)   Post Evacuate Collection Set: 1.0ms
[2020-02-07T10:39:49.406+0500][gc,phases    ] GC(10)   Other: 3.2ms
[2020-02-07T10:39:49.406+0500][gc,heap      ] GC(10) Eden regions: 47->0(47)
[2020-02-07T10:39:49.406+0500][gc,heap      ] GC(10) Survivor regions: 4->4(7)
[2020-02-07T10:39:49.406+0500][gc,heap      ] GC(10) Old regions: 11->11
[2020-02-07T10:39:49.406+0500][gc,heap      ] GC(10) Archive regions: 2->2
[2020-02-07T10:39:49.406+0500][gc,heap      ] GC(10) Humongous regions: 129->129
[2020-02-07T10:39:49.406+0500][gc,metaspace ] GC(10) Metaspace: 33811K->33811K(1079296K)
[2020-02-07T10:39:49.406+0500][gc           ] GC(10) Pause Young (Normal) (G1 Evacuation Pause) 190M->143M(1024M) 13.885ms
[2020-02-07T10:39:49.406+0500][gc,cpu       ] GC(10) User=0.03s Sys=0.05s Real=0.01s
[2020-02-07T10:54:45.294+0500][gc,start     ] GC(11) Pause Young (Normal) (G1 Evacuation Pause)
[2020-02-07T10:54:45.295+0500][gc,task      ] GC(11) Using 13 workers of 13 for evacuation
[2020-02-07T10:54:45.301+0500][gc,phases    ] GC(11)   Pre Evacuate Collection Set: 0.0ms
[2020-02-07T10:54:45.301+0500][gc,phases    ] GC(11)   Evacuate Collection Set: 4.4ms
[2020-02-07T10:54:45.301+0500][gc,phases    ] GC(11)   Post Evacuate Collection Set: 0.4ms
[2020-02-07T10:54:45.301+0500][gc,phases    ] GC(11)   Other: 1.7ms
[2020-02-07T10:54:45.301+0500][gc,heap      ] GC(11) Eden regions: 47->0(58)
[2020-02-07T10:54:45.301+0500][gc,heap      ] GC(11) Survivor regions: 4->3(7)
[2020-02-07T10:54:45.301+0500][gc,heap      ] GC(11) Old regions: 11->11
[2020-02-07T10:54:45.301+0500][gc,heap      ] GC(11) Archive regions: 2->2
[2020-02-07T10:54:45.301+0500][gc,heap      ] GC(11) Humongous regions: 129->129
[2020-02-07T10:54:45.301+0500][gc,metaspace ] GC(11) Metaspace: 33821K->33821K(1079296K)
[2020-02-07T10:54:45.301+0500][gc           ] GC(11) Pause Young (Normal) (G1 Evacuation Pause) 190M->142M(1024M) 6.637ms
[2020-02-07T10:54:45.301+0500][gc,cpu       ] GC(11) User=0.02s Sys=0.01s Real=0.01s
[2020-02-07T11:12:30.178+0500][gc,start     ] GC(12) Pause Young (Normal) (G1 Evacuation Pause)
[2020-02-07T11:12:30.179+0500][gc,task      ] GC(12) Using 13 workers of 13 for evacuation
[2020-02-07T11:12:30.190+0500][gc,phases    ] GC(12)   Pre Evacuate Collection Set: 0.0ms
[2020-02-07T11:12:30.190+0500][gc,phases    ] GC(12)   Evacuate Collection Set: 8.7ms
[2020-02-07T11:12:30.190+0500][gc,phases    ] GC(12)   Post Evacuate Collection Set: 0.7ms
[2020-02-07T11:12:30.190+0500][gc,phases    ] GC(12)   Other: 2.8ms
[2020-02-07T11:12:30.190+0500][gc,heap      ] GC(12) Eden regions: 58->0(252)
[2020-02-07T11:12:30.191+0500][gc,heap      ] GC(12) Survivor regions: 3->3(8)
[2020-02-07T11:12:30.191+0500][gc,heap      ] GC(12) Old regions: 11->11
[2020-02-07T11:12:30.191+0500][gc,heap      ] GC(12) Archive regions: 2->2
[2020-02-07T11:12:30.191+0500][gc,heap      ] GC(12) Humongous regions: 129->129
[2020-02-07T11:12:30.191+0500][gc,metaspace ] GC(12) Metaspace: 33863K->33863K(1079296K)
[2020-02-07T11:12:30.191+0500][gc           ] GC(12) Pause Young (Normal) (G1 Evacuation Pause) 200M->143M(1024M) 12.301ms
[2020-02-07T11:12:30.191+0500][gc,cpu       ] GC(12) User=0.03s Sys=0.04s Real=0.02s
[2020-02-07T12:33:10.722+0500][gc,start     ] GC(13) Pause Young (Normal) (G1 Evacuation Pause)
[2020-02-07T12:33:10.723+0500][gc,task      ] GC(13) Using 13 workers of 13 for evacuation
[2020-02-07T12:33:10.747+0500][gc,mmu       ] GC(13) MMU target violated: 21.0ms (20.0ms/21.0ms)
[2020-02-07T12:33:10.747+0500][gc,phases    ] GC(13)   Pre Evacuate Collection Set: 0.1ms
[2020-02-07T12:33:10.747+0500][gc,phases    ] GC(13)   Evacuate Collection Set: 13.2ms
[2020-02-07T12:33:10.747+0500][gc,phases    ] GC(13)   Post Evacuate Collection Set: 3.6ms
[2020-02-07T12:33:10.747+0500][gc,phases    ] GC(13)   Other: 8.9ms
[2020-02-07T12:33:10.747+0500][gc,heap      ] GC(13) Eden regions: 252->0(263)
[2020-02-07T12:33:10.747+0500][gc,heap      ] GC(13) Survivor regions: 3->3(32)
[2020-02-07T12:33:10.747+0500][gc,heap      ] GC(13) Old regions: 11->11
[2020-02-07T12:33:10.747+0500][gc,heap      ] GC(13) Archive regions: 2->2
[2020-02-07T12:33:10.747+0500][gc,heap      ] GC(13) Humongous regions: 129->129
[2020-02-07T12:33:10.747+0500][gc,metaspace ] GC(13) Metaspace: 33891K->33891K(1079296K)
[2020-02-07T12:33:10.748+0500][gc           ] GC(13) Pause Young (Normal) (G1 Evacuation Pause) 395M->142M(1024M) 26.329ms
[2020-02-07T12:33:10.748+0500][gc,cpu       ] GC(13) User=0.02s Sys=0.05s Real=0.02s
[2020-02-07T13:57:54.799+0500][gc,start     ] GC(14) Pause Young (Normal) (G1 Evacuation Pause)
[2020-02-07T13:57:54.799+0500][gc,task      ] GC(14) Using 13 workers of 13 for evacuation
[2020-02-07T13:57:54.818+0500][gc,phases    ] GC(14)   Pre Evacuate Collection Set: 0.0ms
[2020-02-07T13:57:54.818+0500][gc,phases    ] GC(14)   Evacuate Collection Set: 13.5ms
[2020-02-07T13:57:54.819+0500][gc,phases    ] GC(14)   Post Evacuate Collection Set: 1.7ms
[2020-02-07T13:57:54.819+0500][gc,phases    ] GC(14)   Other: 5.5ms
[2020-02-07T13:57:54.819+0500][gc,heap      ] GC(14) Eden regions: 263->0(299)
[2020-02-07T13:57:54.819+0500][gc,heap      ] GC(14) Survivor regions: 3->3(34)
[2020-02-07T13:57:54.819+0500][gc,heap      ] GC(14) Old regions: 11->11
[2020-02-07T13:57:54.819+0500][gc,heap      ] GC(14) Archive regions: 2->2
[2020-02-07T13:57:54.819+0500][gc,heap      ] GC(14) Humongous regions: 129->129
[2020-02-07T13:57:54.819+0500][gc,metaspace ] GC(14) Metaspace: 33932K->33932K(1079296K)
[2020-02-07T13:57:54.819+0500][gc           ] GC(14) Pause Young (Normal) (G1 Evacuation Pause) 405M->142M(1024M) 19.572ms
[2020-02-07T13:57:54.819+0500][gc,cpu       ] GC(14) User=0.02s Sys=0.03s Real=0.02s
[2020-02-07T15:25:25.393+0500][gc,start     ] GC(15) Pause Young (Normal) (G1 Evacuation Pause)
[2020-02-07T15:25:25.394+0500][gc,task      ] GC(15) Using 13 workers of 13 for evacuation
[2020-02-07T15:25:25.406+0500][gc,phases    ] GC(15)   Pre Evacuate Collection Set: 0.1ms
[2020-02-07T15:25:25.406+0500][gc,phases    ] GC(15)   Evacuate Collection Set: 7.9ms
[2020-02-07T15:25:25.406+0500][gc,phases    ] GC(15)   Post Evacuate Collection Set: 2.0ms
[2020-02-07T15:25:25.406+0500][gc,phases    ] GC(15)   Other: 2.8ms
[2020-02-07T15:25:25.406+0500][gc,heap      ] GC(15) Eden regions: 274->0(311)
[2020-02-07T15:25:25.406+0500][gc,heap      ] GC(15) Survivor regions: 3->4(35)
[2020-02-07T15:25:25.406+0500][gc,heap      ] GC(15) Old regions: 11->11
[2020-02-07T15:25:25.406+0500][gc,heap      ] GC(15) Archive regions: 2->2
[2020-02-07T15:25:25.406+0500][gc,heap      ] GC(15) Humongous regions: 129->129
[2020-02-07T15:25:25.406+0500][gc,metaspace ] GC(15) Metaspace: 33959K->33959K(1079296K)
[2020-02-07T15:25:25.406+0500][gc           ] GC(15) Pause Young (Normal) (G1 Evacuation Pause) 416M->143M(1024M) 12.897ms
[2020-02-07T15:25:25.406+0500][gc,cpu       ] GC(15) User=0.02s Sys=0.04s Real=0.01s
[2020-02-07T15:43:55.469+0500][gc,start     ] GC(16) Pause Young (Concurrent Start) (Metadata GC Threshold)
[2020-02-07T15:43:55.470+0500][gc,task      ] GC(16) Using 13 workers of 13 for evacuation
[2020-02-07T15:43:55.546+0500][gc,mmu       ] GC(16) MMU target violated: 21.0ms (20.0ms/21.0ms)
[2020-02-07T15:43:55.547+0500][gc,phases    ] GC(16)   Pre Evacuate Collection Set: 7.6ms
[2020-02-07T15:43:55.547+0500][gc,phases    ] GC(16)   Evacuate Collection Set: 55.1ms
[2020-02-07T15:43:55.547+0500][gc,phases    ] GC(16)   Post Evacuate Collection Set: 2.2ms
[2020-02-07T15:43:55.547+0500][gc,phases    ] GC(16)   Other: 12.7ms
[2020-02-07T15:43:55.547+0500][gc,heap      ] GC(16) Eden regions: 59->0(48)
[2020-02-07T15:43:55.547+0500][gc,heap      ] GC(16) Survivor regions: 4->3(40)
[2020-02-07T15:43:55.547+0500][gc,heap      ] GC(16) Old regions: 11->11
[2020-02-07T15:43:55.547+0500][gc,heap      ] GC(16) Archive regions: 2->2
[2020-02-07T15:43:55.547+0500][gc,heap      ] GC(16) Humongous regions: 129->129
[2020-02-07T15:43:55.547+0500][gc,metaspace ] GC(16) Metaspace: 33967K->33967K(1079296K)
[2020-02-07T15:43:55.547+0500][gc           ] GC(16) Pause Young (Concurrent Start) (Metadata GC Threshold) 202M->142M(1024M) 77.207ms
[2020-02-07T15:43:55.547+0500][gc,cpu       ] GC(16) User=0.02s Sys=0.08s Real=0.08s
[2020-02-07T15:43:55.547+0500][gc           ] GC(17) Concurrent Cycle
[2020-02-07T15:43:55.548+0500][gc,marking   ] GC(17) Concurrent Clear Claimed Marks
[2020-02-07T15:43:55.548+0500][gc,marking   ] GC(17) Concurrent Clear Claimed Marks 0.432ms
[2020-02-07T15:43:55.548+0500][gc,marking   ] GC(17) Concurrent Scan Root Regions
[2020-02-07T15:43:55.575+0500][gc,marking   ] GC(17) Concurrent Scan Root Regions 27.051ms
[2020-02-07T15:43:55.575+0500][gc,marking   ] GC(17) Concurrent Mark (24151.870s)
[2020-02-07T15:43:55.575+0500][gc,marking   ] GC(17) Concurrent Mark From Roots
[2020-02-07T15:43:55.575+0500][gc,task      ] GC(17) Using 3 workers of 3 for marking
[2020-02-07T15:43:55.651+0500][gc,marking   ] GC(17) Concurrent Mark From Roots 75.884ms
[2020-02-07T15:43:55.651+0500][gc,marking   ] GC(17) Concurrent Preclean
[2020-02-07T15:43:55.652+0500][gc,marking   ] GC(17) Concurrent Preclean 0.570ms
[2020-02-07T15:43:55.652+0500][gc,marking   ] GC(17) Concurrent Mark (24151.870s, 24151.947s) 76.520ms
[2020-02-07T15:43:55.652+0500][gc,start     ] GC(17) Pause Remark
[2020-02-07T15:43:55.762+0500][gc,mmu       ] GC(17) MMU target violated: 21.0ms (20.0ms/21.0ms)
[2020-02-07T15:43:55.762+0500][gc           ] GC(17) Pause Remark 143M->143M(1024M) 109.615ms
[2020-02-07T15:43:55.762+0500][gc,cpu       ] GC(17) User=0.04s Sys=0.31s Real=0.11s
[2020-02-07T15:43:55.762+0500][gc,marking   ] GC(17) Concurrent Rebuild Remembered Sets
[2020-02-07T15:43:55.766+0500][gc,marking   ] GC(17) Concurrent Rebuild Remembered Sets 4.595ms
[2020-02-07T15:43:55.826+0500][gc,start     ] GC(17) Pause Cleanup
[2020-02-07T15:43:55.827+0500][gc           ] GC(17) Pause Cleanup 143M->143M(1024M) 0.867ms
[2020-02-07T15:43:55.827+0500][gc,cpu       ] GC(17) User=0.00s Sys=0.00s Real=0.00s
[2020-02-07T15:43:55.827+0500][gc,marking   ] GC(17) Concurrent Cleanup for Next Mark
[2020-02-07T15:43:55.831+0500][gc,marking   ] GC(17) Concurrent Cleanup for Next Mark 4.723ms
[2020-02-07T15:43:55.831+0500][gc           ] GC(17) Concurrent Cycle 284.679ms
[2020-02-07T15:59:16.830+0500][gc,start     ] GC(18) Pause Young (Normal) (G1 Evacuation Pause)
[2020-02-07T15:59:16.831+0500][gc,task      ] GC(18) Using 13 workers of 13 for evacuation
[2020-02-07T15:59:16.859+0500][gc,mmu       ] GC(18) MMU target violated: 21.0ms (20.0ms/21.0ms)
[2020-02-07T15:59:16.859+0500][gc,phases    ] GC(18)   Pre Evacuate Collection Set: 1.5ms
[2020-02-07T15:59:16.859+0500][gc,phases    ] GC(18)   Evacuate Collection Set: 21.6ms
[2020-02-07T15:59:16.859+0500][gc,phases    ] GC(18)   Post Evacuate Collection Set: 1.8ms
[2020-02-07T15:59:16.859+0500][gc,phases    ] GC(18)   Other: 3.5ms
[2020-02-07T15:59:16.859+0500][gc,heap      ] GC(18) Eden regions: 48->0(47)
[2020-02-07T15:59:16.859+0500][gc,heap      ] GC(18) Survivor regions: 3->4(7)
[2020-02-07T15:59:16.859+0500][gc,heap      ] GC(18) Old regions: 11->11
[2020-02-07T15:59:16.859+0500][gc,heap      ] GC(18) Archive regions: 2->2
[2020-02-07T15:59:16.859+0500][gc,heap      ] GC(18) Humongous regions: 129->129
[2020-02-07T15:59:16.859+0500][gc,metaspace ] GC(18) Metaspace: 33940K->33940K(1079296K)
[2020-02-07T15:59:16.859+0500][gc           ] GC(18) Pause Young (Normal) (G1 Evacuation Pause) 190M->143M(1024M) 28.316ms
[2020-02-07T15:59:16.859+0500][gc,cpu       ] GC(18) User=0.04s Sys=0.10s Real=0.02s
[2020-02-07T16:13:39.374+0500][gc,start     ] GC(19) Pause Young (Normal) (G1 Evacuation Pause)
[2020-02-07T16:13:39.375+0500][gc,task      ] GC(19) Using 13 workers of 13 for evacuation
[2020-02-07T16:13:39.384+0500][gc,phases    ] GC(19)   Pre Evacuate Collection Set: 0.1ms
[2020-02-07T16:13:39.384+0500][gc,phases    ] GC(19)   Evacuate Collection Set: 7.9ms
[2020-02-07T16:13:39.384+0500][gc,phases    ] GC(19)   Post Evacuate Collection Set: 0.5ms
[2020-02-07T16:13:39.384+0500][gc,phases    ] GC(19)   Other: 1.6ms
[2020-02-07T16:13:39.384+0500][gc,heap      ] GC(19) Eden regions: 47->0(48)
[2020-02-07T16:13:39.384+0500][gc,heap      ] GC(19) Survivor regions: 4->3(7)
[2020-02-07T16:13:39.384+0500][gc,heap      ] GC(19) Old regions: 11->11
[2020-02-07T16:13:39.384+0500][gc,heap      ] GC(19) Archive regions: 2->2
[2020-02-07T16:13:39.384+0500][gc,heap      ] GC(19) Humongous regions: 129->129
[2020-02-07T16:13:39.384+0500][gc,metaspace ] GC(19) Metaspace: 33940K->33940K(1079296K)
[2020-02-07T16:13:39.384+0500][gc           ] GC(19) Pause Young (Normal) (G1 Evacuation Pause) 190M->143M(1024M) 10.136ms
[2020-02-07T16:13:39.384+0500][gc,cpu       ] GC(19) User=0.02s Sys=0.03s Real=0.01s
[2020-02-07T16:28:55.108+0500][gc,start     ] GC(20) Pause Young (Normal) (G1 Evacuation Pause)
[2020-02-07T16:28:55.108+0500][gc,task      ] GC(20) Using 13 workers of 13 for evacuation
[2020-02-07T16:28:55.115+0500][gc,phases    ] GC(20)   Pre Evacuate Collection Set: 0.0ms
[2020-02-07T16:28:55.115+0500][gc,phases    ] GC(20)   Evacuate Collection Set: 5.8ms
[2020-02-07T16:28:55.115+0500][gc,phases    ] GC(20)   Post Evacuate Collection Set: 0.4ms
[2020-02-07T16:28:55.115+0500][gc,phases    ] GC(20)   Other: 1.6ms
[2020-02-07T16:28:55.115+0500][gc,heap      ] GC(20) Eden regions: 48->0(129)
[2020-02-07T16:28:55.115+0500][gc,heap      ] GC(20) Survivor regions: 3->3(7)
[2020-02-07T16:28:55.115+0500][gc,heap      ] GC(20) Old regions: 11->12
[2020-02-07T16:28:55.115+0500][gc,heap      ] GC(20) Archive regions: 2->2
[2020-02-07T16:28:55.115+0500][gc,heap      ] GC(20) Humongous regions: 129->129
[2020-02-07T16:28:55.115+0500][gc,metaspace ] GC(20) Metaspace: 33940K->33940K(1079296K)
[2020-02-07T16:28:55.115+0500][gc           ] GC(20) Pause Young (Normal) (G1 Evacuation Pause) 191M->142M(1024M) 7.112ms
[2020-02-07T16:28:55.115+0500][gc,cpu       ] GC(20) User=0.02s Sys=0.02s Real=0.01s
[2020-02-07T17:10:00.493+0500][gc,start     ] GC(21) Pause Young (Normal) (G1 Evacuation Pause)
[2020-02-07T17:10:00.494+0500][gc,task      ] GC(21) Using 13 workers of 13 for evacuation
[2020-02-07T17:10:00.505+0500][gc,phases    ] GC(21)   Pre Evacuate Collection Set: 0.0ms
[2020-02-07T17:10:00.505+0500][gc,phases    ] GC(21)   Evacuate Collection Set: 7.2ms
[2020-02-07T17:10:00.505+0500][gc,phases    ] GC(21)   Post Evacuate Collection Set: 1.2ms
[2020-02-07T17:10:00.505+0500][gc,phases    ] GC(21)   Other: 3.3ms
[2020-02-07T17:10:00.505+0500][gc,heap      ] GC(21) Eden regions: 129->0(195)
[2020-02-07T17:10:00.505+0500][gc,heap      ] GC(21) Survivor regions: 3->2(17)
[2020-02-07T17:10:00.505+0500][gc,heap      ] GC(21) Old regions: 12->12
[2020-02-07T17:10:00.505+0500][gc,heap      ] GC(21) Archive regions: 2->2
[2020-02-07T17:10:00.505+0500][gc,heap      ] GC(21) Humongous regions: 129->129
[2020-02-07T17:10:00.505+0500][gc,metaspace ] GC(21) Metaspace: 33961K->33961K(1079296K)
[2020-02-07T17:10:00.505+0500][gc           ] GC(21) Pause Young (Normal) (G1 Evacuation Pause) 271M->142M(1024M) 11.907ms
[2020-02-07T17:10:00.505+0500][gc,cpu       ] GC(21) User=0.02s Sys=0.05s Real=0.01s
