[2020-02-09T19:56:54.947+0500][gc,heap] Heap region size: 1M
[2020-02-09T19:56:54.954+0500][gc     ] Using G1
[2020-02-09T19:56:54.954+0500][gc,heap,coops] Heap address: 0x00000007c0000000, size: 1024 MB, Compressed Oops mode: Zero based, Oop shift amount: 3
[2020-02-09T19:56:54.955+0500][gc,cds       ] Mark closed archive regions in map: [0x00000007fff00000, 0x00000007fff76ff8]
[2020-02-09T19:56:54.955+0500][gc,cds       ] Mark open archive regions in map: [0x00000007ffe00000, 0x00000007ffe46ff8]
[2020-02-09T19:56:54.968+0500][gc           ] Periodic GC disabled
[2020-02-09T19:56:55.994+0500][gc,start     ] GC(0) Pause Young (Normal) (G1 Evacuation Pause)
[2020-02-09T19:56:55.995+0500][gc,task      ] GC(0) Using 13 workers of 13 for evacuation
[2020-02-09T19:56:56.002+0500][gc,phases    ] GC(0)   Pre Evacuate Collection Set: 0.0ms
[2020-02-09T19:56:56.002+0500][gc,phases    ] GC(0)   Evacuate Collection Set: 6.8ms
[2020-02-09T19:56:56.002+0500][gc,phases    ] GC(0)   Post Evacuate Collection Set: 0.3ms
[2020-02-09T19:56:56.002+0500][gc,phases    ] GC(0)   Other: 0.8ms
[2020-02-09T19:56:56.002+0500][gc,heap      ] GC(0) Eden regions: 51->0(45)
[2020-02-09T19:56:56.002+0500][gc,heap      ] GC(0) Survivor regions: 0->6(7)
[2020-02-09T19:56:56.002+0500][gc,heap      ] GC(0) Old regions: 0->0
[2020-02-09T19:56:56.002+0500][gc,heap      ] GC(0) Archive regions: 2->2
[2020-02-09T19:56:56.002+0500][gc,heap      ] GC(0) Humongous regions: 0->0
[2020-02-09T19:56:56.002+0500][gc,metaspace ] GC(0) Metaspace: 16849K->16849K(1064960K)
[2020-02-09T19:56:56.002+0500][gc           ] GC(0) Pause Young (Normal) (G1 Evacuation Pause) 51M->6M(1024M) 8.115ms
[2020-02-09T19:56:56.003+0500][gc,cpu       ] GC(0) User=0.04s Sys=0.02s Real=0.01s
[2020-02-09T19:56:56.204+0500][gc,start     ] GC(1) Pause Young (Concurrent Start) (Metadata GC Threshold)
[2020-02-09T19:56:56.205+0500][gc,task      ] GC(1) Using 13 workers of 13 for evacuation
[2020-02-09T19:56:56.211+0500][gc,phases    ] GC(1)   Pre Evacuate Collection Set: 0.1ms
[2020-02-09T19:56:56.211+0500][gc,phases    ] GC(1)   Evacuate Collection Set: 5.9ms
[2020-02-09T19:56:56.211+0500][gc,phases    ] GC(1)   Post Evacuate Collection Set: 0.3ms
[2020-02-09T19:56:56.211+0500][gc,phases    ] GC(1)   Other: 0.3ms
[2020-02-09T19:56:56.211+0500][gc,heap      ] GC(1) Eden regions: 15->0(50)
[2020-02-09T19:56:56.211+0500][gc,heap      ] GC(1) Survivor regions: 6->1(7)
[2020-02-09T19:56:56.211+0500][gc,heap      ] GC(1) Old regions: 0->6
[2020-02-09T19:56:56.211+0500][gc,heap      ] GC(1) Archive regions: 2->2
[2020-02-09T19:56:56.211+0500][gc,heap      ] GC(1) Humongous regions: 0->0
[2020-02-09T19:56:56.211+0500][gc,metaspace ] GC(1) Metaspace: 20563K->20563K(1067008K)
[2020-02-09T19:56:56.211+0500][gc           ] GC(1) Pause Young (Concurrent Start) (Metadata GC Threshold) 21M->7M(1024M) 6.767ms
[2020-02-09T19:56:56.211+0500][gc,cpu       ] GC(1) User=0.02s Sys=0.00s Real=0.01s
[2020-02-09T19:56:56.211+0500][gc           ] GC(2) Concurrent Cycle
[2020-02-09T19:56:56.211+0500][gc,marking   ] GC(2) Concurrent Clear Claimed Marks
[2020-02-09T19:56:56.211+0500][gc,marking   ] GC(2) Concurrent Clear Claimed Marks 0.031ms
[2020-02-09T19:56:56.211+0500][gc,marking   ] GC(2) Concurrent Scan Root Regions
[2020-02-09T19:56:56.213+0500][gc,marking   ] GC(2) Concurrent Scan Root Regions 1.938ms
[2020-02-09T19:56:56.213+0500][gc,marking   ] GC(2) Concurrent Mark (1.275s)
[2020-02-09T19:56:56.213+0500][gc,marking   ] GC(2) Concurrent Mark From Roots
[2020-02-09T19:56:56.213+0500][gc,task      ] GC(2) Using 3 workers of 3 for marking
[2020-02-09T19:56:56.215+0500][gc,marking   ] GC(2) Concurrent Mark From Roots 1.191ms
[2020-02-09T19:56:56.215+0500][gc,marking   ] GC(2) Concurrent Preclean
[2020-02-09T19:56:56.215+0500][gc,marking   ] GC(2) Concurrent Preclean 0.041ms
[2020-02-09T19:56:56.215+0500][gc,marking   ] GC(2) Concurrent Mark (1.275s, 1.276s) 1.289ms
[2020-02-09T19:56:56.215+0500][gc,start     ] GC(2) Pause Remark
[2020-02-09T19:56:56.215+0500][gc           ] GC(2) Pause Remark 8M->8M(1024M) 0.686ms
[2020-02-09T19:56:56.215+0500][gc,cpu       ] GC(2) User=0.00s Sys=0.00s Real=0.00s
[2020-02-09T19:56:56.216+0500][gc,marking   ] GC(2) Concurrent Rebuild Remembered Sets
[2020-02-09T19:56:56.217+0500][gc,marking   ] GC(2) Concurrent Rebuild Remembered Sets 1.478ms
[2020-02-09T19:56:56.217+0500][gc,start     ] GC(2) Pause Cleanup
[2020-02-09T19:56:56.218+0500][gc           ] GC(2) Pause Cleanup 8M->8M(1024M) 0.117ms
[2020-02-09T19:56:56.218+0500][gc,cpu       ] GC(2) User=0.00s Sys=0.00s Real=0.00s
[2020-02-09T19:56:56.218+0500][gc,marking   ] GC(2) Concurrent Cleanup for Next Mark
[2020-02-09T19:56:56.223+0500][gc,marking   ] GC(2) Concurrent Cleanup for Next Mark 5.818ms
[2020-02-09T19:56:56.224+0500][gc           ] GC(2) Concurrent Cycle 12.212ms
[2020-02-09T20:00:57.235+0500][gc,start     ] GC(3) Pause Young (Normal) (G1 Evacuation Pause)
[2020-02-09T20:00:57.235+0500][gc,task      ] GC(3) Using 13 workers of 13 for evacuation
[2020-02-09T20:00:57.239+0500][gc,phases    ] GC(3)   Pre Evacuate Collection Set: 0.1ms
[2020-02-09T20:00:57.239+0500][gc,phases    ] GC(3)   Evacuate Collection Set: 3.0ms
[2020-02-09T20:00:57.239+0500][gc,phases    ] GC(3)   Post Evacuate Collection Set: 0.5ms
[2020-02-09T20:00:57.239+0500][gc,phases    ] GC(3)   Other: 1.2ms
[2020-02-09T20:00:57.239+0500][gc,heap      ] GC(3) Eden regions: 50->0(46)
[2020-02-09T20:00:57.239+0500][gc,heap      ] GC(3) Survivor regions: 1->5(7)
[2020-02-09T20:00:57.239+0500][gc,heap      ] GC(3) Old regions: 6->6
[2020-02-09T20:00:57.239+0500][gc,heap      ] GC(3) Archive regions: 2->2
[2020-02-09T20:00:57.239+0500][gc,heap      ] GC(3) Humongous regions: 129->129
[2020-02-09T20:00:57.239+0500][gc,metaspace ] GC(3) Metaspace: 29704K->29704K(1075200K)
[2020-02-09T20:00:57.240+0500][gc           ] GC(3) Pause Young (Normal) (G1 Evacuation Pause) 186M->139M(1024M) 4.950ms
[2020-02-09T20:00:57.240+0500][gc,cpu       ] GC(3) User=0.04s Sys=0.00s Real=0.01s
[2020-02-09T20:09:51.708+0500][gc,heap,exit ] Heap
[2020-02-09T20:09:51.709+0500][gc,heap,exit ]  garbage-first heap   total 1048576K, used 175092K [0x00000007c0000000, 0x0000000800000000)
[2020-02-09T20:09:51.709+0500][gc,heap,exit ]   region size 1024K, 38 young (38912K), 5 survivors (5120K)
[2020-02-09T20:09:51.709+0500][gc,heap,exit ]  Metaspace       used 32110K, capacity 33821K, committed 33968K, reserved 1077248K
[2020-02-09T20:09:51.709+0500][gc,heap,exit ]   class space    used 4537K, capacity 5364K, committed 5376K, reserved 1048576K
