[2020-02-19T18:31:40.111+0500][gc,heap] Heap region size: 1M
[2020-02-19T18:31:40.121+0500][gc     ] Using G1
[2020-02-19T18:31:40.121+0500][gc,heap,coops] Heap address: 0x00000007c0000000, size: 1024 MB, Compressed Oops mode: Zero based, Oop shift amount: 3
[2020-02-19T18:31:40.121+0500][gc,cds       ] Mark closed archive regions in map: [0x00000007fff00000, 0x00000007fff76ff8]
[2020-02-19T18:31:40.121+0500][gc,cds       ] Mark open archive regions in map: [0x00000007ffe00000, 0x00000007ffe46ff8]
[2020-02-19T18:31:40.138+0500][gc           ] Periodic GC disabled
[2020-02-19T18:31:41.364+0500][gc,start     ] GC(0) Pause Young (Normal) (G1 Evacuation Pause)
[2020-02-19T18:31:41.364+0500][gc,task      ] GC(0) Using 13 workers of 13 for evacuation
[2020-02-19T18:31:41.375+0500][gc,phases    ] GC(0)   Pre Evacuate Collection Set: 0.1ms
[2020-02-19T18:31:41.376+0500][gc,phases    ] GC(0)   Evacuate Collection Set: 9.2ms
[2020-02-19T18:31:41.376+0500][gc,phases    ] GC(0)   Post Evacuate Collection Set: 1.4ms
[2020-02-19T18:31:41.376+0500][gc,phases    ] GC(0)   Other: 1.1ms
[2020-02-19T18:31:41.376+0500][gc,heap      ] GC(0) Eden regions: 51->0(45)
[2020-02-19T18:31:41.376+0500][gc,heap      ] GC(0) Survivor regions: 0->6(7)
[2020-02-19T18:31:41.376+0500][gc,heap      ] GC(0) Old regions: 0->0
[2020-02-19T18:31:41.376+0500][gc,heap      ] GC(0) Archive regions: 2->2
[2020-02-19T18:31:41.376+0500][gc,heap      ] GC(0) Humongous regions: 0->0
[2020-02-19T18:31:41.376+0500][gc,metaspace ] GC(0) Metaspace: 16683K->16683K(1064960K)
[2020-02-19T18:31:41.376+0500][gc           ] GC(0) Pause Young (Normal) (G1 Evacuation Pause) 51M->6M(1024M) 12.092ms
[2020-02-19T18:31:41.376+0500][gc,cpu       ] GC(0) User=0.05s Sys=0.02s Real=0.01s
[2020-02-19T18:31:42.039+0500][gc,start     ] GC(1) Pause Young (Concurrent Start) (Metadata GC Threshold)
[2020-02-19T18:31:42.039+0500][gc,task      ] GC(1) Using 13 workers of 13 for evacuation
[2020-02-19T18:31:42.049+0500][gc,phases    ] GC(1)   Pre Evacuate Collection Set: 0.1ms
[2020-02-19T18:31:42.049+0500][gc,phases    ] GC(1)   Evacuate Collection Set: 9.3ms
[2020-02-19T18:31:42.049+0500][gc,phases    ] GC(1)   Post Evacuate Collection Set: 0.9ms
[2020-02-19T18:31:42.049+0500][gc,phases    ] GC(1)   Other: 0.6ms
[2020-02-19T18:31:42.050+0500][gc,heap      ] GC(1) Eden regions: 17->0(49)
[2020-02-19T18:31:42.050+0500][gc,heap      ] GC(1) Survivor regions: 6->2(7)
[2020-02-19T18:31:42.050+0500][gc,heap      ] GC(1) Old regions: 0->6
[2020-02-19T18:31:42.050+0500][gc,heap      ] GC(1) Archive regions: 2->2
[2020-02-19T18:31:42.050+0500][gc,heap      ] GC(1) Humongous regions: 129->129
[2020-02-19T18:31:42.050+0500][gc,metaspace ] GC(1) Metaspace: 20538K->20538K(1067008K)
[2020-02-19T18:31:42.050+0500][gc           ] GC(1) Pause Young (Concurrent Start) (Metadata GC Threshold) 152M->136M(1024M) 11.076ms
[2020-02-19T18:31:42.050+0500][gc,cpu       ] GC(1) User=0.03s Sys=0.01s Real=0.02s
[2020-02-19T18:31:42.050+0500][gc           ] GC(2) Concurrent Cycle
[2020-02-19T18:31:42.050+0500][gc,marking   ] GC(2) Concurrent Clear Claimed Marks
[2020-02-19T18:31:42.050+0500][gc,marking   ] GC(2) Concurrent Clear Claimed Marks 0.095ms
[2020-02-19T18:31:42.050+0500][gc,marking   ] GC(2) Concurrent Scan Root Regions
[2020-02-19T18:31:42.053+0500][gc,marking   ] GC(2) Concurrent Scan Root Regions 3.096ms
[2020-02-19T18:31:42.053+0500][gc,marking   ] GC(2) Concurrent Mark (1.955s)
[2020-02-19T18:31:42.053+0500][gc,marking   ] GC(2) Concurrent Mark From Roots
[2020-02-19T18:31:42.053+0500][gc,task      ] GC(2) Using 3 workers of 3 for marking
[2020-02-19T18:31:42.055+0500][gc,marking   ] GC(2) Concurrent Mark From Roots 1.925ms
[2020-02-19T18:31:42.055+0500][gc,marking   ] GC(2) Concurrent Preclean
[2020-02-19T18:31:42.055+0500][gc,marking   ] GC(2) Concurrent Preclean 0.397ms
[2020-02-19T18:31:42.055+0500][gc,marking   ] GC(2) Concurrent Mark (1.955s, 1.957s) 2.403ms
[2020-02-19T18:31:42.056+0500][gc,start     ] GC(2) Pause Remark
[2020-02-19T18:31:42.057+0500][gc           ] GC(2) Pause Remark 137M->137M(1024M) 1.375ms
[2020-02-19T18:31:42.062+0500][gc,cpu       ] GC(2) User=0.00s Sys=0.00s Real=0.01s
[2020-02-19T18:31:42.062+0500][gc,marking   ] GC(2) Concurrent Rebuild Remembered Sets
[2020-02-19T18:31:42.064+0500][gc,marking   ] GC(2) Concurrent Rebuild Remembered Sets 2.293ms
[2020-02-19T18:31:42.065+0500][gc,start     ] GC(2) Pause Cleanup
[2020-02-19T18:31:42.065+0500][gc           ] GC(2) Pause Cleanup 137M->137M(1024M) 0.125ms
[2020-02-19T18:31:42.065+0500][gc,cpu       ] GC(2) User=0.00s Sys=0.00s Real=0.00s
[2020-02-19T18:31:42.065+0500][gc,marking   ] GC(2) Concurrent Cleanup for Next Mark
[2020-02-19T18:31:42.121+0500][gc,marking   ] GC(2) Concurrent Cleanup for Next Mark 55.959ms
[2020-02-19T18:31:42.121+0500][gc           ] GC(2) Concurrent Cycle 71.416ms
[2020-02-19T18:32:12.040+0500][gc,heap,exit ] Heap
[2020-02-19T18:32:12.040+0500][gc,heap,exit ]  garbage-first heap   total 1048576K, used 180203K [0x00000007c0000000, 0x0000000800000000)
[2020-02-19T18:32:12.040+0500][gc,heap,exit ]   region size 1024K, 43 young (44032K), 2 survivors (2048K)
[2020-02-19T18:32:12.040+0500][gc,heap,exit ]  Metaspace       used 28293K, capacity 29383K, committed 29616K, reserved 1075200K
[2020-02-19T18:32:12.040+0500][gc,heap,exit ]   class space    used 3764K, capacity 4251K, committed 4352K, reserved 1048576K
