[2020-02-19T18:29:43.112+0500][gc,heap] Heap region size: 1M
[2020-02-19T18:29:43.112+0500][gc,heap] Heap region size: 1M
[2020-02-19T18:29:43.112+0500][gc,heap] Heap region size: 1M
[2020-02-19T18:29:43.123+0500][gc     ] Using G1
[2020-02-19T18:29:43.123+0500][gc,heap,coops] Heap address: 0x00000007c0000000, size: 1024 MB, Compressed Oops mode: Zero based, Oop shift amount: 3
[2020-02-19T18:29:43.123+0500][gc     ] Using G1
[2020-02-19T18:29:43.123+0500][gc,heap,coops] Heap address: 0x00000007c0000000, size: 1024 MB, Compressed Oops mode: Zero based, Oop shift amount: 3
[2020-02-19T18:29:43.123+0500][gc     ] Using G1
[2020-02-19T18:29:43.123+0500][gc,heap,coops] Heap address: 0x00000007c0000000, size: 1024 MB, Compressed Oops mode: Zero based, Oop shift amount: 3
[2020-02-19T18:29:43.123+0500][gc,cds       ] Mark closed archive regions in map: [0x00000007fff00000, 0x00000007fff76ff8]
[2020-02-19T18:29:43.123+0500][gc,cds       ] Mark open archive regions in map: [0x00000007ffe00000, 0x00000007ffe46ff8]
[2020-02-19T18:29:43.123+0500][gc,cds       ] Mark closed archive regions in map: [0x00000007fff00000, 0x00000007fff76ff8]
[2020-02-19T18:29:43.123+0500][gc,cds       ] Mark open archive regions in map: [0x00000007ffe00000, 0x00000007ffe46ff8]
[2020-02-19T18:29:43.123+0500][gc,cds       ] Mark closed archive regions in map: [0x00000007fff00000, 0x00000007fff76ff8]
[2020-02-19T18:29:43.123+0500][gc,cds       ] Mark open archive regions in map: [0x00000007ffe00000, 0x00000007ffe46ff8]
[2020-02-19T18:29:43.140+0500][gc           ] Periodic GC disabled
[2020-02-19T18:29:43.140+0500][gc           ] Periodic GC disabled
[2020-02-19T18:29:43.140+0500][gc           ] Periodic GC disabled
[2020-02-19T18:29:44.477+0500][gc,start     ] GC(0) Pause Young (Normal) (G1 Evacuation Pause)
[2020-02-19T18:29:44.477+0500][gc,start     ] GC(0) Pause Young (Normal) (G1 Evacuation Pause)
[2020-02-19T18:29:44.477+0500][gc,start     ] GC(0) Pause Young (Normal) (G1 Evacuation Pause)
[2020-02-19T18:29:44.477+0500][gc,task      ] GC(0) Using 13 workers of 13 for evacuation
[2020-02-19T18:29:44.478+0500][gc,task      ] GC(0) Using 13 workers of 13 for evacuation
[2020-02-19T18:29:44.478+0500][gc,task      ] GC(0) Using 13 workers of 13 for evacuation
[2020-02-19T18:29:44.490+0500][gc,phases    ] GC(0)   Pre Evacuate Collection Set: 0.0ms
[2020-02-19T18:29:44.490+0500][gc,phases    ] GC(0)   Evacuate Collection Set: 11.9ms
[2020-02-19T18:29:44.490+0500][gc,phases    ] GC(0)   Post Evacuate Collection Set: 0.6ms
[2020-02-19T18:29:44.490+0500][gc,phases    ] GC(0)   Other: 1.0ms
[2020-02-19T18:29:44.490+0500][gc,heap      ] GC(0) Eden regions: 51->0(45)
[2020-02-19T18:29:44.490+0500][gc,heap      ] GC(0) Survivor regions: 0->6(7)
[2020-02-19T18:29:44.490+0500][gc,heap      ] GC(0) Old regions: 0->0
[2020-02-19T18:29:44.490+0500][gc,heap      ] GC(0) Archive regions: 2->2
[2020-02-19T18:29:44.490+0500][gc,heap      ] GC(0) Humongous regions: 0->0
[2020-02-19T18:29:44.490+0500][gc,metaspace ] GC(0) Metaspace: 16855K->16855K(1064960K)
[2020-02-19T18:29:44.490+0500][gc           ] GC(0) Pause Young (Normal) (G1 Evacuation Pause) 51M->6M(1024M) 13.730ms
[2020-02-19T18:29:44.491+0500][gc,cpu       ] GC(0) User=0.04s Sys=0.02s Real=0.02s
[2020-02-19T18:29:44.492+0500][gc,phases    ] GC(0)   Pre Evacuate Collection Set: 0.1ms
[2020-02-19T18:29:44.492+0500][gc,phases    ] GC(0)   Evacuate Collection Set: 13.0ms
[2020-02-19T18:29:44.492+0500][gc,phases    ] GC(0)   Post Evacuate Collection Set: 0.7ms
[2020-02-19T18:29:44.492+0500][gc,phases    ] GC(0)   Other: 1.1ms
[2020-02-19T18:29:44.492+0500][gc,heap      ] GC(0) Eden regions: 51->0(45)
[2020-02-19T18:29:44.492+0500][gc,heap      ] GC(0) Survivor regions: 0->6(7)
[2020-02-19T18:29:44.492+0500][gc,heap      ] GC(0) Old regions: 0->0
[2020-02-19T18:29:44.492+0500][gc,heap      ] GC(0) Archive regions: 2->2
[2020-02-19T18:29:44.492+0500][gc,heap      ] GC(0) Humongous regions: 0->0
[2020-02-19T18:29:44.492+0500][gc,metaspace ] GC(0) Metaspace: 16856K->16856K(1064960K)
[2020-02-19T18:29:44.492+0500][gc           ] GC(0) Pause Young (Normal) (G1 Evacuation Pause) 51M->6M(1024M) 15.120ms
[2020-02-19T18:29:44.492+0500][gc,phases    ] GC(0)   Pre Evacuate Collection Set: 0.1ms
[2020-02-19T18:29:44.492+0500][gc,cpu       ] GC(0) User=0.05s Sys=0.02s Real=0.02s
[2020-02-19T18:29:44.492+0500][gc,phases    ] GC(0)   Evacuate Collection Set: 13.8ms
[2020-02-19T18:29:44.492+0500][gc,phases    ] GC(0)   Post Evacuate Collection Set: 0.6ms
[2020-02-19T18:29:44.493+0500][gc,phases    ] GC(0)   Other: 1.0ms
[2020-02-19T18:29:44.493+0500][gc,heap      ] GC(0) Eden regions: 51->0(45)
[2020-02-19T18:29:44.493+0500][gc,heap      ] GC(0) Survivor regions: 0->6(7)
[2020-02-19T18:29:44.493+0500][gc,heap      ] GC(0) Old regions: 0->0
[2020-02-19T18:29:44.493+0500][gc,heap      ] GC(0) Archive regions: 2->2
[2020-02-19T18:29:44.493+0500][gc,heap      ] GC(0) Humongous regions: 0->0
[2020-02-19T18:29:44.493+0500][gc,metaspace ] GC(0) Metaspace: 16849K->16849K(1064960K)
[2020-02-19T18:29:44.493+0500][gc           ] GC(0) Pause Young (Normal) (G1 Evacuation Pause) 51M->6M(1024M) 15.706ms
[2020-02-19T18:29:44.493+0500][gc,cpu       ] GC(0) User=0.05s Sys=0.02s Real=0.02s
[2020-02-19T18:29:47.650+0500][gc,heap,exit ] Heap
[2020-02-19T18:29:47.650+0500][gc,heap,exit ]  garbage-first heap   total 1048576K, used 17078K [0x00000007c0000000, 0x0000000800000000)
[2020-02-19T18:29:47.650+0500][gc,heap,exit ]   region size 1024K, 17 young (17408K), 6 survivors (6144K)
[2020-02-19T18:29:47.650+0500][gc,heap,exit ] Heap
[2020-02-19T18:29:47.650+0500][gc,heap,exit ]  Metaspace       used 19467K, capacity 20090K, committed 20352K, reserved 1067008K
[2020-02-19T18:29:47.650+0500][gc,heap,exit ]  garbage-first heap   total 1048576K, used 17068K [0x00000007c0000000, 0x0000000800000000)
[2020-02-19T18:29:47.650+0500][gc,heap,exit ]   class space    used 2693K, capacity 2911K, committed 2944K, reserved 1048576K
[2020-02-19T18:29:47.650+0500][gc,heap,exit ]   region size 1024K, 17 young (17408K), 6 survivors (6144K)
[2020-02-19T18:29:47.650+0500][gc,heap,exit ]  Metaspace       used 19467K, capacity 20090K, committed 20352K, reserved 1067008K
[2020-02-19T18:29:47.650+0500][gc,heap,exit ]   class space    used 2693K, capacity 2911K, committed 2944K, reserved 1048576K
[2020-02-19T18:29:47.652+0500][gc,heap,exit ] Heap
[2020-02-19T18:29:47.652+0500][gc,heap,exit ]  garbage-first heap   total 1048576K, used 17083K [0x00000007c0000000, 0x0000000800000000)
[2020-02-19T18:29:47.652+0500][gc,heap,exit ]   region size 1024K, 17 young (17408K), 6 survivors (6144K)
[2020-02-19T18:29:47.652+0500][gc,heap,exit ]  Metaspace       used 19466K, capacity 20090K, committed 20352K, reserved 1067008K
[2020-02-19T18:29:47.652+0500][gc,heap,exit ]   class space    used 2693K, capacity 2911K, committed 2944K, reserved 1048576K
