[2020-02-20T20:27:02.344+0500][gc,heap] Heap region size: 1M
[2020-02-20T20:27:02.344+0500][gc,heap] Heap region size: 1M
[2020-02-20T20:27:02.344+0500][gc,heap] Heap region size: 1M
[2020-02-20T20:27:02.354+0500][gc     ] Using G1
[2020-02-20T20:27:02.354+0500][gc     ] Using G1
[2020-02-20T20:27:02.354+0500][gc,heap,coops] Heap address: 0x00000007c0000000, size: 1024 MB, Compressed Oops mode: Zero based, Oop shift amount: 3
[2020-02-20T20:27:02.354+0500][gc     ] Using G1
[2020-02-20T20:27:02.354+0500][gc,heap,coops] Heap address: 0x00000007c0000000, size: 1024 MB, Compressed Oops mode: Zero based, Oop shift amount: 3
[2020-02-20T20:27:02.354+0500][gc,heap,coops] Heap address: 0x00000007c0000000, size: 1024 MB, Compressed Oops mode: Zero based, Oop shift amount: 3
[2020-02-20T20:27:02.355+0500][gc,cds       ] Mark closed archive regions in map: [0x00000007fff00000, 0x00000007fff76ff8]
[2020-02-20T20:27:02.355+0500][gc,cds       ] Mark closed archive regions in map: [0x00000007fff00000, 0x00000007fff76ff8]
[2020-02-20T20:27:02.355+0500][gc,cds       ] Mark closed archive regions in map: [0x00000007fff00000, 0x00000007fff76ff8]
[2020-02-20T20:27:02.355+0500][gc,cds       ] Mark open archive regions in map: [0x00000007ffe00000, 0x00000007ffe46ff8]
[2020-02-20T20:27:02.355+0500][gc,cds       ] Mark open archive regions in map: [0x00000007ffe00000, 0x00000007ffe46ff8]
[2020-02-20T20:27:02.355+0500][gc,cds       ] Mark open archive regions in map: [0x00000007ffe00000, 0x00000007ffe46ff8]
[2020-02-20T20:27:02.372+0500][gc           ] Periodic GC disabled
[2020-02-20T20:27:02.372+0500][gc           ] Periodic GC disabled
[2020-02-20T20:27:02.372+0500][gc           ] Periodic GC disabled
[2020-02-20T20:27:03.768+0500][gc,start     ] GC(0) Pause Young (Normal) (G1 Evacuation Pause)
[2020-02-20T20:27:03.768+0500][gc,start     ] GC(0) Pause Young (Normal) (G1 Evacuation Pause)
[2020-02-20T20:27:03.769+0500][gc,start     ] GC(0) Pause Young (Normal) (G1 Evacuation Pause)
[2020-02-20T20:27:03.769+0500][gc,task      ] GC(0) Using 13 workers of 13 for evacuation
[2020-02-20T20:27:03.769+0500][gc,task      ] GC(0) Using 13 workers of 13 for evacuation
[2020-02-20T20:27:03.769+0500][gc,task      ] GC(0) Using 13 workers of 13 for evacuation
[2020-02-20T20:27:03.782+0500][gc,phases    ] GC(0)   Pre Evacuate Collection Set: 0.1ms
[2020-02-20T20:27:03.782+0500][gc,phases    ] GC(0)   Pre Evacuate Collection Set: 0.1ms
[2020-02-20T20:27:03.782+0500][gc,phases    ] GC(0)   Pre Evacuate Collection Set: 0.1ms
[2020-02-20T20:27:03.783+0500][gc,phases    ] GC(0)   Evacuate Collection Set: 11.8ms
[2020-02-20T20:27:03.783+0500][gc,phases    ] GC(0)   Evacuate Collection Set: 11.8ms
[2020-02-20T20:27:03.783+0500][gc,phases    ] GC(0)   Post Evacuate Collection Set: 0.6ms
[2020-02-20T20:27:03.783+0500][gc,phases    ] GC(0)   Evacuate Collection Set: 11.2ms
[2020-02-20T20:27:03.783+0500][gc,phases    ] GC(0)   Post Evacuate Collection Set: 0.6ms
[2020-02-20T20:27:03.783+0500][gc,phases    ] GC(0)   Post Evacuate Collection Set: 0.7ms
[2020-02-20T20:27:03.783+0500][gc,phases    ] GC(0)   Other: 2.1ms
[2020-02-20T20:27:03.783+0500][gc,heap      ] GC(0) Eden regions: 51->0(45)
[2020-02-20T20:27:03.783+0500][gc,heap      ] GC(0) Survivor regions: 0->6(7)
[2020-02-20T20:27:03.783+0500][gc,heap      ] GC(0) Old regions: 0->0
[2020-02-20T20:27:03.783+0500][gc,phases    ] GC(0)   Other: 2.7ms
[2020-02-20T20:27:03.783+0500][gc,heap      ] GC(0) Archive regions: 2->2
[2020-02-20T20:27:03.783+0500][gc,phases    ] GC(0)   Other: 1.3ms
[2020-02-20T20:27:03.783+0500][gc,heap      ] GC(0) Eden regions: 51->0(44)
[2020-02-20T20:27:03.783+0500][gc,heap      ] GC(0) Eden regions: 51->0(45)
[2020-02-20T20:27:03.783+0500][gc,heap      ] GC(0) Survivor regions: 0->7(7)
[2020-02-20T20:27:03.783+0500][gc,heap      ] GC(0) Humongous regions: 0->0
[2020-02-20T20:27:03.783+0500][gc,heap      ] GC(0) Survivor regions: 0->6(7)
[2020-02-20T20:27:03.783+0500][gc,heap      ] GC(0) Old regions: 0->0
[2020-02-20T20:27:03.783+0500][gc,heap      ] GC(0) Old regions: 0->0
[2020-02-20T20:27:03.783+0500][gc,heap      ] GC(0) Archive regions: 2->2
[2020-02-20T20:27:03.783+0500][gc,heap      ] GC(0) Humongous regions: 0->0
[2020-02-20T20:27:03.783+0500][gc,metaspace ] GC(0) Metaspace: 16693K->16693K(1064960K)
[2020-02-20T20:27:03.783+0500][gc,metaspace ] GC(0) Metaspace: 16708K->16708K(1064960K)
[2020-02-20T20:27:03.783+0500][gc           ] GC(0) Pause Young (Normal) (G1 Evacuation Pause) 51M->6M(1024M) 15.702ms
[2020-02-20T20:27:03.783+0500][gc,heap      ] GC(0) Archive regions: 2->2
[2020-02-20T20:27:03.783+0500][gc,cpu       ] GC(0) User=0.04s Sys=0.01s Real=0.02s
[2020-02-20T20:27:03.783+0500][gc,heap      ] GC(0) Humongous regions: 0->0
[2020-02-20T20:27:03.783+0500][gc,metaspace ] GC(0) Metaspace: 16731K->16731K(1064960K)
[2020-02-20T20:27:03.783+0500][gc           ] GC(0) Pause Young (Normal) (G1 Evacuation Pause) 51M->6M(1024M) 15.568ms
[2020-02-20T20:27:03.783+0500][gc           ] GC(0) Pause Young (Normal) (G1 Evacuation Pause) 51M->6M(1024M) 14.808ms
[2020-02-20T20:27:03.783+0500][gc,cpu       ] GC(0) User=0.04s Sys=0.02s Real=0.02s
[2020-02-20T20:27:03.783+0500][gc,cpu       ] GC(0) User=0.04s Sys=0.02s Real=0.02s
[2020-02-20T20:27:04.337+0500][gc,start     ] GC(1) Pause Young (Concurrent Start) (Metadata GC Threshold)
[2020-02-20T20:27:04.337+0500][gc,task      ] GC(1) Using 13 workers of 13 for evacuation
[2020-02-20T20:27:04.337+0500][gc,start     ] GC(1) Pause Young (Concurrent Start) (Metadata GC Threshold)
[2020-02-20T20:27:04.337+0500][gc,task      ] GC(1) Using 13 workers of 13 for evacuation
[2020-02-20T20:27:04.367+0500][gc,mmu       ] GC(1) MMU target violated: 21.0ms (20.0ms/21.0ms)
[2020-02-20T20:27:04.367+0500][gc,phases    ] GC(1)   Pre Evacuate Collection Set: 0.1ms
[2020-02-20T20:27:04.367+0500][gc,phases    ] GC(1)   Evacuate Collection Set: 23.7ms
[2020-02-20T20:27:04.367+0500][gc,phases    ] GC(1)   Post Evacuate Collection Set: 0.5ms
[2020-02-20T20:27:04.367+0500][gc,phases    ] GC(1)   Other: 5.3ms
[2020-02-20T20:27:04.367+0500][gc,heap      ] GC(1) Eden regions: 17->0(49)
[2020-02-20T20:27:04.367+0500][gc,heap      ] GC(1) Survivor regions: 6->2(7)
[2020-02-20T20:27:04.367+0500][gc,heap      ] GC(1) Old regions: 0->6
[2020-02-20T20:27:04.367+0500][gc,heap      ] GC(1) Archive regions: 2->2
[2020-02-20T20:27:04.367+0500][gc,heap      ] GC(1) Humongous regions: 129->129
[2020-02-20T20:27:04.367+0500][gc,metaspace ] GC(1) Metaspace: 20599K->20599K(1067008K)
[2020-02-20T20:27:04.367+0500][gc           ] GC(1) Pause Young (Concurrent Start) (Metadata GC Threshold) 152M->137M(1024M) 29.625ms
[2020-02-20T20:27:04.367+0500][gc,cpu       ] GC(1) User=0.03s Sys=0.01s Real=0.03s
[2020-02-20T20:27:04.367+0500][gc           ] GC(2) Concurrent Cycle
[2020-02-20T20:27:04.369+0500][gc,marking   ] GC(2) Concurrent Clear Claimed Marks
[2020-02-20T20:27:04.369+0500][gc,marking   ] GC(2) Concurrent Clear Claimed Marks 0.067ms
[2020-02-20T20:27:04.369+0500][gc,marking   ] GC(2) Concurrent Scan Root Regions
[2020-02-20T20:27:04.369+0500][gc,mmu       ] GC(1) MMU target violated: 21.0ms (20.0ms/21.0ms)
[2020-02-20T20:27:04.369+0500][gc,phases    ] GC(1)   Pre Evacuate Collection Set: 0.1ms
[2020-02-20T20:27:04.369+0500][gc,phases    ] GC(1)   Evacuate Collection Set: 26.5ms
[2020-02-20T20:27:04.370+0500][gc,phases    ] GC(1)   Post Evacuate Collection Set: 0.5ms
[2020-02-20T20:27:04.370+0500][gc,phases    ] GC(1)   Other: 5.1ms
[2020-02-20T20:27:04.370+0500][gc,heap      ] GC(1) Eden regions: 17->0(49)
[2020-02-20T20:27:04.370+0500][gc,heap      ] GC(1) Survivor regions: 6->2(7)
[2020-02-20T20:27:04.370+0500][gc,heap      ] GC(1) Old regions: 0->6
[2020-02-20T20:27:04.370+0500][gc,heap      ] GC(1) Archive regions: 2->2
[2020-02-20T20:27:04.370+0500][gc,heap      ] GC(1) Humongous regions: 129->129
[2020-02-20T20:27:04.370+0500][gc,metaspace ] GC(1) Metaspace: 20624K->20624K(1067008K)
[2020-02-20T20:27:04.370+0500][gc           ] GC(1) Pause Young (Concurrent Start) (Metadata GC Threshold) 152M->137M(1024M) 32.292ms
[2020-02-20T20:27:04.370+0500][gc,cpu       ] GC(1) User=0.03s Sys=0.01s Real=0.04s
[2020-02-20T20:27:04.371+0500][gc           ] GC(2) Concurrent Cycle
[2020-02-20T20:27:04.371+0500][gc,marking   ] GC(2) Concurrent Clear Claimed Marks
[2020-02-20T20:27:04.371+0500][gc,marking   ] GC(2) Concurrent Clear Claimed Marks 0.053ms
[2020-02-20T20:27:04.371+0500][gc,marking   ] GC(2) Concurrent Scan Root Regions
[2020-02-20T20:27:04.372+0500][gc,marking   ] GC(2) Concurrent Scan Root Regions 3.091ms
[2020-02-20T20:27:04.373+0500][gc,marking   ] GC(2) Concurrent Mark (2.038s)
[2020-02-20T20:27:04.373+0500][gc,marking   ] GC(2) Concurrent Mark From Roots
[2020-02-20T20:27:04.373+0500][gc,task      ] GC(2) Using 3 workers of 3 for marking
[2020-02-20T20:27:04.374+0500][gc,marking   ] GC(2) Concurrent Scan Root Regions 2.284ms
[2020-02-20T20:27:04.374+0500][gc,marking   ] GC(2) Concurrent Mark (2.040s)
[2020-02-20T20:27:04.374+0500][gc,marking   ] GC(2) Concurrent Mark From Roots
[2020-02-20T20:27:04.374+0500][gc,task      ] GC(2) Using 3 workers of 3 for marking
[2020-02-20T20:27:04.377+0500][gc,marking   ] GC(2) Concurrent Mark From Roots 3.801ms
[2020-02-20T20:27:04.377+0500][gc,marking   ] GC(2) Concurrent Preclean
[2020-02-20T20:27:04.377+0500][gc,marking   ] GC(2) Concurrent Preclean 0.079ms
[2020-02-20T20:27:04.377+0500][gc,marking   ] GC(2) Concurrent Mark (2.038s, 2.044s) 5.347ms
[2020-02-20T20:27:04.377+0500][gc,start     ] GC(2) Pause Remark
[2020-02-20T20:27:04.377+0500][gc,marking   ] GC(2) Concurrent Mark From Roots 3.788ms
[2020-02-20T20:27:04.377+0500][gc,marking   ] GC(2) Concurrent Preclean
[2020-02-20T20:27:04.377+0500][gc,marking   ] GC(2) Concurrent Preclean 0.030ms
[2020-02-20T20:27:04.378+0500][gc,marking   ] GC(2) Concurrent Mark (2.040s, 2.044s) 3.871ms
[2020-02-20T20:27:04.380+0500][gc           ] GC(2) Pause Remark 137M->137M(1024M) 2.214ms
[2020-02-20T20:27:04.380+0500][gc,cpu       ] GC(2) User=0.01s Sys=0.00s Real=0.01s
[2020-02-20T20:27:04.380+0500][gc,marking   ] GC(2) Concurrent Rebuild Remembered Sets
[2020-02-20T20:27:04.380+0500][gc,start     ] GC(2) Pause Remark
[2020-02-20T20:27:04.381+0500][gc           ] GC(2) Pause Remark 137M->137M(1024M) 0.891ms
[2020-02-20T20:27:04.381+0500][gc,cpu       ] GC(2) User=0.01s Sys=0.00s Real=0.00s
[2020-02-20T20:27:04.381+0500][gc,marking   ] GC(2) Concurrent Rebuild Remembered Sets
[2020-02-20T20:27:04.384+0500][gc,marking   ] GC(2) Concurrent Rebuild Remembered Sets 3.169ms
[2020-02-20T20:27:04.384+0500][gc,marking   ] GC(2) Concurrent Rebuild Remembered Sets 4.213ms
[2020-02-20T20:27:04.385+0500][gc,start     ] GC(2) Pause Cleanup
[2020-02-20T20:27:04.385+0500][gc,start     ] GC(2) Pause Cleanup
[2020-02-20T20:27:04.385+0500][gc           ] GC(2) Pause Cleanup 137M->137M(1024M) 0.214ms
[2020-02-20T20:27:04.385+0500][gc           ] GC(2) Pause Cleanup 137M->137M(1024M) 0.180ms
[2020-02-20T20:27:04.385+0500][gc,cpu       ] GC(2) User=0.00s Sys=0.00s Real=0.00s
[2020-02-20T20:27:04.385+0500][gc,cpu       ] GC(2) User=0.00s Sys=0.00s Real=0.00s
[2020-02-20T20:27:04.385+0500][gc,marking   ] GC(2) Concurrent Cleanup for Next Mark
[2020-02-20T20:27:04.385+0500][gc,marking   ] GC(2) Concurrent Cleanup for Next Mark
[2020-02-20T20:27:04.475+0500][gc,start     ] GC(1) Pause Young (Concurrent Start) (Metadata GC Threshold)
[2020-02-20T20:27:04.475+0500][gc,task      ] GC(1) Using 13 workers of 13 for evacuation
[2020-02-20T20:27:04.483+0500][gc,marking   ] GC(2) Concurrent Cleanup for Next Mark 97.854ms
[2020-02-20T20:27:04.483+0500][gc           ] GC(2) Concurrent Cycle 111.759ms
[2020-02-20T20:27:04.493+0500][gc,marking   ] GC(2) Concurrent Cleanup for Next Mark 108.197ms
[2020-02-20T20:27:04.493+0500][gc           ] GC(2) Concurrent Cycle 126.401ms
[2020-02-20T20:27:04.519+0500][gc,mmu       ] GC(1) MMU target violated: 21.0ms (20.0ms/21.0ms)
[2020-02-20T20:27:04.519+0500][gc,phases    ] GC(1)   Pre Evacuate Collection Set: 0.1ms
[2020-02-20T20:27:04.519+0500][gc,phases    ] GC(1)   Evacuate Collection Set: 39.3ms
[2020-02-20T20:27:04.519+0500][gc,phases    ] GC(1)   Post Evacuate Collection Set: 0.5ms
[2020-02-20T20:27:04.519+0500][gc,phases    ] GC(1)   Other: 3.8ms
[2020-02-20T20:27:04.520+0500][gc,heap      ] GC(1) Eden regions: 18->0(49)
[2020-02-20T20:27:04.520+0500][gc,heap      ] GC(1) Survivor regions: 7->2(7)
[2020-02-20T20:27:04.520+0500][gc,heap      ] GC(1) Old regions: 0->6
[2020-02-20T20:27:04.520+0500][gc,heap      ] GC(1) Archive regions: 2->2
[2020-02-20T20:27:04.520+0500][gc,heap      ] GC(1) Humongous regions: 129->129
[2020-02-20T20:27:04.520+0500][gc,metaspace ] GC(1) Metaspace: 20577K->20577K(1067008K)
[2020-02-20T20:27:04.520+0500][gc           ] GC(1) Pause Young (Concurrent Start) (Metadata GC Threshold) 153M->137M(1024M) 44.632ms
[2020-02-20T20:27:04.520+0500][gc,cpu       ] GC(1) User=0.02s Sys=0.01s Real=0.05s
[2020-02-20T20:27:04.520+0500][gc           ] GC(2) Concurrent Cycle
[2020-02-20T20:27:04.520+0500][gc,marking   ] GC(2) Concurrent Clear Claimed Marks
[2020-02-20T20:27:04.520+0500][gc,marking   ] GC(2) Concurrent Clear Claimed Marks 0.050ms
[2020-02-20T20:27:04.520+0500][gc,marking   ] GC(2) Concurrent Scan Root Regions
[2020-02-20T20:27:04.523+0500][gc,marking   ] GC(2) Concurrent Scan Root Regions 2.474ms
[2020-02-20T20:27:04.523+0500][gc,marking   ] GC(2) Concurrent Mark (2.189s)
[2020-02-20T20:27:04.523+0500][gc,marking   ] GC(2) Concurrent Mark From Roots
[2020-02-20T20:27:04.523+0500][gc,task      ] GC(2) Using 3 workers of 3 for marking
[2020-02-20T20:27:04.527+0500][gc,marking   ] GC(2) Concurrent Mark From Roots 4.009ms
[2020-02-20T20:27:04.527+0500][gc,marking   ] GC(2) Concurrent Preclean
[2020-02-20T20:27:04.527+0500][gc,marking   ] GC(2) Concurrent Preclean 0.244ms
[2020-02-20T20:27:04.527+0500][gc,marking   ] GC(2) Concurrent Mark (2.189s, 2.194s) 4.368ms
[2020-02-20T20:27:04.527+0500][gc,start     ] GC(2) Pause Remark
[2020-02-20T20:27:04.530+0500][gc           ] GC(2) Pause Remark 137M->137M(1024M) 2.504ms
[2020-02-20T20:27:04.530+0500][gc,cpu       ] GC(2) User=0.00s Sys=0.00s Real=0.01s
[2020-02-20T20:27:04.530+0500][gc,marking   ] GC(2) Concurrent Rebuild Remembered Sets
[2020-02-20T20:27:04.532+0500][gc,marking   ] GC(2) Concurrent Rebuild Remembered Sets 1.826ms
[2020-02-20T20:27:04.532+0500][gc,start     ] GC(2) Pause Cleanup
[2020-02-20T20:27:04.533+0500][gc           ] GC(2) Pause Cleanup 137M->137M(1024M) 0.287ms
[2020-02-20T20:27:04.533+0500][gc,cpu       ] GC(2) User=0.00s Sys=0.00s Real=0.00s
[2020-02-20T20:27:04.533+0500][gc,marking   ] GC(2) Concurrent Cleanup for Next Mark
[2020-02-20T20:27:04.576+0500][gc,marking   ] GC(2) Concurrent Cleanup for Next Mark 43.487ms
[2020-02-20T20:27:04.576+0500][gc           ] GC(2) Concurrent Cycle 56.038ms
[2020-02-20T20:35:17.816+0500][gc,start     ] GC(3) Pause Young (Normal) (G1 Evacuation Pause)
[2020-02-20T20:35:17.817+0500][gc,task      ] GC(3) Using 13 workers of 13 for evacuation
[2020-02-20T20:35:17.821+0500][gc,phases    ] GC(3)   Pre Evacuate Collection Set: 0.1ms
[2020-02-20T20:35:17.821+0500][gc,phases    ] GC(3)   Evacuate Collection Set: 3.3ms
[2020-02-20T20:35:17.821+0500][gc,phases    ] GC(3)   Post Evacuate Collection Set: 0.4ms
[2020-02-20T20:35:17.821+0500][gc,phases    ] GC(3)   Other: 1.4ms
[2020-02-20T20:35:17.821+0500][gc,heap      ] GC(3) Eden regions: 49->0(46)
[2020-02-20T20:35:17.821+0500][gc,heap      ] GC(3) Survivor regions: 2->5(7)
[2020-02-20T20:35:17.821+0500][gc,heap      ] GC(3) Old regions: 6->6
[2020-02-20T20:35:17.821+0500][gc,heap      ] GC(3) Archive regions: 2->2
[2020-02-20T20:35:17.821+0500][gc,heap      ] GC(3) Humongous regions: 129->129
[2020-02-20T20:35:17.821+0500][gc,metaspace ] GC(3) Metaspace: 28966K->28966K(1075200K)
[2020-02-20T20:35:17.821+0500][gc           ] GC(3) Pause Young (Normal) (G1 Evacuation Pause) 186M->140M(1024M) 5.301ms
[2020-02-20T20:35:17.821+0500][gc,cpu       ] GC(3) User=0.03s Sys=0.01s Real=0.01s
[2020-02-20T20:36:59.969+0500][gc,start     ] GC(3) Pause Young (Normal) (G1 Evacuation Pause)
[2020-02-20T20:36:59.969+0500][gc,task      ] GC(3) Using 13 workers of 13 for evacuation
[2020-02-20T20:36:59.972+0500][gc,phases    ] GC(3)   Pre Evacuate Collection Set: 0.0ms
[2020-02-20T20:36:59.972+0500][gc,phases    ] GC(3)   Evacuate Collection Set: 1.9ms
[2020-02-20T20:36:59.972+0500][gc,phases    ] GC(3)   Post Evacuate Collection Set: 0.4ms
[2020-02-20T20:36:59.972+0500][gc,phases    ] GC(3)   Other: 0.5ms
[2020-02-20T20:36:59.972+0500][gc,heap      ] GC(3) Eden regions: 49->0(46)
[2020-02-20T20:36:59.972+0500][gc,heap      ] GC(3) Survivor regions: 2->5(7)
[2020-02-20T20:36:59.972+0500][gc,heap      ] GC(3) Old regions: 6->6
[2020-02-20T20:36:59.972+0500][gc,heap      ] GC(3) Archive regions: 2->2
[2020-02-20T20:36:59.972+0500][gc,heap      ] GC(3) Humongous regions: 129->129
[2020-02-20T20:36:59.972+0500][gc,metaspace ] GC(3) Metaspace: 29161K->29161K(1075200K)
[2020-02-20T20:36:59.972+0500][gc           ] GC(3) Pause Young (Normal) (G1 Evacuation Pause) 186M->140M(1024M) 2.969ms
[2020-02-20T20:36:59.972+0500][gc,cpu       ] GC(3) User=0.02s Sys=0.00s Real=0.01s
[2020-02-20T20:43:04.567+0500][gc,start     ] GC(3) Pause Young (Normal) (G1 Evacuation Pause)
[2020-02-20T20:43:04.567+0500][gc,task      ] GC(3) Using 13 workers of 13 for evacuation
[2020-02-20T20:43:04.570+0500][gc,phases    ] GC(3)   Pre Evacuate Collection Set: 0.1ms
[2020-02-20T20:43:04.570+0500][gc,phases    ] GC(3)   Evacuate Collection Set: 1.8ms
[2020-02-20T20:43:04.570+0500][gc,phases    ] GC(3)   Post Evacuate Collection Set: 0.4ms
[2020-02-20T20:43:04.570+0500][gc,phases    ] GC(3)   Other: 0.6ms
[2020-02-20T20:43:04.570+0500][gc,heap      ] GC(3) Eden regions: 49->0(46)
[2020-02-20T20:43:04.570+0500][gc,heap      ] GC(3) Survivor regions: 2->5(7)
[2020-02-20T20:43:04.570+0500][gc,heap      ] GC(3) Old regions: 6->6
[2020-02-20T20:43:04.570+0500][gc,heap      ] GC(3) Archive regions: 2->2
[2020-02-20T20:43:04.570+0500][gc,heap      ] GC(3) Humongous regions: 129->129
[2020-02-20T20:43:04.570+0500][gc,metaspace ] GC(3) Metaspace: 28349K->28349K(1075200K)
[2020-02-20T20:43:04.570+0500][gc           ] GC(3) Pause Young (Normal) (G1 Evacuation Pause) 186M->139M(1024M) 3.022ms
[2020-02-20T20:43:04.570+0500][gc,cpu       ] GC(3) User=0.02s Sys=0.00s Real=0.01s
[2020-02-20T20:45:04.761+0500][gc,start     ] GC(4) Pause Young (Normal) (G1 Evacuation Pause)
[2020-02-20T20:45:04.762+0500][gc,task      ] GC(4) Using 13 workers of 13 for evacuation
[2020-02-20T20:45:04.765+0500][gc,phases    ] GC(4)   Pre Evacuate Collection Set: 0.0ms
[2020-02-20T20:45:04.765+0500][gc,phases    ] GC(4)   Evacuate Collection Set: 3.0ms
[2020-02-20T20:45:04.765+0500][gc,phases    ] GC(4)   Post Evacuate Collection Set: 0.5ms
[2020-02-20T20:45:04.765+0500][gc,phases    ] GC(4)   Other: 0.9ms
[2020-02-20T20:45:04.765+0500][gc,heap      ] GC(4) Eden regions: 46->0(44)
[2020-02-20T20:45:04.765+0500][gc,heap      ] GC(4) Survivor regions: 5->7(7)
[2020-02-20T20:45:04.765+0500][gc,heap      ] GC(4) Old regions: 6->8
[2020-02-20T20:45:04.765+0500][gc,heap      ] GC(4) Archive regions: 2->2
[2020-02-20T20:45:04.765+0500][gc,heap      ] GC(4) Humongous regions: 129->129
[2020-02-20T20:45:04.765+0500][gc,metaspace ] GC(4) Metaspace: 33222K->33222K(1079296K)
[2020-02-20T20:45:04.765+0500][gc           ] GC(4) Pause Young (Normal) (G1 Evacuation Pause) 186M->142M(1024M) 4.462ms
[2020-02-20T20:45:04.766+0500][gc,cpu       ] GC(4) User=0.03s Sys=0.01s Real=0.00s
[2020-02-20T20:51:40.354+0500][gc,start     ] GC(5) Pause Young (Normal) (G1 Evacuation Pause)
[2020-02-20T20:51:40.355+0500][gc,task      ] GC(5) Using 13 workers of 13 for evacuation
[2020-02-20T20:51:40.359+0500][gc,phases    ] GC(5)   Pre Evacuate Collection Set: 0.0ms
[2020-02-20T20:51:40.359+0500][gc,phases    ] GC(5)   Evacuate Collection Set: 3.5ms
[2020-02-20T20:51:40.359+0500][gc,phases    ] GC(5)   Post Evacuate Collection Set: 0.4ms
[2020-02-20T20:51:40.359+0500][gc,phases    ] GC(5)   Other: 1.1ms
[2020-02-20T20:51:40.359+0500][gc,heap      ] GC(5) Eden regions: 44->0(48)
[2020-02-20T20:51:40.359+0500][gc,heap      ] GC(5) Survivor regions: 7->3(7)
[2020-02-20T20:51:40.359+0500][gc,heap      ] GC(5) Old regions: 8->11
[2020-02-20T20:51:40.359+0500][gc,heap      ] GC(5) Archive regions: 2->2
[2020-02-20T20:51:40.359+0500][gc,heap      ] GC(5) Humongous regions: 129->129
[2020-02-20T20:51:40.359+0500][gc,metaspace ] GC(5) Metaspace: 33330K->33330K(1079296K)
[2020-02-20T20:51:40.359+0500][gc           ] GC(5) Pause Young (Normal) (G1 Evacuation Pause) 186M->143M(1024M) 5.119ms
[2020-02-20T20:51:40.359+0500][gc,cpu       ] GC(5) User=0.04s Sys=0.00s Real=0.00s
[2020-02-20T22:53:53.187+0500][gc,start     ] GC(4) Pause Young (Normal) (G1 Evacuation Pause)
[2020-02-20T22:53:53.187+0500][gc,task      ] GC(4) Using 13 workers of 13 for evacuation
[2020-02-20T22:53:53.224+0500][gc,mmu       ] GC(4) MMU target violated: 21.0ms (20.0ms/21.0ms)
[2020-02-20T22:53:53.224+0500][gc,phases    ] GC(4)   Pre Evacuate Collection Set: 0.1ms
[2020-02-20T22:53:53.224+0500][gc,phases    ] GC(4)   Evacuate Collection Set: 34.3ms
[2020-02-20T22:53:53.224+0500][gc,phases    ] GC(4)   Post Evacuate Collection Set: 0.6ms
[2020-02-20T22:53:53.224+0500][gc,phases    ] GC(4)   Other: 2.7ms
[2020-02-20T22:53:53.224+0500][gc,heap      ] GC(4) Eden regions: 46->0(45)
[2020-02-20T22:53:53.224+0500][gc,heap      ] GC(4) Survivor regions: 5->6(7)
[2020-02-20T22:53:53.224+0500][gc,heap      ] GC(4) Old regions: 6->8
[2020-02-20T22:53:53.224+0500][gc,heap      ] GC(4) Archive regions: 2->2
[2020-02-20T22:53:53.224+0500][gc,heap      ] GC(4) Humongous regions: 129->129
[2020-02-20T22:53:53.224+0500][gc,metaspace ] GC(4) Metaspace: 32709K->32709K(1079296K)
[2020-02-20T22:53:53.224+0500][gc           ] GC(4) Pause Young (Normal) (G1 Evacuation Pause) 186M->142M(1024M) 37.606ms
[2020-02-20T22:53:53.224+0500][gc,cpu       ] GC(4) User=0.04s Sys=0.21s Real=0.04s
[2020-02-21T02:54:26.534+0500][gc,start     ] GC(5) Pause Young (Concurrent Start) (Metadata GC Threshold)
[2020-02-21T02:54:26.539+0500][gc,task      ] GC(5) Using 13 workers of 13 for evacuation
[2020-02-21T02:54:26.696+0500][gc,mmu       ] GC(5) MMU target violated: 21.0ms (20.0ms/21.0ms)
[2020-02-21T02:54:26.696+0500][gc,phases    ] GC(5)   Pre Evacuate Collection Set: 28.5ms
[2020-02-21T02:54:26.696+0500][gc,phases    ] GC(5)   Evacuate Collection Set: 94.8ms
[2020-02-21T02:54:26.696+0500][gc,phases    ] GC(5)   Post Evacuate Collection Set: 17.4ms
[2020-02-21T02:54:26.696+0500][gc,phases    ] GC(5)   Other: 22.1ms
[2020-02-21T02:54:26.697+0500][gc,heap      ] GC(5) Eden regions: 8->0(48)
[2020-02-21T02:54:26.697+0500][gc,heap      ] GC(5) Survivor regions: 6->3(7)
[2020-02-21T02:54:26.697+0500][gc,heap      ] GC(5) Old regions: 8->11
[2020-02-21T02:54:26.697+0500][gc,heap      ] GC(5) Archive regions: 2->2
[2020-02-21T02:54:26.697+0500][gc,heap      ] GC(5) Humongous regions: 129->129
[2020-02-21T02:54:26.697+0500][gc,metaspace ] GC(5) Metaspace: 33814K->33814K(1079296K)
[2020-02-21T02:54:26.698+0500][gc           ] GC(5) Pause Young (Concurrent Start) (Metadata GC Threshold) 150M->142M(1024M) 164.725ms
[2020-02-21T02:54:26.698+0500][gc,cpu       ] GC(5) User=0.06s Sys=0.10s Real=0.16s
[2020-02-21T02:54:26.700+0500][gc           ] GC(6) Concurrent Cycle
[2020-02-21T02:54:26.702+0500][gc,marking   ] GC(6) Concurrent Clear Claimed Marks
[2020-02-21T02:54:26.704+0500][gc,marking   ] GC(6) Concurrent Clear Claimed Marks 2.402ms
[2020-02-21T02:54:26.704+0500][gc,marking   ] GC(6) Concurrent Scan Root Regions
[2020-02-21T02:54:26.734+0500][gc,marking   ] GC(6) Concurrent Scan Root Regions 29.477ms
[2020-02-21T02:54:26.749+0500][gc,marking   ] GC(6) Concurrent Mark (1697.804s)
[2020-02-21T02:54:26.749+0500][gc,marking   ] GC(6) Concurrent Mark From Roots
[2020-02-21T02:54:26.749+0500][gc,task      ] GC(6) Using 3 workers of 3 for marking
[2020-02-21T02:54:26.787+0500][gc,marking   ] GC(6) Concurrent Mark From Roots 38.115ms
[2020-02-21T02:54:26.787+0500][gc,marking   ] GC(6) Concurrent Preclean
[2020-02-21T02:54:26.788+0500][gc,marking   ] GC(6) Concurrent Preclean 0.321ms
[2020-02-21T02:54:26.788+0500][gc,marking   ] GC(6) Concurrent Mark (1697.804s, 1697.843s) 38.610ms
[2020-02-21T02:54:26.788+0500][gc,start     ] GC(6) Pause Remark
[2020-02-21T02:54:26.884+0500][gc,mmu       ] GC(6) MMU target violated: 21.0ms (20.0ms/21.0ms)
[2020-02-21T02:54:26.884+0500][gc           ] GC(6) Pause Remark 143M->143M(1024M) 95.905ms
[2020-02-21T02:54:26.884+0500][gc,cpu       ] GC(6) User=0.03s Sys=0.23s Real=0.10s
[2020-02-21T02:54:26.884+0500][gc,marking   ] GC(6) Concurrent Rebuild Remembered Sets
[2020-02-21T02:54:26.890+0500][gc,marking   ] GC(6) Concurrent Rebuild Remembered Sets 5.572ms
[2020-02-21T02:54:26.903+0500][gc,start     ] GC(6) Pause Cleanup
[2020-02-21T02:54:26.903+0500][gc           ] GC(6) Pause Cleanup 143M->143M(1024M) 0.189ms
[2020-02-21T02:54:26.904+0500][gc,cpu       ] GC(6) User=0.01s Sys=0.00s Real=0.00s
[2020-02-21T02:54:26.904+0500][gc,marking   ] GC(6) Concurrent Cleanup for Next Mark
[2020-02-21T02:54:26.908+0500][gc,marking   ] GC(6) Concurrent Cleanup for Next Mark 4.141ms
[2020-02-21T02:54:26.908+0500][gc           ] GC(6) Concurrent Cycle 208.156ms
[2020-02-21T08:15:12.562+0500][gc,start     ] GC(6) Pause Young (Normal) (G1 Evacuation Pause)
[2020-02-21T08:15:12.563+0500][gc,task      ] GC(6) Using 13 workers of 13 for evacuation
[2020-02-21T08:15:12.591+0500][gc,mmu       ] GC(6) MMU target violated: 21.0ms (20.0ms/21.0ms)
[2020-02-21T08:15:12.591+0500][gc,phases    ] GC(6)   Pre Evacuate Collection Set: 0.0ms
[2020-02-21T08:15:12.591+0500][gc,phases    ] GC(6)   Evacuate Collection Set: 24.6ms
[2020-02-21T08:15:12.591+0500][gc,phases    ] GC(6)   Post Evacuate Collection Set: 1.3ms
[2020-02-21T08:15:12.591+0500][gc,phases    ] GC(6)   Other: 3.9ms
[2020-02-21T08:15:12.591+0500][gc,heap      ] GC(6) Eden regions: 48->0(47)
[2020-02-21T08:15:12.591+0500][gc,heap      ] GC(6) Survivor regions: 3->4(7)
[2020-02-21T08:15:12.591+0500][gc,heap      ] GC(6) Old regions: 11->11
[2020-02-21T08:15:12.591+0500][gc,heap      ] GC(6) Archive regions: 2->2
[2020-02-21T08:15:12.591+0500][gc,heap      ] GC(6) Humongous regions: 129->129
[2020-02-21T08:15:12.591+0500][gc,metaspace ] GC(6) Metaspace: 33803K->33803K(1079296K)
[2020-02-21T08:15:12.592+0500][gc           ] GC(6) Pause Young (Normal) (G1 Evacuation Pause) 191M->143M(1024M) 29.968ms
[2020-02-21T08:15:12.592+0500][gc,cpu       ] GC(6) User=0.02s Sys=0.12s Real=0.03s
[2020-02-21T09:18:52.667+0500][gc,start     ] GC(7) Pause Young (Concurrent Start) (Metadata GC Threshold)
[2020-02-21T09:18:52.667+0500][gc,task      ] GC(7) Using 13 workers of 13 for evacuation
[2020-02-21T09:18:52.672+0500][gc,phases    ] GC(7)   Pre Evacuate Collection Set: 0.4ms
[2020-02-21T09:18:52.672+0500][gc,phases    ] GC(7)   Evacuate Collection Set: 3.6ms
[2020-02-21T09:18:52.672+0500][gc,phases    ] GC(7)   Post Evacuate Collection Set: 0.4ms
[2020-02-21T09:18:52.672+0500][gc,phases    ] GC(7)   Other: 0.6ms
[2020-02-21T09:18:52.672+0500][gc,heap      ] GC(7) Eden regions: 24->0(48)
[2020-02-21T09:18:52.672+0500][gc,heap      ] GC(7) Survivor regions: 4->3(7)
[2020-02-21T09:18:52.672+0500][gc,heap      ] GC(7) Old regions: 11->11
[2020-02-21T09:18:52.672+0500][gc,heap      ] GC(7) Archive regions: 2->2
[2020-02-21T09:18:52.672+0500][gc,heap      ] GC(7) Humongous regions: 129->129
[2020-02-21T09:18:52.672+0500][gc,metaspace ] GC(7) Metaspace: 33842K->33842K(1079296K)
[2020-02-21T09:18:52.672+0500][gc           ] GC(7) Pause Young (Concurrent Start) (Metadata GC Threshold) 166M->142M(1024M) 5.087ms
[2020-02-21T09:18:52.672+0500][gc,cpu       ] GC(7) User=0.02s Sys=0.01s Real=0.01s
[2020-02-21T09:18:52.672+0500][gc           ] GC(8) Concurrent Cycle
[2020-02-21T09:18:52.672+0500][gc,marking   ] GC(8) Concurrent Clear Claimed Marks
[2020-02-21T09:18:52.672+0500][gc,marking   ] GC(8) Concurrent Clear Claimed Marks 0.090ms
[2020-02-21T09:18:52.672+0500][gc,marking   ] GC(8) Concurrent Scan Root Regions
[2020-02-21T09:18:52.674+0500][gc,marking   ] GC(8) Concurrent Scan Root Regions 2.034ms
[2020-02-21T09:18:52.674+0500][gc,marking   ] GC(8) Concurrent Mark (1997.420s)
[2020-02-21T09:18:52.674+0500][gc,marking   ] GC(8) Concurrent Mark From Roots
[2020-02-21T09:18:52.674+0500][gc,task      ] GC(8) Using 3 workers of 3 for marking
[2020-02-21T09:18:52.684+0500][gc,marking   ] GC(8) Concurrent Mark From Roots 10.420ms
[2020-02-21T09:18:52.684+0500][gc,marking   ] GC(8) Concurrent Preclean
[2020-02-21T09:18:52.685+0500][gc,marking   ] GC(8) Concurrent Preclean 0.217ms
[2020-02-21T09:18:52.685+0500][gc,marking   ] GC(8) Concurrent Mark (1997.420s, 1997.431s) 10.729ms
[2020-02-21T09:18:52.685+0500][gc,start     ] GC(8) Pause Remark
[2020-02-21T09:18:52.701+0500][gc           ] GC(8) Pause Remark 143M->143M(1024M) 16.690ms
[2020-02-21T09:18:52.702+0500][gc,cpu       ] GC(8) User=0.02s Sys=0.08s Real=0.02s
[2020-02-21T09:18:52.702+0500][gc,marking   ] GC(8) Concurrent Rebuild Remembered Sets
[2020-02-21T09:18:52.705+0500][gc,marking   ] GC(8) Concurrent Rebuild Remembered Sets 3.327ms
[2020-02-21T09:18:52.705+0500][gc,start     ] GC(8) Pause Cleanup
[2020-02-21T09:18:52.706+0500][gc           ] GC(8) Pause Cleanup 143M->143M(1024M) 0.089ms
[2020-02-21T09:18:52.706+0500][gc,cpu       ] GC(8) User=0.00s Sys=0.00s Real=0.00s
[2020-02-21T09:18:52.706+0500][gc,marking   ] GC(8) Concurrent Cleanup for Next Mark
[2020-02-21T09:18:52.710+0500][gc,marking   ] GC(8) Concurrent Cleanup for Next Mark 4.162ms
[2020-02-21T09:18:52.710+0500][gc           ] GC(8) Concurrent Cycle 38.038ms
[2020-02-21T09:24:19.074+0500][gc,start     ] GC(9) Pause Young (Normal) (G1 Evacuation Pause)
[2020-02-21T09:24:19.074+0500][gc,task      ] GC(9) Using 13 workers of 13 for evacuation
[2020-02-21T09:24:19.079+0500][gc,phases    ] GC(9)   Pre Evacuate Collection Set: 0.0ms
[2020-02-21T09:24:19.079+0500][gc,phases    ] GC(9)   Evacuate Collection Set: 4.2ms
[2020-02-21T09:24:19.079+0500][gc,phases    ] GC(9)   Post Evacuate Collection Set: 0.5ms
[2020-02-21T09:24:19.079+0500][gc,phases    ] GC(9)   Other: 0.2ms
[2020-02-21T09:24:19.079+0500][gc,heap      ] GC(9) Eden regions: 48->0(48)
[2020-02-21T09:24:19.079+0500][gc,heap      ] GC(9) Survivor regions: 3->3(7)
[2020-02-21T09:24:19.079+0500][gc,heap      ] GC(9) Old regions: 11->11
[2020-02-21T09:24:19.079+0500][gc,heap      ] GC(9) Archive regions: 2->2
[2020-02-21T09:24:19.079+0500][gc,heap      ] GC(9) Humongous regions: 129->129
[2020-02-21T09:24:19.079+0500][gc,metaspace ] GC(9) Metaspace: 33819K->33819K(1079296K)
[2020-02-21T09:24:19.079+0500][gc           ] GC(9) Pause Young (Normal) (G1 Evacuation Pause) 190M->142M(1024M) 5.060ms
[2020-02-21T09:24:19.080+0500][gc,cpu       ] GC(9) User=0.03s Sys=0.01s Real=0.01s
[2020-02-21T09:29:45.703+0500][gc,start     ] GC(10) Pause Young (Normal) (G1 Evacuation Pause)
[2020-02-21T09:29:45.703+0500][gc,task      ] GC(10) Using 13 workers of 13 for evacuation
[2020-02-21T09:29:45.705+0500][gc,phases    ] GC(10)   Pre Evacuate Collection Set: 0.0ms
[2020-02-21T09:29:45.705+0500][gc,phases    ] GC(10)   Evacuate Collection Set: 1.4ms
[2020-02-21T09:29:45.705+0500][gc,phases    ] GC(10)   Post Evacuate Collection Set: 0.4ms
[2020-02-21T09:29:45.705+0500][gc,phases    ] GC(10)   Other: 0.2ms
[2020-02-21T09:29:45.705+0500][gc,heap      ] GC(10) Eden regions: 48->0(47)
[2020-02-21T09:29:45.705+0500][gc,heap      ] GC(10) Survivor regions: 3->4(7)
[2020-02-21T09:29:45.705+0500][gc,heap      ] GC(10) Old regions: 11->11
[2020-02-21T09:29:45.705+0500][gc,heap      ] GC(10) Archive regions: 2->2
[2020-02-21T09:29:45.705+0500][gc,heap      ] GC(10) Humongous regions: 129->129
[2020-02-21T09:29:45.705+0500][gc,metaspace ] GC(10) Metaspace: 33889K->33889K(1079296K)
[2020-02-21T09:29:45.705+0500][gc           ] GC(10) Pause Young (Normal) (G1 Evacuation Pause) 190M->143M(1024M) 2.179ms
[2020-02-21T09:29:45.705+0500][gc,cpu       ] GC(10) User=0.02s Sys=0.00s Real=0.00s
[2020-02-21T09:30:02.168+0500][gc,heap,exit ] Heap
[2020-02-21T09:30:02.168+0500][gc,heap,exit ]  garbage-first heap   total 1048576K, used 155931K [0x00000007c0000000, 0x0000000800000000)
[2020-02-21T09:30:02.168+0500][gc,heap,exit ]   region size 1024K, 14 young (14336K), 4 survivors (4096K)
[2020-02-21T09:30:02.168+0500][gc,heap,exit ]  Metaspace       used 34474K, capacity 36628K, committed 36912K, reserved 1081344K
[2020-02-21T09:30:02.168+0500][gc,heap,exit ]   class space    used 4935K, capacity 5961K, committed 6016K, reserved 1048576K
[2020-02-21T09:48:47.029+0500][gc,start     ] GC(4) Pause Young (Normal) (G1 Evacuation Pause)
[2020-02-21T09:48:47.029+0500][gc,task      ] GC(4) Using 13 workers of 13 for evacuation
[2020-02-21T09:48:47.049+0500][gc,phases    ] GC(4)   Pre Evacuate Collection Set: 0.0ms
[2020-02-21T09:48:47.049+0500][gc,phases    ] GC(4)   Evacuate Collection Set: 17.7ms
[2020-02-21T09:48:47.049+0500][gc,phases    ] GC(4)   Post Evacuate Collection Set: 0.5ms
[2020-02-21T09:48:47.049+0500][gc,phases    ] GC(4)   Other: 1.8ms
[2020-02-21T09:48:47.049+0500][gc,heap      ] GC(4) Eden regions: 46->0(47)
[2020-02-21T09:48:47.049+0500][gc,heap      ] GC(4) Survivor regions: 5->4(7)
[2020-02-21T09:48:47.049+0500][gc,heap      ] GC(4) Old regions: 6->7
[2020-02-21T09:48:47.049+0500][gc,heap      ] GC(4) Archive regions: 2->2
[2020-02-21T09:48:47.049+0500][gc,heap      ] GC(4) Humongous regions: 129->129
[2020-02-21T09:48:47.049+0500][gc,metaspace ] GC(4) Metaspace: 30982K->30982K(1077248K)
[2020-02-21T09:48:47.049+0500][gc           ] GC(4) Pause Young (Normal) (G1 Evacuation Pause) 185M->140M(1024M) 20.234ms
[2020-02-21T09:48:47.049+0500][gc,cpu       ] GC(4) User=0.03s Sys=0.11s Real=0.02s
[2020-02-21T09:53:17.921+0500][gc,start     ] GC(7) Pause Young (Normal) (G1 Evacuation Pause)
[2020-02-21T09:53:17.921+0500][gc,task      ] GC(7) Using 13 workers of 13 for evacuation
[2020-02-21T09:53:17.933+0500][gc,phases    ] GC(7)   Pre Evacuate Collection Set: 0.1ms
[2020-02-21T09:53:17.933+0500][gc,phases    ] GC(7)   Evacuate Collection Set: 10.0ms
[2020-02-21T09:53:17.933+0500][gc,phases    ] GC(7)   Post Evacuate Collection Set: 0.6ms
[2020-02-21T09:53:17.933+0500][gc,phases    ] GC(7)   Other: 2.1ms
[2020-02-21T09:53:17.933+0500][gc,heap      ] GC(7) Eden regions: 48->0(48)
[2020-02-21T09:53:17.933+0500][gc,heap      ] GC(7) Survivor regions: 3->3(7)
[2020-02-21T09:53:17.933+0500][gc,heap      ] GC(7) Old regions: 11->11
[2020-02-21T09:53:17.933+0500][gc,heap      ] GC(7) Archive regions: 2->2
[2020-02-21T09:53:17.933+0500][gc,heap      ] GC(7) Humongous regions: 129->129
[2020-02-21T09:53:17.933+0500][gc,metaspace ] GC(7) Metaspace: 34310K->34310K(1079296K)
[2020-02-21T09:53:17.933+0500][gc           ] GC(7) Pause Young (Normal) (G1 Evacuation Pause) 190M->142M(1024M) 12.964ms
[2020-02-21T09:53:17.933+0500][gc,cpu       ] GC(7) User=0.02s Sys=0.06s Real=0.01s
[2020-02-21T10:30:47.805+0500][gc,start     ] GC(8) Pause Young (Normal) (G1 Evacuation Pause)
[2020-02-21T10:30:47.806+0500][gc,task      ] GC(8) Using 13 workers of 13 for evacuation
[2020-02-21T10:30:47.817+0500][gc,phases    ] GC(8)   Pre Evacuate Collection Set: 0.0ms
[2020-02-21T10:30:47.817+0500][gc,phases    ] GC(8)   Evacuate Collection Set: 8.7ms
[2020-02-21T10:30:47.817+0500][gc,phases    ] GC(8)   Post Evacuate Collection Set: 0.5ms
[2020-02-21T10:30:47.817+0500][gc,phases    ] GC(8)   Other: 2.0ms
[2020-02-21T10:30:47.817+0500][gc,heap      ] GC(8) Eden regions: 48->0(48)
[2020-02-21T10:30:47.817+0500][gc,heap      ] GC(8) Survivor regions: 3->3(7)
[2020-02-21T10:30:47.817+0500][gc,heap      ] GC(8) Old regions: 11->11
[2020-02-21T10:30:47.817+0500][gc,heap      ] GC(8) Archive regions: 2->2
[2020-02-21T10:30:47.817+0500][gc,heap      ] GC(8) Humongous regions: 129->129
[2020-02-21T10:30:47.817+0500][gc,metaspace ] GC(8) Metaspace: 34368K->34368K(1079296K)
[2020-02-21T10:30:47.817+0500][gc           ] GC(8) Pause Young (Normal) (G1 Evacuation Pause) 190M->142M(1024M) 11.306ms
[2020-02-21T10:30:47.817+0500][gc,cpu       ] GC(8) User=0.02s Sys=0.05s Real=0.01s
[2020-02-21T10:40:07.094+0500][gc,start     ] GC(5) Pause Young (Normal) (G1 Evacuation Pause)
[2020-02-21T10:40:07.095+0500][gc,task      ] GC(5) Using 13 workers of 13 for evacuation
[2020-02-21T10:40:07.107+0500][gc,phases    ] GC(5)   Pre Evacuate Collection Set: 0.1ms
[2020-02-21T10:40:07.107+0500][gc,phases    ] GC(5)   Evacuate Collection Set: 9.6ms
[2020-02-21T10:40:07.107+0500][gc,phases    ] GC(5)   Post Evacuate Collection Set: 0.7ms
[2020-02-21T10:40:07.107+0500][gc,phases    ] GC(5)   Other: 2.2ms
[2020-02-21T10:40:07.107+0500][gc,heap      ] GC(5) Eden regions: 47->0(50)
[2020-02-21T10:40:07.107+0500][gc,heap      ] GC(5) Survivor regions: 4->1(7)
[2020-02-21T10:40:07.107+0500][gc,heap      ] GC(5) Old regions: 7->10
[2020-02-21T10:40:07.107+0500][gc,heap      ] GC(5) Archive regions: 2->2
[2020-02-21T10:40:07.107+0500][gc,heap      ] GC(5) Humongous regions: 129->129
[2020-02-21T10:40:07.107+0500][gc,metaspace ] GC(5) Metaspace: 31090K->31090K(1077248K)
[2020-02-21T10:40:07.107+0500][gc           ] GC(5) Pause Young (Normal) (G1 Evacuation Pause) 187M->140M(1024M) 12.692ms
[2020-02-21T10:40:07.107+0500][gc,cpu       ] GC(5) User=0.02s Sys=0.06s Real=0.01s
[2020-02-21T11:08:08.043+0500][gc,start     ] GC(9) Pause Young (Normal) (G1 Evacuation Pause)
[2020-02-21T11:08:08.043+0500][gc,task      ] GC(9) Using 13 workers of 13 for evacuation
[2020-02-21T11:08:08.056+0500][gc,phases    ] GC(9)   Pre Evacuate Collection Set: 0.0ms
[2020-02-21T11:08:08.056+0500][gc,phases    ] GC(9)   Evacuate Collection Set: 10.4ms
[2020-02-21T11:08:08.056+0500][gc,phases    ] GC(9)   Post Evacuate Collection Set: 0.7ms
[2020-02-21T11:08:08.056+0500][gc,phases    ] GC(9)   Other: 2.6ms
[2020-02-21T11:08:08.056+0500][gc,heap      ] GC(9) Eden regions: 48->0(48)
[2020-02-21T11:08:08.056+0500][gc,heap      ] GC(9) Survivor regions: 3->3(7)
[2020-02-21T11:08:08.056+0500][gc,heap      ] GC(9) Old regions: 11->11
[2020-02-21T11:08:08.056+0500][gc,heap      ] GC(9) Archive regions: 2->2
[2020-02-21T11:08:08.056+0500][gc,heap      ] GC(9) Humongous regions: 129->129
[2020-02-21T11:08:08.056+0500][gc,metaspace ] GC(9) Metaspace: 34425K->34425K(1081344K)
[2020-02-21T11:08:08.056+0500][gc           ] GC(9) Pause Young (Normal) (G1 Evacuation Pause) 190M->142M(1024M) 12.853ms
[2020-02-21T11:08:08.056+0500][gc,cpu       ] GC(9) User=0.02s Sys=0.06s Real=0.01s
[2020-02-21T13:01:20.697+0500][gc,start     ] GC(6) Pause Young (Normal) (G1 Evacuation Pause)
[2020-02-21T13:01:20.697+0500][gc,task      ] GC(6) Using 13 workers of 13 for evacuation
[2020-02-21T13:01:20.707+0500][gc,phases    ] GC(6)   Pre Evacuate Collection Set: 0.1ms
[2020-02-21T13:01:20.707+0500][gc,phases    ] GC(6)   Evacuate Collection Set: 5.5ms
[2020-02-21T13:01:20.707+0500][gc,phases    ] GC(6)   Post Evacuate Collection Set: 1.1ms
[2020-02-21T13:01:20.707+0500][gc,phases    ] GC(6)   Other: 4.6ms
[2020-02-21T13:01:20.707+0500][gc,heap      ] GC(6) Eden regions: 50->0(50)
[2020-02-21T13:01:20.707+0500][gc,heap      ] GC(6) Survivor regions: 1->1(7)
[2020-02-21T13:01:20.707+0500][gc,heap      ] GC(6) Old regions: 10->10
[2020-02-21T13:01:20.707+0500][gc,heap      ] GC(6) Archive regions: 2->2
[2020-02-21T13:01:20.707+0500][gc,heap      ] GC(6) Humongous regions: 129->129
[2020-02-21T13:01:20.707+0500][gc,metaspace ] GC(6) Metaspace: 31154K->31154K(1077248K)
[2020-02-21T13:01:20.707+0500][gc           ] GC(6) Pause Young (Normal) (G1 Evacuation Pause) 190M->140M(1024M) 10.245ms
[2020-02-21T13:01:20.707+0500][gc,cpu       ] GC(6) User=0.01s Sys=0.03s Real=0.01s
[2020-02-21T13:11:30.888+0500][gc,start     ] GC(10) Pause Young (Normal) (G1 Evacuation Pause)
[2020-02-21T13:11:30.889+0500][gc,task      ] GC(10) Using 13 workers of 13 for evacuation
[2020-02-21T13:11:30.905+0500][gc,phases    ] GC(10)   Pre Evacuate Collection Set: 0.0ms
[2020-02-21T13:11:30.905+0500][gc,phases    ] GC(10)   Evacuate Collection Set: 14.4ms
[2020-02-21T13:11:30.905+0500][gc,phases    ] GC(10)   Post Evacuate Collection Set: 0.5ms
[2020-02-21T13:11:30.905+0500][gc,phases    ] GC(10)   Other: 2.0ms
[2020-02-21T13:11:30.905+0500][gc,heap      ] GC(10) Eden regions: 48->0(48)
[2020-02-21T13:11:30.905+0500][gc,heap      ] GC(10) Survivor regions: 3->3(7)
[2020-02-21T13:11:30.905+0500][gc,heap      ] GC(10) Old regions: 11->11
[2020-02-21T13:11:30.905+0500][gc,heap      ] GC(10) Archive regions: 2->2
[2020-02-21T13:11:30.905+0500][gc,heap      ] GC(10) Humongous regions: 129->129
[2020-02-21T13:11:30.905+0500][gc,metaspace ] GC(10) Metaspace: 34452K->34452K(1081344K)
[2020-02-21T13:11:30.906+0500][gc           ] GC(10) Pause Young (Normal) (G1 Evacuation Pause) 190M->142M(1024M) 17.448ms
[2020-02-21T13:11:30.906+0500][gc,cpu       ] GC(10) User=0.02s Sys=0.08s Real=0.02s
