[2020-02-19T18:32:53.049+0500][gc,heap] Heap region size: 1M
[2020-02-19T18:32:53.049+0500][gc,heap] Heap region size: 1M
[2020-02-19T18:32:53.049+0500][gc,heap] Heap region size: 1M
[2020-02-19T18:32:53.059+0500][gc     ] Using G1
[2020-02-19T18:32:53.059+0500][gc,heap,coops] Heap address: 0x00000007c0000000, size: 1024 MB, Compressed Oops mode: Zero based, Oop shift amount: 3
[2020-02-19T18:32:53.059+0500][gc     ] Using G1
[2020-02-19T18:32:53.059+0500][gc,heap,coops] Heap address: 0x00000007c0000000, size: 1024 MB, Compressed Oops mode: Zero based, Oop shift amount: 3
[2020-02-19T18:32:53.059+0500][gc     ] Using G1
[2020-02-19T18:32:53.059+0500][gc,heap,coops] Heap address: 0x00000007c0000000, size: 1024 MB, Compressed Oops mode: Zero based, Oop shift amount: 3
[2020-02-19T18:32:53.059+0500][gc,cds       ] Mark closed archive regions in map: [0x00000007fff00000, 0x00000007fff76ff8]
[2020-02-19T18:32:53.059+0500][gc,cds       ] Mark open archive regions in map: [0x00000007ffe00000, 0x00000007ffe46ff8]
[2020-02-19T18:32:53.059+0500][gc,cds       ] Mark closed archive regions in map: [0x00000007fff00000, 0x00000007fff76ff8]
[2020-02-19T18:32:53.059+0500][gc,cds       ] Mark open archive regions in map: [0x00000007ffe00000, 0x00000007ffe46ff8]
[2020-02-19T18:32:53.059+0500][gc,cds       ] Mark closed archive regions in map: [0x00000007fff00000, 0x00000007fff76ff8]
[2020-02-19T18:32:53.059+0500][gc,cds       ] Mark open archive regions in map: [0x00000007ffe00000, 0x00000007ffe46ff8]
[2020-02-19T18:32:53.073+0500][gc           ] Periodic GC disabled
[2020-02-19T18:32:53.073+0500][gc           ] Periodic GC disabled
[2020-02-19T18:32:53.073+0500][gc           ] Periodic GC disabled
[2020-02-19T18:32:54.557+0500][gc,start     ] GC(0) Pause Young (Normal) (G1 Evacuation Pause)
[2020-02-19T18:32:54.558+0500][gc,task      ] GC(0) Using 13 workers of 13 for evacuation
[2020-02-19T18:32:54.563+0500][gc,start     ] GC(0) Pause Young (Normal) (G1 Evacuation Pause)
[2020-02-19T18:32:54.564+0500][gc,task      ] GC(0) Using 13 workers of 13 for evacuation
[2020-02-19T18:32:54.568+0500][gc,start     ] GC(0) Pause Young (Normal) (G1 Evacuation Pause)
[2020-02-19T18:32:54.568+0500][gc,phases    ] GC(0)   Pre Evacuate Collection Set: 0.0ms
[2020-02-19T18:32:54.569+0500][gc,phases    ] GC(0)   Evacuate Collection Set: 8.0ms
[2020-02-19T18:32:54.569+0500][gc,phases    ] GC(0)   Post Evacuate Collection Set: 2.4ms
[2020-02-19T18:32:54.569+0500][gc,phases    ] GC(0)   Other: 0.8ms
[2020-02-19T18:32:54.569+0500][gc,heap      ] GC(0) Eden regions: 51->0(45)
[2020-02-19T18:32:54.569+0500][gc,heap      ] GC(0) Survivor regions: 0->6(7)
[2020-02-19T18:32:54.569+0500][gc,heap      ] GC(0) Old regions: 0->0
[2020-02-19T18:32:54.569+0500][gc,heap      ] GC(0) Archive regions: 2->2
[2020-02-19T18:32:54.569+0500][gc,heap      ] GC(0) Humongous regions: 0->0
[2020-02-19T18:32:54.569+0500][gc,metaspace ] GC(0) Metaspace: 16689K->16689K(1064960K)
[2020-02-19T18:32:54.569+0500][gc           ] GC(0) Pause Young (Normal) (G1 Evacuation Pause) 51M->6M(1024M) 11.714ms
[2020-02-19T18:32:54.569+0500][gc,cpu       ] GC(0) User=0.04s Sys=0.02s Real=0.01s
[2020-02-19T18:32:54.570+0500][gc,task      ] GC(0) Using 13 workers of 13 for evacuation
[2020-02-19T18:32:54.575+0500][gc,phases    ] GC(0)   Pre Evacuate Collection Set: 0.1ms
[2020-02-19T18:32:54.575+0500][gc,phases    ] GC(0)   Evacuate Collection Set: 9.7ms
[2020-02-19T18:32:54.575+0500][gc,phases    ] GC(0)   Post Evacuate Collection Set: 1.0ms
[2020-02-19T18:32:54.575+0500][gc,phases    ] GC(0)   Other: 1.2ms
[2020-02-19T18:32:54.575+0500][gc,heap      ] GC(0) Eden regions: 51->0(45)
[2020-02-19T18:32:54.575+0500][gc,heap      ] GC(0) Survivor regions: 0->6(7)
[2020-02-19T18:32:54.575+0500][gc,heap      ] GC(0) Old regions: 0->0
[2020-02-19T18:32:54.575+0500][gc,heap      ] GC(0) Archive regions: 2->2
[2020-02-19T18:32:54.575+0500][gc,heap      ] GC(0) Humongous regions: 0->0
[2020-02-19T18:32:54.575+0500][gc,metaspace ] GC(0) Metaspace: 16691K->16691K(1064960K)
[2020-02-19T18:32:54.575+0500][gc           ] GC(0) Pause Young (Normal) (G1 Evacuation Pause) 51M->6M(1024M) 12.322ms
[2020-02-19T18:32:54.576+0500][gc,cpu       ] GC(0) User=0.05s Sys=0.02s Real=0.01s
[2020-02-19T18:32:54.580+0500][gc,phases    ] GC(0)   Pre Evacuate Collection Set: 0.1ms
[2020-02-19T18:32:54.580+0500][gc,phases    ] GC(0)   Evacuate Collection Set: 9.4ms
[2020-02-19T18:32:54.580+0500][gc,phases    ] GC(0)   Post Evacuate Collection Set: 0.6ms
[2020-02-19T18:32:54.580+0500][gc,phases    ] GC(0)   Other: 1.8ms
[2020-02-19T18:32:54.580+0500][gc,heap      ] GC(0) Eden regions: 51->0(44)
[2020-02-19T18:32:54.580+0500][gc,heap      ] GC(0) Survivor regions: 0->7(7)
[2020-02-19T18:32:54.580+0500][gc,heap      ] GC(0) Old regions: 0->0
[2020-02-19T18:32:54.580+0500][gc,heap      ] GC(0) Archive regions: 2->2
[2020-02-19T18:32:54.580+0500][gc,heap      ] GC(0) Humongous regions: 0->0
[2020-02-19T18:32:54.580+0500][gc,metaspace ] GC(0) Metaspace: 16891K->16891K(1064960K)
[2020-02-19T18:32:54.580+0500][gc           ] GC(0) Pause Young (Normal) (G1 Evacuation Pause) 51M->6M(1024M) 12.079ms
[2020-02-19T18:32:54.580+0500][gc,cpu       ] GC(0) User=0.05s Sys=0.02s Real=0.02s
[2020-02-19T18:32:54.841+0500][gc,start     ] GC(1) Pause Young (Concurrent Start) (Metadata GC Threshold)
[2020-02-19T18:32:54.841+0500][gc,task      ] GC(1) Using 13 workers of 13 for evacuation
[2020-02-19T18:32:54.841+0500][gc,start     ] GC(1) Pause Young (Concurrent Start) (Metadata GC Threshold)
[2020-02-19T18:32:54.841+0500][gc,task      ] GC(1) Using 13 workers of 13 for evacuation
[2020-02-19T18:32:54.850+0500][gc,phases    ] GC(1)   Pre Evacuate Collection Set: 0.1ms
[2020-02-19T18:32:54.850+0500][gc,phases    ] GC(1)   Evacuate Collection Set: 8.0ms
[2020-02-19T18:32:54.850+0500][gc,phases    ] GC(1)   Post Evacuate Collection Set: 0.4ms
[2020-02-19T18:32:54.850+0500][gc,phases    ] GC(1)   Other: 0.4ms
[2020-02-19T18:32:54.850+0500][gc,heap      ] GC(1) Eden regions: 17->0(49)
[2020-02-19T18:32:54.850+0500][gc,heap      ] GC(1) Survivor regions: 6->2(7)
[2020-02-19T18:32:54.850+0500][gc,heap      ] GC(1) Old regions: 0->6
[2020-02-19T18:32:54.850+0500][gc,heap      ] GC(1) Archive regions: 2->2
[2020-02-19T18:32:54.850+0500][gc,heap      ] GC(1) Humongous regions: 129->129
[2020-02-19T18:32:54.850+0500][gc,metaspace ] GC(1) Metaspace: 20458K->20458K(1067008K)
[2020-02-19T18:32:54.850+0500][gc           ] GC(1) Pause Young (Concurrent Start) (Metadata GC Threshold) 152M->136M(1024M) 8.948ms
[2020-02-19T18:32:54.850+0500][gc,cpu       ] GC(1) User=0.03s Sys=0.01s Real=0.01s
[2020-02-19T18:32:54.850+0500][gc           ] GC(2) Concurrent Cycle
[2020-02-19T18:32:54.850+0500][gc,marking   ] GC(2) Concurrent Clear Claimed Marks
[2020-02-19T18:32:54.850+0500][gc,marking   ] GC(2) Concurrent Clear Claimed Marks 0.041ms
[2020-02-19T18:32:54.850+0500][gc,marking   ] GC(2) Concurrent Scan Root Regions
[2020-02-19T18:32:54.850+0500][gc,phases    ] GC(1)   Pre Evacuate Collection Set: 0.1ms
[2020-02-19T18:32:54.850+0500][gc,phases    ] GC(1)   Evacuate Collection Set: 8.2ms
[2020-02-19T18:32:54.850+0500][gc,phases    ] GC(1)   Post Evacuate Collection Set: 0.3ms
[2020-02-19T18:32:54.850+0500][gc,phases    ] GC(1)   Other: 0.5ms
[2020-02-19T18:32:54.850+0500][gc,heap      ] GC(1) Eden regions: 16->0(49)
[2020-02-19T18:32:54.850+0500][gc,heap      ] GC(1) Survivor regions: 7->2(7)
[2020-02-19T18:32:54.851+0500][gc,heap      ] GC(1) Old regions: 0->6
[2020-02-19T18:32:54.851+0500][gc,heap      ] GC(1) Archive regions: 2->2
[2020-02-19T18:32:54.851+0500][gc,heap      ] GC(1) Humongous regions: 129->129
[2020-02-19T18:32:54.851+0500][gc,metaspace ] GC(1) Metaspace: 20466K->20466K(1067008K)
[2020-02-19T18:32:54.851+0500][gc           ] GC(1) Pause Young (Concurrent Start) (Metadata GC Threshold) 151M->136M(1024M) 9.240ms
[2020-02-19T18:32:54.851+0500][gc,cpu       ] GC(1) User=0.04s Sys=0.01s Real=0.01s
[2020-02-19T18:32:54.851+0500][gc           ] GC(2) Concurrent Cycle
[2020-02-19T18:32:54.851+0500][gc,marking   ] GC(2) Concurrent Clear Claimed Marks
[2020-02-19T18:32:54.851+0500][gc,marking   ] GC(2) Concurrent Clear Claimed Marks 0.034ms
[2020-02-19T18:32:54.851+0500][gc,marking   ] GC(2) Concurrent Scan Root Regions
[2020-02-19T18:32:54.852+0500][gc,start     ] GC(1) Pause Young (Concurrent Start) (Metadata GC Threshold)
[2020-02-19T18:32:54.852+0500][gc,task      ] GC(1) Using 13 workers of 13 for evacuation
[2020-02-19T18:32:54.852+0500][gc,marking   ] GC(2) Concurrent Scan Root Regions 1.970ms
[2020-02-19T18:32:54.852+0500][gc,marking   ] GC(2) Concurrent Mark (1.815s)
[2020-02-19T18:32:54.852+0500][gc,marking   ] GC(2) Concurrent Mark From Roots
[2020-02-19T18:32:54.852+0500][gc,task      ] GC(2) Using 3 workers of 3 for marking
[2020-02-19T18:32:54.853+0500][gc,marking   ] GC(2) Concurrent Scan Root Regions 2.084ms
[2020-02-19T18:32:54.853+0500][gc,marking   ] GC(2) Concurrent Mark (1.815s)
[2020-02-19T18:32:54.853+0500][gc,marking   ] GC(2) Concurrent Mark From Roots
[2020-02-19T18:32:54.853+0500][gc,task      ] GC(2) Using 3 workers of 3 for marking
[2020-02-19T18:32:54.854+0500][gc,marking   ] GC(2) Concurrent Mark From Roots 1.710ms
[2020-02-19T18:32:54.854+0500][gc,marking   ] GC(2) Concurrent Preclean
[2020-02-19T18:32:54.854+0500][gc,marking   ] GC(2) Concurrent Preclean 0.048ms
[2020-02-19T18:32:54.854+0500][gc,marking   ] GC(2) Concurrent Mark (1.815s, 1.816s) 1.813ms
[2020-02-19T18:32:54.854+0500][gc,start     ] GC(2) Pause Remark
[2020-02-19T18:32:54.855+0500][gc,marking   ] GC(2) Concurrent Mark From Roots 1.748ms
[2020-02-19T18:32:54.855+0500][gc,marking   ] GC(2) Concurrent Preclean
[2020-02-19T18:32:54.855+0500][gc,marking   ] GC(2) Concurrent Preclean 0.034ms
[2020-02-19T18:32:54.855+0500][gc,marking   ] GC(2) Concurrent Mark (1.815s, 1.817s) 1.827ms
[2020-02-19T18:32:54.855+0500][gc,start     ] GC(2) Pause Remark
[2020-02-19T18:32:54.855+0500][gc           ] GC(2) Pause Remark 137M->137M(1024M) 0.859ms
[2020-02-19T18:32:54.855+0500][gc,cpu       ] GC(2) User=0.00s Sys=0.00s Real=0.00s
[2020-02-19T18:32:54.855+0500][gc,marking   ] GC(2) Concurrent Rebuild Remembered Sets
[2020-02-19T18:32:54.856+0500][gc           ] GC(2) Pause Remark 137M->137M(1024M) 1.143ms
[2020-02-19T18:32:54.856+0500][gc,cpu       ] GC(2) User=0.01s Sys=0.00s Real=0.00s
[2020-02-19T18:32:54.856+0500][gc,marking   ] GC(2) Concurrent Rebuild Remembered Sets
[2020-02-19T18:32:54.858+0500][gc,marking   ] GC(2) Concurrent Rebuild Remembered Sets 1.868ms
[2020-02-19T18:32:54.858+0500][gc,marking   ] GC(2) Concurrent Rebuild Remembered Sets 2.811ms
[2020-02-19T18:32:54.858+0500][gc,start     ] GC(2) Pause Cleanup
[2020-02-19T18:32:54.859+0500][gc           ] GC(2) Pause Cleanup 137M->137M(1024M) 0.287ms
[2020-02-19T18:32:54.859+0500][gc,cpu       ] GC(2) User=0.00s Sys=0.00s Real=0.00s
[2020-02-19T18:32:54.859+0500][gc,marking   ] GC(2) Concurrent Cleanup for Next Mark
[2020-02-19T18:32:54.859+0500][gc,start     ] GC(2) Pause Cleanup
[2020-02-19T18:32:54.859+0500][gc           ] GC(2) Pause Cleanup 137M->137M(1024M) 0.124ms
[2020-02-19T18:32:54.859+0500][gc,cpu       ] GC(2) User=0.00s Sys=0.00s Real=0.00s
[2020-02-19T18:32:54.859+0500][gc,marking   ] GC(2) Concurrent Cleanup for Next Mark
[2020-02-19T18:32:54.859+0500][gc,phases    ] GC(1)   Pre Evacuate Collection Set: 0.1ms
[2020-02-19T18:32:54.859+0500][gc,phases    ] GC(1)   Evacuate Collection Set: 6.6ms
[2020-02-19T18:32:54.859+0500][gc,phases    ] GC(1)   Post Evacuate Collection Set: 0.4ms
[2020-02-19T18:32:54.859+0500][gc,phases    ] GC(1)   Other: 0.4ms
[2020-02-19T18:32:54.859+0500][gc,heap      ] GC(1) Eden regions: 17->0(49)
[2020-02-19T18:32:54.859+0500][gc,heap      ] GC(1) Survivor regions: 6->2(7)
[2020-02-19T18:32:54.859+0500][gc,heap      ] GC(1) Old regions: 0->6
[2020-02-19T18:32:54.859+0500][gc,heap      ] GC(1) Archive regions: 2->2
[2020-02-19T18:32:54.859+0500][gc,heap      ] GC(1) Humongous regions: 129->129
[2020-02-19T18:32:54.859+0500][gc,metaspace ] GC(1) Metaspace: 20547K->20547K(1067008K)
[2020-02-19T18:32:54.859+0500][gc           ] GC(1) Pause Young (Concurrent Start) (Metadata GC Threshold) 152M->137M(1024M) 7.656ms
[2020-02-19T18:32:54.860+0500][gc,cpu       ] GC(1) User=0.03s Sys=0.01s Real=0.00s
[2020-02-19T18:32:54.860+0500][gc           ] GC(2) Concurrent Cycle
[2020-02-19T18:32:54.860+0500][gc,marking   ] GC(2) Concurrent Clear Claimed Marks
[2020-02-19T18:32:54.860+0500][gc,marking   ] GC(2) Concurrent Clear Claimed Marks 0.045ms
[2020-02-19T18:32:54.860+0500][gc,marking   ] GC(2) Concurrent Scan Root Regions
[2020-02-19T18:32:54.862+0500][gc,marking   ] GC(2) Concurrent Scan Root Regions 2.159ms
[2020-02-19T18:32:54.862+0500][gc,marking   ] GC(2) Concurrent Mark (1.824s)
[2020-02-19T18:32:54.862+0500][gc,marking   ] GC(2) Concurrent Mark From Roots
[2020-02-19T18:32:54.862+0500][gc,task      ] GC(2) Using 3 workers of 3 for marking
[2020-02-19T18:32:54.863+0500][gc,marking   ] GC(2) Concurrent Mark From Roots 1.610ms
[2020-02-19T18:32:54.864+0500][gc,marking   ] GC(2) Concurrent Preclean
[2020-02-19T18:32:54.864+0500][gc,marking   ] GC(2) Concurrent Preclean 0.044ms
[2020-02-19T18:32:54.864+0500][gc,marking   ] GC(2) Concurrent Mark (1.824s, 1.826s) 1.725ms
[2020-02-19T18:32:54.864+0500][gc,start     ] GC(2) Pause Remark
[2020-02-19T18:32:54.865+0500][gc,marking   ] GC(2) Concurrent Cleanup for Next Mark 5.916ms
[2020-02-19T18:32:54.865+0500][gc           ] GC(2) Concurrent Cycle 14.486ms
[2020-02-19T18:32:54.865+0500][gc,marking   ] GC(2) Concurrent Cleanup for Next Mark 5.781ms
[2020-02-19T18:32:54.865+0500][gc           ] GC(2) Pause Remark 138M->138M(1024M) 1.009ms
[2020-02-19T18:32:54.865+0500][gc           ] GC(2) Concurrent Cycle 14.188ms
[2020-02-19T18:32:54.865+0500][gc,cpu       ] GC(2) User=0.01s Sys=0.00s Real=0.00s
[2020-02-19T18:32:54.865+0500][gc,marking   ] GC(2) Concurrent Rebuild Remembered Sets
[2020-02-19T18:32:54.866+0500][gc,marking   ] GC(2) Concurrent Rebuild Remembered Sets 1.449ms
[2020-02-19T18:32:54.867+0500][gc,start     ] GC(2) Pause Cleanup
[2020-02-19T18:32:54.867+0500][gc           ] GC(2) Pause Cleanup 138M->138M(1024M) 0.114ms
[2020-02-19T18:32:54.867+0500][gc,cpu       ] GC(2) User=0.00s Sys=0.00s Real=0.00s
[2020-02-19T18:32:54.867+0500][gc,marking   ] GC(2) Concurrent Cleanup for Next Mark
[2020-02-19T18:32:54.872+0500][gc,marking   ] GC(2) Concurrent Cleanup for Next Mark 4.817ms
[2020-02-19T18:32:54.872+0500][gc           ] GC(2) Concurrent Cycle 12.245ms
[2020-02-19T23:31:29.736+0500][gc,start     ] GC(3) Pause Young (Normal) (G1 Evacuation Pause)
[2020-02-19T23:31:29.737+0500][gc,task      ] GC(3) Using 13 workers of 13 for evacuation
[2020-02-19T23:31:30.006+0500][gc,mmu       ] GC(3) MMU target violated: 21.0ms (20.0ms/21.0ms)
[2020-02-19T23:31:30.006+0500][gc,phases    ] GC(3)   Pre Evacuate Collection Set: 0.2ms
[2020-02-19T23:31:30.006+0500][gc,phases    ] GC(3)   Evacuate Collection Set: 258.6ms
[2020-02-19T23:31:30.006+0500][gc,phases    ] GC(3)   Post Evacuate Collection Set: 3.1ms
[2020-02-19T23:31:30.007+0500][gc,phases    ] GC(3)   Other: 9.6ms
[2020-02-19T23:31:30.007+0500][gc,heap      ] GC(3) Eden regions: 49->0(46)
[2020-02-19T23:31:30.007+0500][gc,heap      ] GC(3) Survivor regions: 2->5(7)
[2020-02-19T23:31:30.007+0500][gc,heap      ] GC(3) Old regions: 6->6
[2020-02-19T23:31:30.007+0500][gc,heap      ] GC(3) Archive regions: 2->2
[2020-02-19T23:31:30.007+0500][gc,heap      ] GC(3) Humongous regions: 129->129
[2020-02-19T23:31:30.007+0500][gc,metaspace ] GC(3) Metaspace: 29245K->29245K(1075200K)
[2020-02-19T23:31:30.007+0500][gc           ] GC(3) Pause Young (Normal) (G1 Evacuation Pause) 185M->140M(1024M) 272.043ms
[2020-02-19T23:31:30.008+0500][gc,cpu       ] GC(3) User=0.19s Sys=1.09s Real=0.27s
[2020-02-20T01:33:30.537+0500][gc,start     ] GC(3) Pause Young (Normal) (G1 Evacuation Pause)
[2020-02-20T01:33:30.538+0500][gc,task      ] GC(3) Using 13 workers of 13 for evacuation
[2020-02-20T01:33:30.602+0500][gc,mmu       ] GC(3) MMU target violated: 21.0ms (20.0ms/21.0ms)
[2020-02-20T01:33:30.602+0500][gc,phases    ] GC(3)   Pre Evacuate Collection Set: 0.5ms
[2020-02-20T01:33:30.602+0500][gc,phases    ] GC(3)   Evacuate Collection Set: 51.8ms
[2020-02-20T01:33:30.602+0500][gc,phases    ] GC(3)   Post Evacuate Collection Set: 2.1ms
[2020-02-20T01:33:30.602+0500][gc,phases    ] GC(3)   Other: 13.1ms
[2020-02-20T01:33:30.603+0500][gc,heap      ] GC(3) Eden regions: 49->0(46)
[2020-02-20T01:33:30.603+0500][gc,heap      ] GC(3) Survivor regions: 2->5(7)
[2020-02-20T01:33:30.603+0500][gc,heap      ] GC(3) Old regions: 6->6
[2020-02-20T01:33:30.603+0500][gc,heap      ] GC(3) Archive regions: 2->2
[2020-02-20T01:33:30.603+0500][gc,heap      ] GC(3) Humongous regions: 129->129
[2020-02-20T01:33:30.603+0500][gc,metaspace ] GC(3) Metaspace: 29326K->29326K(1075200K)
[2020-02-20T01:33:30.603+0500][gc           ] GC(3) Pause Young (Normal) (G1 Evacuation Pause) 185M->140M(1024M) 66.623ms
[2020-02-20T01:33:30.603+0500][gc,cpu       ] GC(3) User=0.04s Sys=0.28s Real=0.07s
[2020-02-20T07:02:52.072+0500][gc,start     ] GC(3) Pause Young (Normal) (G1 Evacuation Pause)
[2020-02-20T07:02:52.072+0500][gc,task      ] GC(3) Using 13 workers of 13 for evacuation
[2020-02-20T07:02:52.116+0500][gc,mmu       ] GC(3) MMU target violated: 21.0ms (20.0ms/21.0ms)
[2020-02-20T07:02:52.116+0500][gc,phases    ] GC(3)   Pre Evacuate Collection Set: 0.0ms
[2020-02-20T07:02:52.116+0500][gc,phases    ] GC(3)   Evacuate Collection Set: 38.9ms
[2020-02-20T07:02:52.116+0500][gc,phases    ] GC(3)   Post Evacuate Collection Set: 1.0ms
[2020-02-20T07:02:52.116+0500][gc,phases    ] GC(3)   Other: 4.5ms
[2020-02-20T07:02:52.116+0500][gc,heap      ] GC(3) Eden regions: 49->0(46)
[2020-02-20T07:02:52.116+0500][gc,heap      ] GC(3) Survivor regions: 2->5(7)
[2020-02-20T07:02:52.116+0500][gc,heap      ] GC(3) Old regions: 6->6
[2020-02-20T07:02:52.116+0500][gc,heap      ] GC(3) Archive regions: 2->2
[2020-02-20T07:02:52.116+0500][gc,heap      ] GC(3) Humongous regions: 129->129
[2020-02-20T07:02:52.116+0500][gc,metaspace ] GC(3) Metaspace: 29419K->29419K(1075200K)
[2020-02-20T07:02:52.116+0500][gc           ] GC(3) Pause Young (Normal) (G1 Evacuation Pause) 186M->140M(1024M) 44.303ms
[2020-02-20T07:02:52.116+0500][gc,cpu       ] GC(3) User=0.03s Sys=0.23s Real=0.04s
[2020-02-20T10:30:07.638+0500][gc,start     ] GC(4) Pause Young (Normal) (G1 Evacuation Pause)
[2020-02-20T10:30:07.640+0500][gc,task      ] GC(4) Using 13 workers of 13 for evacuation
[2020-02-20T10:30:07.707+0500][gc,mmu       ] GC(4) MMU target violated: 21.0ms (20.0ms/21.0ms)
[2020-02-20T10:30:07.707+0500][gc,phases    ] GC(4)   Pre Evacuate Collection Set: 0.1ms
[2020-02-20T10:30:07.707+0500][gc,phases    ] GC(4)   Evacuate Collection Set: 49.5ms
[2020-02-20T10:30:07.707+0500][gc,phases    ] GC(4)   Post Evacuate Collection Set: 2.7ms
[2020-02-20T10:30:07.708+0500][gc,phases    ] GC(4)   Other: 18.1ms
[2020-02-20T10:30:07.708+0500][gc,heap      ] GC(4) Eden regions: 46->0(50)
[2020-02-20T10:30:07.708+0500][gc,heap      ] GC(4) Survivor regions: 5->1(7)
[2020-02-20T10:30:07.708+0500][gc,heap      ] GC(4) Old regions: 6->11
[2020-02-20T10:30:07.708+0500][gc,heap      ] GC(4) Archive regions: 2->2
[2020-02-20T10:30:07.708+0500][gc,heap      ] GC(4) Humongous regions: 129->129
[2020-02-20T10:30:07.708+0500][gc,metaspace ] GC(4) Metaspace: 29906K->29906K(1077248K)
[2020-02-20T10:30:07.708+0500][gc           ] GC(4) Pause Young (Normal) (G1 Evacuation Pause) 186M->140M(1024M) 69.796ms
[2020-02-20T10:30:07.708+0500][gc,cpu       ] GC(4) User=0.03s Sys=0.13s Real=0.07s
[2020-02-20T10:31:25.356+0500][gc,start     ] GC(4) Pause Young (Normal) (G1 Evacuation Pause)
[2020-02-20T10:31:25.356+0500][gc,task      ] GC(4) Using 13 workers of 13 for evacuation
[2020-02-20T10:31:25.396+0500][gc,mmu       ] GC(4) MMU target violated: 21.0ms (20.0ms/21.0ms)
[2020-02-20T10:31:25.396+0500][gc,phases    ] GC(4)   Pre Evacuate Collection Set: 0.5ms
[2020-02-20T10:31:25.396+0500][gc,phases    ] GC(4)   Evacuate Collection Set: 30.6ms
[2020-02-20T10:31:25.396+0500][gc,phases    ] GC(4)   Post Evacuate Collection Set: 1.6ms
[2020-02-20T10:31:25.396+0500][gc,phases    ] GC(4)   Other: 8.3ms
[2020-02-20T10:31:25.396+0500][gc,heap      ] GC(4) Eden regions: 46->0(50)
[2020-02-20T10:31:25.396+0500][gc,heap      ] GC(4) Survivor regions: 5->1(7)
[2020-02-20T10:31:25.396+0500][gc,heap      ] GC(4) Old regions: 6->11
[2020-02-20T10:31:25.396+0500][gc,heap      ] GC(4) Archive regions: 2->2
[2020-02-20T10:31:25.396+0500][gc,heap      ] GC(4) Humongous regions: 129->129
[2020-02-20T10:31:25.396+0500][gc,metaspace ] GC(4) Metaspace: 29857K->29857K(1077248K)
[2020-02-20T10:31:25.396+0500][gc           ] GC(4) Pause Young (Normal) (G1 Evacuation Pause) 186M->140M(1024M) 40.767ms
[2020-02-20T10:31:25.396+0500][gc,cpu       ] GC(4) User=0.02s Sys=0.09s Real=0.04s
[2020-02-20T10:38:58.694+0500][gc,start     ] GC(4) Pause Young (Normal) (G1 Evacuation Pause)
[2020-02-20T10:38:58.694+0500][gc,task      ] GC(4) Using 13 workers of 13 for evacuation
[2020-02-20T10:38:58.712+0500][gc,phases    ] GC(4)   Pre Evacuate Collection Set: 0.0ms
[2020-02-20T10:38:58.712+0500][gc,phases    ] GC(4)   Evacuate Collection Set: 13.9ms
[2020-02-20T10:38:58.712+0500][gc,phases    ] GC(4)   Post Evacuate Collection Set: 1.2ms
[2020-02-20T10:38:58.712+0500][gc,phases    ] GC(4)   Other: 2.9ms
[2020-02-20T10:38:58.712+0500][gc,heap      ] GC(4) Eden regions: 46->0(50)
[2020-02-20T10:38:58.712+0500][gc,heap      ] GC(4) Survivor regions: 5->1(7)
[2020-02-20T10:38:58.712+0500][gc,heap      ] GC(4) Old regions: 6->11
[2020-02-20T10:38:58.712+0500][gc,heap      ] GC(4) Archive regions: 2->2
[2020-02-20T10:38:58.712+0500][gc,heap      ] GC(4) Humongous regions: 129->129
[2020-02-20T10:38:58.712+0500][gc,metaspace ] GC(4) Metaspace: 29836K->29836K(1075200K)
[2020-02-20T10:38:58.712+0500][gc           ] GC(4) Pause Young (Normal) (G1 Evacuation Pause) 186M->140M(1024M) 18.159ms
[2020-02-20T10:38:58.712+0500][gc,cpu       ] GC(4) User=0.02s Sys=0.08s Real=0.02s
