[2020-02-09T19:56:46.414+0500][gc,heap] Heap region size: 1M
[2020-02-09T19:56:46.422+0500][gc     ] Using G1
[2020-02-09T19:56:46.422+0500][gc,heap,coops] Heap address: 0x00000007c0000000, size: 1024 MB, Compressed Oops mode: Zero based, Oop shift amount: 3
[2020-02-09T19:56:46.422+0500][gc,cds       ] Mark closed archive regions in map: [0x00000007fff00000, 0x00000007fff76ff8]
[2020-02-09T19:56:46.422+0500][gc,cds       ] Mark open archive regions in map: [0x00000007ffe00000, 0x00000007ffe46ff8]
[2020-02-09T19:56:46.435+0500][gc           ] Periodic GC disabled
[2020-02-09T19:56:47.598+0500][gc,start     ] GC(0) Pause Young (Normal) (G1 Evacuation Pause)
[2020-02-09T19:56:47.599+0500][gc,task      ] GC(0) Using 13 workers of 13 for evacuation
[2020-02-09T19:56:47.608+0500][gc,phases    ] GC(0)   Pre Evacuate Collection Set: 0.1ms
[2020-02-09T19:56:47.608+0500][gc,phases    ] GC(0)   Evacuate Collection Set: 7.3ms
[2020-02-09T19:56:47.608+0500][gc,phases    ] GC(0)   Post Evacuate Collection Set: 0.5ms
[2020-02-09T19:56:47.608+0500][gc,phases    ] GC(0)   Other: 1.3ms
[2020-02-09T19:56:47.608+0500][gc,heap      ] GC(0) Eden regions: 51->0(44)
[2020-02-09T19:56:47.608+0500][gc,heap      ] GC(0) Survivor regions: 0->7(7)
[2020-02-09T19:56:47.608+0500][gc,heap      ] GC(0) Old regions: 0->0
[2020-02-09T19:56:47.608+0500][gc,heap      ] GC(0) Archive regions: 2->2
[2020-02-09T19:56:47.608+0500][gc,heap      ] GC(0) Humongous regions: 0->0
[2020-02-09T19:56:47.608+0500][gc,metaspace ] GC(0) Metaspace: 16877K->16877K(1064960K)
[2020-02-09T19:56:47.608+0500][gc           ] GC(0) Pause Young (Normal) (G1 Evacuation Pause) 51M->6M(1024M) 9.258ms
[2020-02-09T19:56:47.608+0500][gc,cpu       ] GC(0) User=0.03s Sys=0.03s Real=0.01s
[2020-02-09T19:56:47.843+0500][gc,start     ] GC(1) Pause Young (Concurrent Start) (Metadata GC Threshold)
[2020-02-09T19:56:47.843+0500][gc,task      ] GC(1) Using 13 workers of 13 for evacuation
[2020-02-09T19:56:47.849+0500][gc,phases    ] GC(1)   Pre Evacuate Collection Set: 0.1ms
[2020-02-09T19:56:47.849+0500][gc,phases    ] GC(1)   Evacuate Collection Set: 5.2ms
[2020-02-09T19:56:47.850+0500][gc,phases    ] GC(1)   Post Evacuate Collection Set: 0.5ms
[2020-02-09T19:56:47.850+0500][gc,phases    ] GC(1)   Other: 0.3ms
[2020-02-09T19:56:47.850+0500][gc,heap      ] GC(1) Eden regions: 15->0(50)
[2020-02-09T19:56:47.850+0500][gc,heap      ] GC(1) Survivor regions: 7->1(7)
[2020-02-09T19:56:47.850+0500][gc,heap      ] GC(1) Old regions: 0->6
[2020-02-09T19:56:47.850+0500][gc,heap      ] GC(1) Archive regions: 2->2
[2020-02-09T19:56:47.850+0500][gc,heap      ] GC(1) Humongous regions: 0->0
[2020-02-09T19:56:47.850+0500][gc,metaspace ] GC(1) Metaspace: 20597K->20597K(1067008K)
[2020-02-09T19:56:47.850+0500][gc           ] GC(1) Pause Young (Concurrent Start) (Metadata GC Threshold) 21M->7M(1024M) 6.218ms
[2020-02-09T19:56:47.850+0500][gc,cpu       ] GC(1) User=0.03s Sys=0.01s Real=0.01s
[2020-02-09T19:56:47.850+0500][gc           ] GC(2) Concurrent Cycle
[2020-02-09T19:56:47.850+0500][gc,marking   ] GC(2) Concurrent Clear Claimed Marks
[2020-02-09T19:56:47.850+0500][gc,marking   ] GC(2) Concurrent Clear Claimed Marks 0.100ms
[2020-02-09T19:56:47.850+0500][gc,marking   ] GC(2) Concurrent Scan Root Regions
[2020-02-09T19:56:47.852+0500][gc,marking   ] GC(2) Concurrent Scan Root Regions 1.901ms
[2020-02-09T19:56:47.852+0500][gc,marking   ] GC(2) Concurrent Mark (1.446s)
[2020-02-09T19:56:47.852+0500][gc,marking   ] GC(2) Concurrent Mark From Roots
[2020-02-09T19:56:47.852+0500][gc,task      ] GC(2) Using 3 workers of 3 for marking
[2020-02-09T19:56:47.853+0500][gc,marking   ] GC(2) Concurrent Mark From Roots 1.117ms
[2020-02-09T19:56:47.853+0500][gc,marking   ] GC(2) Concurrent Preclean
[2020-02-09T19:56:47.853+0500][gc,marking   ] GC(2) Concurrent Preclean 0.031ms
[2020-02-09T19:56:47.853+0500][gc,marking   ] GC(2) Concurrent Mark (1.446s, 1.447s) 1.260ms
[2020-02-09T19:56:47.853+0500][gc,start     ] GC(2) Pause Remark
[2020-02-09T19:56:47.854+0500][gc           ] GC(2) Pause Remark 8M->8M(1024M) 1.023ms
[2020-02-09T19:56:47.854+0500][gc,cpu       ] GC(2) User=0.00s Sys=0.00s Real=0.00s
[2020-02-09T19:56:47.854+0500][gc,marking   ] GC(2) Concurrent Rebuild Remembered Sets
[2020-02-09T19:56:47.856+0500][gc,marking   ] GC(2) Concurrent Rebuild Remembered Sets 1.329ms
[2020-02-09T19:56:47.856+0500][gc,start     ] GC(2) Pause Cleanup
[2020-02-09T19:56:47.856+0500][gc           ] GC(2) Pause Cleanup 8M->8M(1024M) 0.113ms
[2020-02-09T19:56:47.856+0500][gc,cpu       ] GC(2) User=0.00s Sys=0.00s Real=0.00s
[2020-02-09T19:56:47.856+0500][gc,marking   ] GC(2) Concurrent Cleanup for Next Mark
[2020-02-09T19:56:47.860+0500][gc,marking   ] GC(2) Concurrent Cleanup for Next Mark 4.081ms
[2020-02-09T19:56:47.860+0500][gc           ] GC(2) Concurrent Cycle 10.777ms
[2020-02-09T19:56:56.657+0500][gc,start     ] GC(3) Pause Young (Normal) (G1 Evacuation Pause)
[2020-02-09T19:56:56.657+0500][gc,task      ] GC(3) Using 13 workers of 13 for evacuation
[2020-02-09T19:56:56.660+0500][gc,phases    ] GC(3)   Pre Evacuate Collection Set: 0.1ms
[2020-02-09T19:56:56.660+0500][gc,phases    ] GC(3)   Evacuate Collection Set: 2.4ms
[2020-02-09T19:56:56.660+0500][gc,phases    ] GC(3)   Post Evacuate Collection Set: 0.4ms
[2020-02-09T19:56:56.660+0500][gc,phases    ] GC(3)   Other: 0.3ms
[2020-02-09T19:56:56.660+0500][gc,heap      ] GC(3) Eden regions: 50->0(46)
[2020-02-09T19:56:56.660+0500][gc,heap      ] GC(3) Survivor regions: 1->5(7)
[2020-02-09T19:56:56.660+0500][gc,heap      ] GC(3) Old regions: 6->6
[2020-02-09T19:56:56.660+0500][gc,heap      ] GC(3) Archive regions: 2->2
[2020-02-09T19:56:56.660+0500][gc,heap      ] GC(3) Humongous regions: 129->129
[2020-02-09T19:56:56.660+0500][gc,metaspace ] GC(3) Metaspace: 29891K->29891K(1075200K)
[2020-02-09T19:56:56.660+0500][gc           ] GC(3) Pause Young (Normal) (G1 Evacuation Pause) 186M->140M(1024M) 3.265ms
[2020-02-09T19:56:56.660+0500][gc,cpu       ] GC(3) User=0.03s Sys=0.00s Real=0.01s
[2020-02-09T20:04:06.005+0500][gc,start     ] GC(4) Pause Young (Concurrent Start) (Metadata GC Threshold)
[2020-02-09T20:04:06.005+0500][gc,task      ] GC(4) Using 13 workers of 13 for evacuation
[2020-02-09T20:04:06.014+0500][gc,phases    ] GC(4)   Pre Evacuate Collection Set: 0.3ms
[2020-02-09T20:04:06.014+0500][gc,phases    ] GC(4)   Evacuate Collection Set: 6.2ms
[2020-02-09T20:04:06.014+0500][gc,phases    ] GC(4)   Post Evacuate Collection Set: 0.9ms
[2020-02-09T20:04:06.014+0500][gc,phases    ] GC(4)   Other: 1.2ms
[2020-02-09T20:04:06.014+0500][gc,heap      ] GC(4) Eden regions: 33->0(49)
[2020-02-09T20:04:06.014+0500][gc,heap      ] GC(4) Survivor regions: 5->2(7)
[2020-02-09T20:04:06.014+0500][gc,heap      ] GC(4) Old regions: 6->11
[2020-02-09T20:04:06.014+0500][gc,heap      ] GC(4) Archive regions: 2->2
[2020-02-09T20:04:06.014+0500][gc,heap      ] GC(4) Humongous regions: 129->129
[2020-02-09T20:04:06.014+0500][gc,metaspace ] GC(4) Metaspace: 33665K->33665K(1079296K)
[2020-02-09T20:04:06.014+0500][gc           ] GC(4) Pause Young (Concurrent Start) (Metadata GC Threshold) 172M->141M(1024M) 8.862ms
[2020-02-09T20:04:06.014+0500][gc,cpu       ] GC(4) User=0.03s Sys=0.00s Real=0.01s
[2020-02-09T20:04:06.014+0500][gc           ] GC(5) Concurrent Cycle
[2020-02-09T20:04:06.014+0500][gc,marking   ] GC(5) Concurrent Clear Claimed Marks
[2020-02-09T20:04:06.015+0500][gc,marking   ] GC(5) Concurrent Clear Claimed Marks 0.372ms
[2020-02-09T20:04:06.015+0500][gc,marking   ] GC(5) Concurrent Scan Root Regions
[2020-02-09T20:04:06.019+0500][gc,marking   ] GC(5) Concurrent Scan Root Regions 4.116ms
[2020-02-09T20:04:06.019+0500][gc,marking   ] GC(5) Concurrent Mark (439.613s)
[2020-02-09T20:04:06.019+0500][gc,marking   ] GC(5) Concurrent Mark From Roots
[2020-02-09T20:04:06.019+0500][gc,task      ] GC(5) Using 3 workers of 3 for marking
[2020-02-09T20:04:06.028+0500][gc,marking   ] GC(5) Concurrent Mark From Roots 9.006ms
[2020-02-09T20:04:06.028+0500][gc,marking   ] GC(5) Concurrent Preclean
[2020-02-09T20:04:06.028+0500][gc,marking   ] GC(5) Concurrent Preclean 0.177ms
[2020-02-09T20:04:06.028+0500][gc,marking   ] GC(5) Concurrent Mark (439.613s, 439.622s) 9.348ms
[2020-02-09T20:04:06.028+0500][gc,start     ] GC(5) Pause Remark
[2020-02-09T20:04:06.030+0500][gc           ] GC(5) Pause Remark 141M->141M(1024M) 1.891ms
[2020-02-09T20:04:06.030+0500][gc,cpu       ] GC(5) User=0.01s Sys=0.00s Real=0.01s
[2020-02-09T20:04:06.030+0500][gc,marking   ] GC(5) Concurrent Rebuild Remembered Sets
[2020-02-09T20:04:06.036+0500][gc,marking   ] GC(5) Concurrent Rebuild Remembered Sets 5.384ms
[2020-02-09T20:04:06.036+0500][gc,start     ] GC(5) Pause Cleanup
[2020-02-09T20:04:06.036+0500][gc           ] GC(5) Pause Cleanup 141M->141M(1024M) 0.232ms
[2020-02-09T20:04:06.037+0500][gc,cpu       ] GC(5) User=0.00s Sys=0.00s Real=0.00s
[2020-02-09T20:04:06.037+0500][gc,marking   ] GC(5) Concurrent Cleanup for Next Mark
[2020-02-09T20:04:06.046+0500][gc,marking   ] GC(5) Concurrent Cleanup for Next Mark 9.163ms
[2020-02-09T20:04:06.046+0500][gc           ] GC(5) Concurrent Cycle 31.709ms
[2020-02-09T20:09:53.469+0500][gc,heap,exit ] Heap
[2020-02-09T20:09:53.469+0500][gc,heap,exit ]  garbage-first heap   total 1048576K, used 178813K [0x00000007c0000000, 0x0000000800000000)
[2020-02-09T20:09:53.469+0500][gc,heap,exit ]   region size 1024K, 37 young (37888K), 2 survivors (2048K)
[2020-02-09T20:09:53.469+0500][gc,heap,exit ]  Metaspace       used 36390K, capacity 38920K, committed 39248K, reserved 1081344K
[2020-02-09T20:09:53.469+0500][gc,heap,exit ]   class space    used 5456K, capacity 6718K, committed 6816K, reserved 1048576K
