[2020-02-24T18:22:19.800+0500][gc,heap] Heap region size: 1M
[2020-02-24T18:22:19.800+0500][gc,heap] Heap region size: 1M
[2020-02-24T18:22:19.800+0500][gc,heap] Heap region size: 1M
[2020-02-24T18:22:19.809+0500][gc     ] Using G1
[2020-02-24T18:22:19.809+0500][gc,heap,coops] Heap address: 0x00000007c0000000, size: 1024 MB, Compressed Oops mode: Zero based, Oop shift amount: 3
[2020-02-24T18:22:19.810+0500][gc     ] Using G1
[2020-02-24T18:22:19.810+0500][gc,heap,coops] Heap address: 0x00000007c0000000, size: 1024 MB, Compressed Oops mode: Zero based, Oop shift amount: 3
[2020-02-24T18:22:19.810+0500][gc     ] Using G1
[2020-02-24T18:22:19.810+0500][gc,heap,coops] Heap address: 0x00000007c0000000, size: 1024 MB, Compressed Oops mode: Zero based, Oop shift amount: 3
[2020-02-24T18:22:19.810+0500][gc,cds       ] Mark closed archive regions in map: [0x00000007fff00000, 0x00000007fff76ff8]
[2020-02-24T18:22:19.810+0500][gc,cds       ] Mark open archive regions in map: [0x00000007ffe00000, 0x00000007ffe46ff8]
[2020-02-24T18:22:19.810+0500][gc,cds       ] Mark closed archive regions in map: [0x00000007fff00000, 0x00000007fff76ff8]
[2020-02-24T18:22:19.810+0500][gc,cds       ] Mark open archive regions in map: [0x00000007ffe00000, 0x00000007ffe46ff8]
[2020-02-24T18:22:19.810+0500][gc,cds       ] Mark closed archive regions in map: [0x00000007fff00000, 0x00000007fff76ff8]
[2020-02-24T18:22:19.810+0500][gc,cds       ] Mark open archive regions in map: [0x00000007ffe00000, 0x00000007ffe46ff8]
[2020-02-24T18:22:19.829+0500][gc           ] Periodic GC disabled
[2020-02-24T18:22:19.829+0500][gc           ] Periodic GC disabled
[2020-02-24T18:22:19.829+0500][gc           ] Periodic GC disabled
[2020-02-24T18:22:21.166+0500][gc,start     ] GC(0) Pause Young (Normal) (G1 Evacuation Pause)
[2020-02-24T18:22:21.166+0500][gc,start     ] GC(0) Pause Young (Normal) (G1 Evacuation Pause)
[2020-02-24T18:22:21.167+0500][gc,start     ] GC(0) Pause Young (Normal) (G1 Evacuation Pause)
[2020-02-24T18:22:21.167+0500][gc,task      ] GC(0) Using 13 workers of 13 for evacuation
[2020-02-24T18:22:21.167+0500][gc,task      ] GC(0) Using 13 workers of 13 for evacuation
[2020-02-24T18:22:21.173+0500][gc,task      ] GC(0) Using 13 workers of 13 for evacuation
[2020-02-24T18:22:21.178+0500][gc,phases    ] GC(0)   Pre Evacuate Collection Set: 0.1ms
[2020-02-24T18:22:21.179+0500][gc,phases    ] GC(0)   Evacuate Collection Set: 9.9ms
[2020-02-24T18:22:21.179+0500][gc,phases    ] GC(0)   Post Evacuate Collection Set: 0.6ms
[2020-02-24T18:22:21.179+0500][gc,phases    ] GC(0)   Other: 1.5ms
[2020-02-24T18:22:21.179+0500][gc,heap      ] GC(0) Eden regions: 51->0(44)
[2020-02-24T18:22:21.179+0500][gc,heap      ] GC(0) Survivor regions: 0->7(7)
[2020-02-24T18:22:21.179+0500][gc,heap      ] GC(0) Old regions: 0->0
[2020-02-24T18:22:21.179+0500][gc,heap      ] GC(0) Archive regions: 2->2
[2020-02-24T18:22:21.179+0500][gc,heap      ] GC(0) Humongous regions: 0->0
[2020-02-24T18:22:21.179+0500][gc,metaspace ] GC(0) Metaspace: 16838K->16838K(1064960K)
[2020-02-24T18:22:21.179+0500][gc           ] GC(0) Pause Young (Normal) (G1 Evacuation Pause) 51M->6M(1024M) 12.312ms
[2020-02-24T18:22:21.179+0500][gc,cpu       ] GC(0) User=0.04s Sys=0.01s Real=0.01s
[2020-02-24T18:22:21.179+0500][gc,phases    ] GC(0)   Pre Evacuate Collection Set: 0.1ms
[2020-02-24T18:22:21.179+0500][gc,phases    ] GC(0)   Evacuate Collection Set: 10.4ms
[2020-02-24T18:22:21.179+0500][gc,phases    ] GC(0)   Post Evacuate Collection Set: 0.7ms
[2020-02-24T18:22:21.179+0500][gc,phases    ] GC(0)   Other: 1.5ms
[2020-02-24T18:22:21.179+0500][gc,heap      ] GC(0) Eden regions: 51->0(44)
[2020-02-24T18:22:21.179+0500][gc,heap      ] GC(0) Survivor regions: 0->7(7)
[2020-02-24T18:22:21.179+0500][gc,heap      ] GC(0) Old regions: 0->0
[2020-02-24T18:22:21.179+0500][gc,heap      ] GC(0) Archive regions: 2->2
[2020-02-24T18:22:21.179+0500][gc,heap      ] GC(0) Humongous regions: 0->0
[2020-02-24T18:22:21.179+0500][gc,metaspace ] GC(0) Metaspace: 16851K->16851K(1064960K)
[2020-02-24T18:22:21.179+0500][gc           ] GC(0) Pause Young (Normal) (G1 Evacuation Pause) 51M->6M(1024M) 12.697ms
[2020-02-24T18:22:21.179+0500][gc,cpu       ] GC(0) User=0.04s Sys=0.02s Real=0.01s
[2020-02-24T18:22:21.182+0500][gc,phases    ] GC(0)   Pre Evacuate Collection Set: 0.1ms
[2020-02-24T18:22:21.182+0500][gc,phases    ] GC(0)   Evacuate Collection Set: 7.6ms
[2020-02-24T18:22:21.182+0500][gc,phases    ] GC(0)   Post Evacuate Collection Set: 0.6ms
[2020-02-24T18:22:21.182+0500][gc,phases    ] GC(0)   Other: 6.0ms
[2020-02-24T18:22:21.182+0500][gc,heap      ] GC(0) Eden regions: 51->0(45)
[2020-02-24T18:22:21.182+0500][gc,heap      ] GC(0) Survivor regions: 0->6(7)
[2020-02-24T18:22:21.182+0500][gc,heap      ] GC(0) Old regions: 0->0
[2020-02-24T18:22:21.182+0500][gc,heap      ] GC(0) Archive regions: 2->2
[2020-02-24T18:22:21.182+0500][gc,heap      ] GC(0) Humongous regions: 0->0
[2020-02-24T18:22:21.182+0500][gc,metaspace ] GC(0) Metaspace: 16877K->16877K(1064960K)
[2020-02-24T18:22:21.182+0500][gc           ] GC(0) Pause Young (Normal) (G1 Evacuation Pause) 51M->6M(1024M) 14.348ms
[2020-02-24T18:22:21.182+0500][gc,cpu       ] GC(0) User=0.04s Sys=0.02s Real=0.02s
[2020-02-24T18:22:21.437+0500][gc,start     ] GC(1) Pause Young (Concurrent Start) (Metadata GC Threshold)
[2020-02-24T18:22:21.437+0500][gc,task      ] GC(1) Using 13 workers of 13 for evacuation
[2020-02-24T18:22:21.438+0500][gc,start     ] GC(1) Pause Young (Concurrent Start) (Metadata GC Threshold)
[2020-02-24T18:22:21.438+0500][gc,task      ] GC(1) Using 13 workers of 13 for evacuation
[2020-02-24T18:22:21.451+0500][gc,phases    ] GC(1)   Pre Evacuate Collection Set: 0.1ms
[2020-02-24T18:22:21.451+0500][gc,phases    ] GC(1)   Evacuate Collection Set: 12.5ms
[2020-02-24T18:22:21.451+0500][gc,phases    ] GC(1)   Post Evacuate Collection Set: 0.3ms
[2020-02-24T18:22:21.451+0500][gc,phases    ] GC(1)   Other: 0.5ms
[2020-02-24T18:22:21.451+0500][gc,heap      ] GC(1) Eden regions: 15->0(50)
[2020-02-24T18:22:21.451+0500][gc,heap      ] GC(1) Survivor regions: 6->1(7)
[2020-02-24T18:22:21.451+0500][gc,heap      ] GC(1) Old regions: 0->6
[2020-02-24T18:22:21.451+0500][gc,heap      ] GC(1) Archive regions: 2->2
[2020-02-24T18:22:21.451+0500][gc,heap      ] GC(1) Humongous regions: 0->0
[2020-02-24T18:22:21.451+0500][gc,metaspace ] GC(1) Metaspace: 20532K->20532K(1067008K)
[2020-02-24T18:22:21.451+0500][gc           ] GC(1) Pause Young (Concurrent Start) (Metadata GC Threshold) 21M->7M(1024M) 13.570ms
[2020-02-24T18:22:21.451+0500][gc,cpu       ] GC(1) User=0.03s Sys=0.01s Real=0.02s
[2020-02-24T18:22:21.451+0500][gc           ] GC(2) Concurrent Cycle
[2020-02-24T18:22:21.451+0500][gc,marking   ] GC(2) Concurrent Clear Claimed Marks
[2020-02-24T18:22:21.451+0500][gc,marking   ] GC(2) Concurrent Clear Claimed Marks 0.047ms
[2020-02-24T18:22:21.451+0500][gc,marking   ] GC(2) Concurrent Scan Root Regions
[2020-02-24T18:22:21.453+0500][gc,marking   ] GC(2) Concurrent Scan Root Regions 2.369ms
[2020-02-24T18:22:21.454+0500][gc,marking   ] GC(2) Concurrent Mark (1.669s)
[2020-02-24T18:22:21.454+0500][gc,marking   ] GC(2) Concurrent Mark From Roots
[2020-02-24T18:22:21.454+0500][gc,task      ] GC(2) Using 3 workers of 3 for marking
[2020-02-24T18:22:21.455+0500][gc,marking   ] GC(2) Concurrent Mark From Roots 1.653ms
[2020-02-24T18:22:21.455+0500][gc,marking   ] GC(2) Concurrent Preclean
[2020-02-24T18:22:21.455+0500][gc,marking   ] GC(2) Concurrent Preclean 0.043ms
[2020-02-24T18:22:21.455+0500][gc,marking   ] GC(2) Concurrent Mark (1.669s, 1.671s) 1.962ms
[2020-02-24T18:22:21.455+0500][gc,start     ] GC(2) Pause Remark
[2020-02-24T18:22:21.456+0500][gc,phases    ] GC(1)   Pre Evacuate Collection Set: 0.1ms
[2020-02-24T18:22:21.456+0500][gc,phases    ] GC(1)   Evacuate Collection Set: 16.6ms
[2020-02-24T18:22:21.456+0500][gc,phases    ] GC(1)   Post Evacuate Collection Set: 0.4ms
[2020-02-24T18:22:21.456+0500][gc,phases    ] GC(1)   Other: 0.5ms
[2020-02-24T18:22:21.456+0500][gc,heap      ] GC(1) Eden regions: 15->0(50)
[2020-02-24T18:22:21.456+0500][gc,heap      ] GC(1) Survivor regions: 7->1(7)
[2020-02-24T18:22:21.456+0500][gc,heap      ] GC(1) Old regions: 0->6
[2020-02-24T18:22:21.456+0500][gc,heap      ] GC(1) Archive regions: 2->2
[2020-02-24T18:22:21.456+0500][gc,heap      ] GC(1) Humongous regions: 0->0
[2020-02-24T18:22:21.456+0500][gc,metaspace ] GC(1) Metaspace: 20595K->20595K(1067008K)
[2020-02-24T18:22:21.456+0500][gc           ] GC(1) Pause Young (Concurrent Start) (Metadata GC Threshold) 21M->7M(1024M) 17.926ms
[2020-02-24T18:22:21.456+0500][gc,cpu       ] GC(1) User=0.02s Sys=0.01s Real=0.02s
[2020-02-24T18:22:21.456+0500][gc           ] GC(2) Concurrent Cycle
[2020-02-24T18:22:21.456+0500][gc,marking   ] GC(2) Concurrent Clear Claimed Marks
[2020-02-24T18:22:21.456+0500][gc,marking   ] GC(2) Concurrent Clear Claimed Marks 0.080ms
[2020-02-24T18:22:21.456+0500][gc,marking   ] GC(2) Concurrent Scan Root Regions
[2020-02-24T18:22:21.456+0500][gc           ] GC(2) Pause Remark 8M->8M(1024M) 1.081ms
[2020-02-24T18:22:21.457+0500][gc,cpu       ] GC(2) User=0.00s Sys=0.00s Real=0.00s
[2020-02-24T18:22:21.457+0500][gc,marking   ] GC(2) Concurrent Rebuild Remembered Sets
[2020-02-24T18:22:21.459+0500][gc,marking   ] GC(2) Concurrent Rebuild Remembered Sets 2.544ms
[2020-02-24T18:22:21.459+0500][gc,marking   ] GC(2) Concurrent Scan Root Regions 2.778ms
[2020-02-24T18:22:21.459+0500][gc,marking   ] GC(2) Concurrent Mark (1.675s)
[2020-02-24T18:22:21.459+0500][gc,marking   ] GC(2) Concurrent Mark From Roots
[2020-02-24T18:22:21.459+0500][gc,task      ] GC(2) Using 3 workers of 3 for marking
[2020-02-24T18:22:21.460+0500][gc,start     ] GC(2) Pause Cleanup
[2020-02-24T18:22:21.460+0500][gc           ] GC(2) Pause Cleanup 8M->8M(1024M) 0.140ms
[2020-02-24T18:22:21.460+0500][gc,cpu       ] GC(2) User=0.00s Sys=0.00s Real=0.00s
[2020-02-24T18:22:21.460+0500][gc,marking   ] GC(2) Concurrent Cleanup for Next Mark
[2020-02-24T18:22:21.461+0500][gc,marking   ] GC(2) Concurrent Mark From Roots 1.376ms
[2020-02-24T18:22:21.461+0500][gc,marking   ] GC(2) Concurrent Preclean
[2020-02-24T18:22:21.461+0500][gc,marking   ] GC(2) Concurrent Preclean 0.129ms
[2020-02-24T18:22:21.461+0500][gc,marking   ] GC(2) Concurrent Mark (1.675s, 1.677s) 1.823ms
[2020-02-24T18:22:21.461+0500][gc,start     ] GC(2) Pause Remark
[2020-02-24T18:22:21.462+0500][gc           ] GC(2) Pause Remark 7M->7M(1024M) 1.010ms
[2020-02-24T18:22:21.462+0500][gc,cpu       ] GC(2) User=0.00s Sys=0.01s Real=0.00s
[2020-02-24T18:22:21.462+0500][gc,marking   ] GC(2) Concurrent Rebuild Remembered Sets
[2020-02-24T18:22:21.464+0500][gc,marking   ] GC(2) Concurrent Rebuild Remembered Sets 1.999ms
[2020-02-24T18:22:21.465+0500][gc,start     ] GC(2) Pause Cleanup
[2020-02-24T18:22:21.465+0500][gc           ] GC(2) Pause Cleanup 7M->7M(1024M) 0.142ms
[2020-02-24T18:22:21.465+0500][gc,cpu       ] GC(2) User=0.00s Sys=0.00s Real=0.00s
[2020-02-24T18:22:21.466+0500][gc,marking   ] GC(2) Concurrent Cleanup for Next Mark
[2020-02-24T18:22:21.473+0500][gc,marking   ] GC(2) Concurrent Cleanup for Next Mark 13.066ms
[2020-02-24T18:22:21.473+0500][gc           ] GC(2) Concurrent Cycle 22.548ms
[2020-02-24T18:22:21.480+0500][gc,marking   ] GC(2) Concurrent Cleanup for Next Mark 14.813ms
[2020-02-24T18:22:21.480+0500][gc           ] GC(2) Concurrent Cycle 24.173ms
[2020-02-24T18:22:21.632+0500][gc,start     ] GC(1) Pause Young (Concurrent Start) (Metadata GC Threshold)
[2020-02-24T18:22:21.632+0500][gc,task      ] GC(1) Using 13 workers of 13 for evacuation
[2020-02-24T18:22:21.643+0500][gc,phases    ] GC(1)   Pre Evacuate Collection Set: 0.1ms
[2020-02-24T18:22:21.643+0500][gc,phases    ] GC(1)   Evacuate Collection Set: 9.6ms
[2020-02-24T18:22:21.643+0500][gc,phases    ] GC(1)   Post Evacuate Collection Set: 0.4ms
[2020-02-24T18:22:21.643+0500][gc,phases    ] GC(1)   Other: 0.5ms
[2020-02-24T18:22:21.643+0500][gc,heap      ] GC(1) Eden regions: 16->0(49)
[2020-02-24T18:22:21.643+0500][gc,heap      ] GC(1) Survivor regions: 7->2(7)
[2020-02-24T18:22:21.643+0500][gc,heap      ] GC(1) Old regions: 0->6
[2020-02-24T18:22:21.643+0500][gc,heap      ] GC(1) Archive regions: 2->2
[2020-02-24T18:22:21.643+0500][gc,heap      ] GC(1) Humongous regions: 129->129
[2020-02-24T18:22:21.643+0500][gc,metaspace ] GC(1) Metaspace: 20505K->20505K(1067008K)
[2020-02-24T18:22:21.643+0500][gc           ] GC(1) Pause Young (Concurrent Start) (Metadata GC Threshold) 151M->136M(1024M) 10.681ms
[2020-02-24T18:22:21.643+0500][gc,cpu       ] GC(1) User=0.03s Sys=0.01s Real=0.01s
[2020-02-24T18:22:21.643+0500][gc           ] GC(2) Concurrent Cycle
[2020-02-24T18:22:21.643+0500][gc,marking   ] GC(2) Concurrent Clear Claimed Marks
[2020-02-24T18:22:21.643+0500][gc,marking   ] GC(2) Concurrent Clear Claimed Marks 0.020ms
[2020-02-24T18:22:21.643+0500][gc,marking   ] GC(2) Concurrent Scan Root Regions
[2020-02-24T18:22:21.645+0500][gc,marking   ] GC(2) Concurrent Scan Root Regions 1.643ms
[2020-02-24T18:22:21.645+0500][gc,marking   ] GC(2) Concurrent Mark (1.860s)
[2020-02-24T18:22:21.645+0500][gc,marking   ] GC(2) Concurrent Mark From Roots
[2020-02-24T18:22:21.645+0500][gc,task      ] GC(2) Using 3 workers of 3 for marking
[2020-02-24T18:22:21.646+0500][gc,marking   ] GC(2) Concurrent Mark From Roots 1.480ms
[2020-02-24T18:22:21.646+0500][gc,marking   ] GC(2) Concurrent Preclean
[2020-02-24T18:22:21.646+0500][gc,marking   ] GC(2) Concurrent Preclean 0.031ms
[2020-02-24T18:22:21.646+0500][gc,marking   ] GC(2) Concurrent Mark (1.860s, 1.862s) 1.567ms
[2020-02-24T18:22:21.646+0500][gc,start     ] GC(2) Pause Remark
[2020-02-24T18:22:21.647+0500][gc           ] GC(2) Pause Remark 137M->137M(1024M) 0.908ms
[2020-02-24T18:22:21.647+0500][gc,cpu       ] GC(2) User=0.01s Sys=0.00s Real=0.00s
[2020-02-24T18:22:21.647+0500][gc,marking   ] GC(2) Concurrent Rebuild Remembered Sets
[2020-02-24T18:22:21.649+0500][gc,marking   ] GC(2) Concurrent Rebuild Remembered Sets 1.619ms
[2020-02-24T18:22:21.650+0500][gc,start     ] GC(2) Pause Cleanup
[2020-02-24T18:22:21.650+0500][gc           ] GC(2) Pause Cleanup 137M->137M(1024M) 0.127ms
[2020-02-24T18:22:21.650+0500][gc,cpu       ] GC(2) User=0.00s Sys=0.00s Real=0.00s
[2020-02-24T18:22:21.650+0500][gc,marking   ] GC(2) Concurrent Cleanup for Next Mark
[2020-02-24T18:22:21.669+0500][gc,marking   ] GC(2) Concurrent Cleanup for Next Mark 19.307ms
[2020-02-24T18:22:21.669+0500][gc           ] GC(2) Concurrent Cycle 26.334ms
[2020-02-24T18:22:52.212+0500][gc,start     ] GC(3) Pause Young (Normal) (G1 Evacuation Pause)
[2020-02-24T18:22:52.212+0500][gc,task      ] GC(3) Using 13 workers of 13 for evacuation
[2020-02-24T18:22:52.215+0500][gc,phases    ] GC(3)   Pre Evacuate Collection Set: 0.0ms
[2020-02-24T18:22:52.215+0500][gc,phases    ] GC(3)   Evacuate Collection Set: 1.9ms
[2020-02-24T18:22:52.215+0500][gc,phases    ] GC(3)   Post Evacuate Collection Set: 0.3ms
[2020-02-24T18:22:52.215+0500][gc,phases    ] GC(3)   Other: 0.5ms
[2020-02-24T18:22:52.215+0500][gc,heap      ] GC(3) Eden regions: 50->0(46)
[2020-02-24T18:22:52.215+0500][gc,heap      ] GC(3) Survivor regions: 1->5(7)
[2020-02-24T18:22:52.215+0500][gc,heap      ] GC(3) Old regions: 6->6
[2020-02-24T18:22:52.215+0500][gc,heap      ] GC(3) Archive regions: 2->2
[2020-02-24T18:22:52.215+0500][gc,heap      ] GC(3) Humongous regions: 129->129
[2020-02-24T18:22:52.215+0500][gc,metaspace ] GC(3) Metaspace: 30167K->30167K(1077248K)
[2020-02-24T18:22:52.215+0500][gc           ] GC(3) Pause Young (Normal) (G1 Evacuation Pause) 186M->140M(1024M) 2.824ms
[2020-02-24T18:22:52.215+0500][gc,cpu       ] GC(3) User=0.02s Sys=0.00s Real=0.00s
[2020-02-24T18:22:57.373+0500][gc,start     ] GC(3) Pause Young (Normal) (G1 Evacuation Pause)
[2020-02-24T18:22:57.373+0500][gc,task      ] GC(3) Using 13 workers of 13 for evacuation
[2020-02-24T18:22:57.376+0500][gc,phases    ] GC(3)   Pre Evacuate Collection Set: 0.0ms
[2020-02-24T18:22:57.376+0500][gc,phases    ] GC(3)   Evacuate Collection Set: 1.6ms
[2020-02-24T18:22:57.376+0500][gc,phases    ] GC(3)   Post Evacuate Collection Set: 0.3ms
[2020-02-24T18:22:57.376+0500][gc,phases    ] GC(3)   Other: 0.3ms
[2020-02-24T18:22:57.376+0500][gc,heap      ] GC(3) Eden regions: 50->0(46)
[2020-02-24T18:22:57.376+0500][gc,heap      ] GC(3) Survivor regions: 1->5(7)
[2020-02-24T18:22:57.376+0500][gc,heap      ] GC(3) Old regions: 6->6
[2020-02-24T18:22:57.376+0500][gc,heap      ] GC(3) Archive regions: 2->2
[2020-02-24T18:22:57.376+0500][gc,heap      ] GC(3) Humongous regions: 129->129
[2020-02-24T18:22:57.376+0500][gc,metaspace ] GC(3) Metaspace: 30055K->30055K(1077248K)
[2020-02-24T18:22:57.376+0500][gc           ] GC(3) Pause Young (Normal) (G1 Evacuation Pause) 186M->140M(1024M) 2.381ms
[2020-02-24T18:22:57.376+0500][gc,cpu       ] GC(3) User=0.02s Sys=0.00s Real=0.00s
[2020-02-24T18:26:07.073+0500][gc,start     ] GC(3) Pause Young (Normal) (G1 Evacuation Pause)
[2020-02-24T18:26:07.074+0500][gc,task      ] GC(3) Using 13 workers of 13 for evacuation
[2020-02-24T18:26:07.077+0500][gc,phases    ] GC(3)   Pre Evacuate Collection Set: 0.0ms
[2020-02-24T18:26:07.077+0500][gc,phases    ] GC(3)   Evacuate Collection Set: 2.3ms
[2020-02-24T18:26:07.077+0500][gc,phases    ] GC(3)   Post Evacuate Collection Set: 0.5ms
[2020-02-24T18:26:07.077+0500][gc,phases    ] GC(3)   Other: 1.1ms
[2020-02-24T18:26:07.077+0500][gc,heap      ] GC(3) Eden regions: 49->0(46)
[2020-02-24T18:26:07.077+0500][gc,heap      ] GC(3) Survivor regions: 2->5(7)
[2020-02-24T18:26:07.077+0500][gc,heap      ] GC(3) Old regions: 6->6
[2020-02-24T18:26:07.077+0500][gc,heap      ] GC(3) Archive regions: 2->2
[2020-02-24T18:26:07.077+0500][gc,heap      ] GC(3) Humongous regions: 129->129
[2020-02-24T18:26:07.077+0500][gc,metaspace ] GC(3) Metaspace: 29434K->29434K(1075200K)
[2020-02-24T18:26:07.077+0500][gc           ] GC(3) Pause Young (Normal) (G1 Evacuation Pause) 185M->140M(1024M) 4.043ms
[2020-02-24T18:26:07.077+0500][gc,cpu       ] GC(3) User=0.02s Sys=0.00s Real=0.00s
[2020-02-24T18:27:05.195+0500][gc,start     ] GC(4) Pause Young (Normal) (G1 Evacuation Pause)
[2020-02-24T18:27:05.196+0500][gc,task      ] GC(4) Using 13 workers of 13 for evacuation
[2020-02-24T18:27:05.199+0500][gc,phases    ] GC(4)   Pre Evacuate Collection Set: 0.0ms
[2020-02-24T18:27:05.200+0500][gc,phases    ] GC(4)   Evacuate Collection Set: 3.0ms
[2020-02-24T18:27:05.200+0500][gc,phases    ] GC(4)   Post Evacuate Collection Set: 0.4ms
[2020-02-24T18:27:05.200+0500][gc,phases    ] GC(4)   Other: 0.9ms
[2020-02-24T18:27:05.200+0500][gc,heap      ] GC(4) Eden regions: 46->0(48)
[2020-02-24T18:27:05.200+0500][gc,heap      ] GC(4) Survivor regions: 5->3(7)
[2020-02-24T18:27:05.200+0500][gc,heap      ] GC(4) Old regions: 6->11
[2020-02-24T18:27:05.200+0500][gc,heap      ] GC(4) Archive regions: 2->2
[2020-02-24T18:27:05.200+0500][gc,heap      ] GC(4) Humongous regions: 129->129
[2020-02-24T18:27:05.200+0500][gc,metaspace ] GC(4) Metaspace: 32177K->32177K(1079296K)
[2020-02-24T18:27:05.200+0500][gc           ] GC(4) Pause Young (Normal) (G1 Evacuation Pause) 186M->141M(1024M) 4.457ms
[2020-02-24T18:27:05.200+0500][gc,cpu       ] GC(4) User=0.02s Sys=0.00s Real=0.01s
[2020-02-24T20:41:17.692+0500][gc,start     ] GC(5) Pause Young (Normal) (G1 Evacuation Pause)
[2020-02-24T20:41:17.692+0500][gc,task      ] GC(5) Using 13 workers of 13 for evacuation
[2020-02-24T20:41:17.706+0500][gc,phases    ] GC(5)   Pre Evacuate Collection Set: 0.0ms
[2020-02-24T20:41:17.706+0500][gc,phases    ] GC(5)   Evacuate Collection Set: 11.8ms
[2020-02-24T20:41:17.706+0500][gc,phases    ] GC(5)   Post Evacuate Collection Set: 0.5ms
[2020-02-24T20:41:17.706+0500][gc,phases    ] GC(5)   Other: 2.6ms
[2020-02-24T20:41:17.706+0500][gc,heap      ] GC(5) Eden regions: 48->0(47)
[2020-02-24T20:41:17.706+0500][gc,heap      ] GC(5) Survivor regions: 3->4(7)
[2020-02-24T20:41:17.706+0500][gc,heap      ] GC(5) Old regions: 11->11
[2020-02-24T20:41:17.706+0500][gc,heap      ] GC(5) Archive regions: 2->2
[2020-02-24T20:41:17.706+0500][gc,heap      ] GC(5) Humongous regions: 129->129
[2020-02-24T20:41:17.706+0500][gc,metaspace ] GC(5) Metaspace: 32658K->32658K(1079296K)
[2020-02-24T20:41:17.706+0500][gc           ] GC(5) Pause Young (Normal) (G1 Evacuation Pause) 189M->143M(1024M) 14.708ms
[2020-02-24T20:41:17.706+0500][gc,cpu       ] GC(5) User=0.03s Sys=0.06s Real=0.01s
[2020-02-24T20:46:35.669+0500][gc,start     ] GC(6) Pause Young (Normal) (G1 Evacuation Pause)
[2020-02-24T20:46:35.669+0500][gc,task      ] GC(6) Using 13 workers of 13 for evacuation
[2020-02-24T20:46:35.681+0500][gc,phases    ] GC(6)   Pre Evacuate Collection Set: 0.1ms
[2020-02-24T20:46:35.681+0500][gc,phases    ] GC(6)   Evacuate Collection Set: 11.0ms
[2020-02-24T20:46:35.681+0500][gc,phases    ] GC(6)   Post Evacuate Collection Set: 0.4ms
[2020-02-24T20:46:35.681+0500][gc,phases    ] GC(6)   Other: 0.6ms
[2020-02-24T20:46:35.681+0500][gc,heap      ] GC(6) Eden regions: 47->0(48)
[2020-02-24T20:46:35.681+0500][gc,heap      ] GC(6) Survivor regions: 4->3(7)
[2020-02-24T20:46:35.681+0500][gc,heap      ] GC(6) Old regions: 11->11
[2020-02-24T20:46:35.681+0500][gc,heap      ] GC(6) Archive regions: 2->2
[2020-02-24T20:46:35.681+0500][gc,heap      ] GC(6) Humongous regions: 129->129
[2020-02-24T20:46:35.681+0500][gc,metaspace ] GC(6) Metaspace: 32712K->32712K(1079296K)
[2020-02-24T20:46:35.681+0500][gc           ] GC(6) Pause Young (Normal) (G1 Evacuation Pause) 190M->142M(1024M) 12.211ms
[2020-02-24T20:46:35.681+0500][gc,cpu       ] GC(6) User=0.01s Sys=0.03s Real=0.02s
[2020-02-24T20:52:07.808+0500][gc,start     ] GC(7) Pause Young (Normal) (G1 Evacuation Pause)
[2020-02-24T20:52:07.808+0500][gc,task      ] GC(7) Using 13 workers of 13 for evacuation
[2020-02-24T20:52:07.818+0500][gc,phases    ] GC(7)   Pre Evacuate Collection Set: 0.0ms
[2020-02-24T20:52:07.819+0500][gc,phases    ] GC(7)   Evacuate Collection Set: 8.0ms
[2020-02-24T20:52:07.819+0500][gc,phases    ] GC(7)   Post Evacuate Collection Set: 1.1ms
[2020-02-24T20:52:07.819+0500][gc,phases    ] GC(7)   Other: 2.6ms
[2020-02-24T20:52:07.819+0500][gc,heap      ] GC(7) Eden regions: 48->0(48)
[2020-02-24T20:52:07.819+0500][gc,heap      ] GC(7) Survivor regions: 3->3(7)
[2020-02-24T20:52:07.819+0500][gc,heap      ] GC(7) Old regions: 11->11
[2020-02-24T20:52:07.819+0500][gc,heap      ] GC(7) Archive regions: 2->2
[2020-02-24T20:52:07.819+0500][gc,heap      ] GC(7) Humongous regions: 129->129
[2020-02-24T20:52:07.819+0500][gc,metaspace ] GC(7) Metaspace: 32882K->32882K(1079296K)
[2020-02-24T20:52:07.819+0500][gc           ] GC(7) Pause Young (Normal) (G1 Evacuation Pause) 190M->142M(1024M) 10.866ms
[2020-02-24T20:52:07.819+0500][gc,cpu       ] GC(7) User=0.02s Sys=0.04s Real=0.01s
[2020-02-24T20:57:41.611+0500][gc,start     ] GC(8) Pause Young (Normal) (G1 Evacuation Pause)
[2020-02-24T20:57:41.611+0500][gc,task      ] GC(8) Using 13 workers of 13 for evacuation
[2020-02-24T20:57:41.616+0500][gc,phases    ] GC(8)   Pre Evacuate Collection Set: 0.0ms
[2020-02-24T20:57:41.616+0500][gc,phases    ] GC(8)   Evacuate Collection Set: 4.0ms
[2020-02-24T20:57:41.616+0500][gc,phases    ] GC(8)   Post Evacuate Collection Set: 0.3ms
[2020-02-24T20:57:41.616+0500][gc,phases    ] GC(8)   Other: 1.0ms
[2020-02-24T20:57:41.616+0500][gc,heap      ] GC(8) Eden regions: 48->0(48)
[2020-02-24T20:57:41.616+0500][gc,heap      ] GC(8) Survivor regions: 3->3(7)
[2020-02-24T20:57:41.616+0500][gc,heap      ] GC(8) Old regions: 11->11
[2020-02-24T20:57:41.616+0500][gc,heap      ] GC(8) Archive regions: 2->2
[2020-02-24T20:57:41.616+0500][gc,heap      ] GC(8) Humongous regions: 129->129
[2020-02-24T20:57:41.616+0500][gc,metaspace ] GC(8) Metaspace: 32914K->32914K(1079296K)
[2020-02-24T20:57:41.616+0500][gc           ] GC(8) Pause Young (Normal) (G1 Evacuation Pause) 190M->142M(1024M) 5.437ms
[2020-02-24T20:57:41.616+0500][gc,cpu       ] GC(8) User=0.01s Sys=0.02s Real=0.00s
[2020-02-24T21:03:14.597+0500][gc,start     ] GC(9) Pause Young (Normal) (G1 Evacuation Pause)
[2020-02-24T21:03:14.597+0500][gc,task      ] GC(9) Using 13 workers of 13 for evacuation
[2020-02-24T21:03:14.605+0500][gc,phases    ] GC(9)   Pre Evacuate Collection Set: 0.0ms
[2020-02-24T21:03:14.605+0500][gc,phases    ] GC(9)   Evacuate Collection Set: 7.5ms
[2020-02-24T21:03:14.605+0500][gc,phases    ] GC(9)   Post Evacuate Collection Set: 0.5ms
[2020-02-24T21:03:14.605+0500][gc,phases    ] GC(9)   Other: 1.1ms
[2020-02-24T21:03:14.605+0500][gc,heap      ] GC(9) Eden regions: 48->0(47)
[2020-02-24T21:03:14.605+0500][gc,heap      ] GC(9) Survivor regions: 3->4(7)
[2020-02-24T21:03:14.605+0500][gc,heap      ] GC(9) Old regions: 11->11
[2020-02-24T21:03:14.605+0500][gc,heap      ] GC(9) Archive regions: 2->2
[2020-02-24T21:03:14.605+0500][gc,heap      ] GC(9) Humongous regions: 129->129
[2020-02-24T21:03:14.605+0500][gc,metaspace ] GC(9) Metaspace: 32963K->32963K(1079296K)
[2020-02-24T21:03:14.605+0500][gc           ] GC(9) Pause Young (Normal) (G1 Evacuation Pause) 190M->143M(1024M) 8.835ms
[2020-02-24T21:03:14.605+0500][gc,cpu       ] GC(9) User=0.02s Sys=0.03s Real=0.01s
[2020-02-24T21:07:06.126+0500][gc,start     ] GC(4) Pause Young (Normal) (G1 Evacuation Pause)
[2020-02-24T21:07:06.127+0500][gc,task      ] GC(4) Using 13 workers of 13 for evacuation
[2020-02-24T21:07:06.157+0500][gc,mmu       ] GC(4) MMU target violated: 21.0ms (20.0ms/21.0ms)
[2020-02-24T21:07:06.157+0500][gc,phases    ] GC(4)   Pre Evacuate Collection Set: 0.1ms
[2020-02-24T21:07:06.157+0500][gc,phases    ] GC(4)   Evacuate Collection Set: 23.2ms
[2020-02-24T21:07:06.157+0500][gc,phases    ] GC(4)   Post Evacuate Collection Set: 1.2ms
[2020-02-24T21:07:06.157+0500][gc,phases    ] GC(4)   Other: 6.8ms
[2020-02-24T21:07:06.157+0500][gc,heap      ] GC(4) Eden regions: 46->0(50)
[2020-02-24T21:07:06.157+0500][gc,heap      ] GC(4) Survivor regions: 5->1(7)
[2020-02-24T21:07:06.157+0500][gc,heap      ] GC(4) Old regions: 6->11
[2020-02-24T21:07:06.157+0500][gc,heap      ] GC(4) Archive regions: 2->2
[2020-02-24T21:07:06.157+0500][gc,heap      ] GC(4) Humongous regions: 129->129
[2020-02-24T21:07:06.157+0500][gc,metaspace ] GC(4) Metaspace: 32203K->32203K(1077248K)
[2020-02-24T21:07:06.157+0500][gc           ] GC(4) Pause Young (Normal) (G1 Evacuation Pause) 186M->140M(1024M) 31.359ms
[2020-02-24T21:07:06.157+0500][gc,cpu       ] GC(4) User=0.04s Sys=0.12s Real=0.03s
[2020-02-24T21:08:40.200+0500][gc,start     ] GC(10) Pause Young (Normal) (G1 Evacuation Pause)
[2020-02-24T21:08:40.201+0500][gc,task      ] GC(10) Using 13 workers of 13 for evacuation
[2020-02-24T21:08:40.203+0500][gc,phases    ] GC(10)   Pre Evacuate Collection Set: 0.0ms
[2020-02-24T21:08:40.203+0500][gc,phases    ] GC(10)   Evacuate Collection Set: 1.4ms
[2020-02-24T21:08:40.203+0500][gc,phases    ] GC(10)   Post Evacuate Collection Set: 0.8ms
[2020-02-24T21:08:40.203+0500][gc,phases    ] GC(10)   Other: 0.9ms
[2020-02-24T21:08:40.203+0500][gc,heap      ] GC(10) Eden regions: 47->0(63)
[2020-02-24T21:08:40.203+0500][gc,heap      ] GC(10) Survivor regions: 4->3(7)
[2020-02-24T21:08:40.203+0500][gc,heap      ] GC(10) Old regions: 11->11
[2020-02-24T21:08:40.203+0500][gc,heap      ] GC(10) Archive regions: 2->2
[2020-02-24T21:08:40.203+0500][gc,heap      ] GC(10) Humongous regions: 129->129
[2020-02-24T21:08:40.203+0500][gc,metaspace ] GC(10) Metaspace: 32992K->32992K(1079296K)
[2020-02-24T21:08:40.203+0500][gc           ] GC(10) Pause Young (Normal) (G1 Evacuation Pause) 190M->142M(1024M) 3.131ms
[2020-02-24T21:08:40.203+0500][gc,cpu       ] GC(10) User=0.01s Sys=0.00s Real=0.00s
[2020-02-24T21:15:55.254+0500][gc,start     ] GC(11) Pause Young (Normal) (G1 Evacuation Pause)
[2020-02-24T21:15:55.254+0500][gc,task      ] GC(11) Using 13 workers of 13 for evacuation
[2020-02-24T21:15:55.263+0500][gc,phases    ] GC(11)   Pre Evacuate Collection Set: 0.1ms
[2020-02-24T21:15:55.263+0500][gc,phases    ] GC(11)   Evacuate Collection Set: 5.5ms
[2020-02-24T21:15:55.263+0500][gc,phases    ] GC(11)   Post Evacuate Collection Set: 0.8ms
[2020-02-24T21:15:55.263+0500][gc,phases    ] GC(11)   Other: 2.6ms
[2020-02-24T21:15:55.263+0500][gc,heap      ] GC(11) Eden regions: 63->0(99)
[2020-02-24T21:15:55.263+0500][gc,heap      ] GC(11) Survivor regions: 3->3(9)
[2020-02-24T21:15:55.263+0500][gc,heap      ] GC(11) Old regions: 11->11
[2020-02-24T21:15:55.263+0500][gc,heap      ] GC(11) Archive regions: 2->2
[2020-02-24T21:15:55.263+0500][gc,heap      ] GC(11) Humongous regions: 129->129
[2020-02-24T21:15:55.263+0500][gc,metaspace ] GC(11) Metaspace: 33016K->33016K(1079296K)
[2020-02-24T21:15:55.263+0500][gc           ] GC(11) Pause Young (Normal) (G1 Evacuation Pause) 205M->142M(1024M) 8.560ms
[2020-02-24T21:15:55.263+0500][gc,cpu       ] GC(11) User=0.02s Sys=0.03s Real=0.01s
[2020-02-24T21:27:26.012+0500][gc,start     ] GC(12) Pause Young (Normal) (G1 Evacuation Pause)
[2020-02-24T21:27:26.013+0500][gc,task      ] GC(12) Using 13 workers of 13 for evacuation
[2020-02-24T21:27:26.021+0500][gc,phases    ] GC(12)   Pre Evacuate Collection Set: 0.0ms
[2020-02-24T21:27:26.021+0500][gc,phases    ] GC(12)   Evacuate Collection Set: 5.4ms
[2020-02-24T21:27:26.021+0500][gc,phases    ] GC(12)   Post Evacuate Collection Set: 0.8ms
[2020-02-24T21:27:26.021+0500][gc,phases    ] GC(12)   Other: 2.0ms
[2020-02-24T21:27:26.021+0500][gc,heap      ] GC(12) Eden regions: 99->0(126)
[2020-02-24T21:27:26.021+0500][gc,heap      ] GC(12) Survivor regions: 3->3(13)
[2020-02-24T21:27:26.021+0500][gc,heap      ] GC(12) Old regions: 11->11
[2020-02-24T21:27:26.021+0500][gc,heap      ] GC(12) Archive regions: 2->2
[2020-02-24T21:27:26.021+0500][gc,heap      ] GC(12) Humongous regions: 129->129
[2020-02-24T21:27:26.021+0500][gc,metaspace ] GC(12) Metaspace: 33025K->33025K(1079296K)
[2020-02-24T21:27:26.021+0500][gc           ] GC(12) Pause Young (Normal) (G1 Evacuation Pause) 241M->142M(1024M) 8.315ms
[2020-02-24T21:27:26.021+0500][gc,cpu       ] GC(12) User=0.02s Sys=0.03s Real=0.01s
[2020-02-24T21:41:53.674+0500][gc,start     ] GC(13) Pause Young (Normal) (G1 Evacuation Pause)
[2020-02-24T21:41:53.676+0500][gc,task      ] GC(13) Using 13 workers of 13 for evacuation
[2020-02-24T21:41:53.688+0500][gc,phases    ] GC(13)   Pre Evacuate Collection Set: 0.1ms
[2020-02-24T21:41:53.688+0500][gc,phases    ] GC(13)   Evacuate Collection Set: 9.7ms
[2020-02-24T21:41:53.688+0500][gc,phases    ] GC(13)   Post Evacuate Collection Set: 1.5ms
[2020-02-24T21:41:53.688+0500][gc,phases    ] GC(13)   Other: 3.1ms
[2020-02-24T21:41:53.688+0500][gc,heap      ] GC(13) Eden regions: 126->0(168)
[2020-02-24T21:41:53.688+0500][gc,heap      ] GC(13) Survivor regions: 3->4(17)
[2020-02-24T21:41:53.688+0500][gc,heap      ] GC(13) Old regions: 11->11
[2020-02-24T21:41:53.688+0500][gc,heap      ] GC(13) Archive regions: 2->2
[2020-02-24T21:41:53.688+0500][gc,heap      ] GC(13) Humongous regions: 129->129
[2020-02-24T21:41:53.688+0500][gc,metaspace ] GC(13) Metaspace: 33163K->33163K(1079296K)
[2020-02-24T21:41:53.688+0500][gc           ] GC(13) Pause Young (Normal) (G1 Evacuation Pause) 268M->143M(1024M) 14.498ms
[2020-02-24T21:41:53.689+0500][gc,cpu       ] GC(13) User=0.02s Sys=0.05s Real=0.01s
[2020-02-24T21:44:49.508+0500][gc,start     ] GC(4) Pause Young (Normal) (G1 Evacuation Pause)
[2020-02-24T21:44:49.509+0500][gc,task      ] GC(4) Using 13 workers of 13 for evacuation
[2020-02-24T21:44:49.566+0500][gc,mmu       ] GC(4) MMU target violated: 21.0ms (20.0ms/21.0ms)
[2020-02-24T21:44:49.567+0500][gc,phases    ] GC(4)   Pre Evacuate Collection Set: 0.5ms
[2020-02-24T21:44:49.567+0500][gc,phases    ] GC(4)   Evacuate Collection Set: 47.0ms
[2020-02-24T21:44:49.567+0500][gc,phases    ] GC(4)   Post Evacuate Collection Set: 1.8ms
[2020-02-24T21:44:49.567+0500][gc,phases    ] GC(4)   Other: 10.7ms
[2020-02-24T21:44:49.567+0500][gc,heap      ] GC(4) Eden regions: 46->0(47)
[2020-02-24T21:44:49.567+0500][gc,heap      ] GC(4) Survivor regions: 5->4(7)
[2020-02-24T21:44:49.567+0500][gc,heap      ] GC(4) Old regions: 6->7
[2020-02-24T21:44:49.567+0500][gc,heap      ] GC(4) Archive regions: 2->2
[2020-02-24T21:44:49.567+0500][gc,heap      ] GC(4) Humongous regions: 129->129
[2020-02-24T21:44:49.567+0500][gc,metaspace ] GC(4) Metaspace: 30571K->30571K(1077248K)
[2020-02-24T21:44:49.567+0500][gc           ] GC(4) Pause Young (Normal) (G1 Evacuation Pause) 186M->140M(1024M) 58.196ms
[2020-02-24T21:44:49.567+0500][gc,cpu       ] GC(4) User=0.03s Sys=0.12s Real=0.06s
[2020-02-24T21:59:20.697+0500][gc,start     ] GC(5) Pause Young (Normal) (G1 Evacuation Pause)
[2020-02-24T21:59:20.698+0500][gc,task      ] GC(5) Using 13 workers of 13 for evacuation
[2020-02-24T21:59:20.710+0500][gc,phases    ] GC(5)   Pre Evacuate Collection Set: 0.0ms
[2020-02-24T21:59:20.710+0500][gc,phases    ] GC(5)   Evacuate Collection Set: 8.6ms
[2020-02-24T21:59:20.710+0500][gc,phases    ] GC(5)   Post Evacuate Collection Set: 1.4ms
[2020-02-24T21:59:20.710+0500][gc,phases    ] GC(5)   Other: 2.8ms
[2020-02-24T21:59:20.710+0500][gc,heap      ] GC(5) Eden regions: 50->0(50)
[2020-02-24T21:59:20.710+0500][gc,heap      ] GC(5) Survivor regions: 1->1(7)
[2020-02-24T21:59:20.710+0500][gc,heap      ] GC(5) Old regions: 11->11
[2020-02-24T21:59:20.710+0500][gc,heap      ] GC(5) Archive regions: 2->2
[2020-02-24T21:59:20.710+0500][gc,heap      ] GC(5) Humongous regions: 129->129
[2020-02-24T21:59:20.710+0500][gc,metaspace ] GC(5) Metaspace: 32475K->32475K(1079296K)
[2020-02-24T21:59:20.710+0500][gc           ] GC(5) Pause Young (Normal) (G1 Evacuation Pause) 190M->140M(1024M) 12.867ms
[2020-02-24T21:59:20.710+0500][gc,cpu       ] GC(5) User=0.01s Sys=0.04s Real=0.02s
[2020-02-24T22:01:33.985+0500][gc,start     ] GC(14) Pause Young (Normal) (G1 Evacuation Pause)
[2020-02-24T22:01:33.986+0500][gc,task      ] GC(14) Using 13 workers of 13 for evacuation
[2020-02-24T22:01:34.000+0500][gc,phases    ] GC(14)   Pre Evacuate Collection Set: 0.1ms
[2020-02-24T22:01:34.000+0500][gc,phases    ] GC(14)   Evacuate Collection Set: 10.2ms
[2020-02-24T22:01:34.000+0500][gc,phases    ] GC(14)   Post Evacuate Collection Set: 1.8ms
[2020-02-24T22:01:34.000+0500][gc,phases    ] GC(14)   Other: 3.4ms
[2020-02-24T22:01:34.000+0500][gc,heap      ] GC(14) Eden regions: 168->0(611)
[2020-02-24T22:01:34.000+0500][gc,heap      ] GC(14) Survivor regions: 4->3(22)
[2020-02-24T22:01:34.000+0500][gc,heap      ] GC(14) Old regions: 11->11
[2020-02-24T22:01:34.000+0500][gc,heap      ] GC(14) Archive regions: 2->2
[2020-02-24T22:01:34.000+0500][gc,heap      ] GC(14) Humongous regions: 129->129
[2020-02-24T22:01:34.001+0500][gc,metaspace ] GC(14) Metaspace: 33171K->33171K(1079296K)
[2020-02-24T22:01:34.001+0500][gc           ] GC(14) Pause Young (Normal) (G1 Evacuation Pause) 311M->142M(1024M) 15.783ms
[2020-02-24T22:01:34.001+0500][gc,cpu       ] GC(14) User=0.04s Sys=0.07s Real=0.02s
[2020-02-24T22:04:54.329+0500][gc,start     ] GC(15) Pause Young (Concurrent Start) (Metadata GC Threshold)
[2020-02-24T22:04:54.332+0500][gc,task      ] GC(15) Using 13 workers of 13 for evacuation
[2020-02-24T22:04:54.432+0500][gc,mmu       ] GC(15) MMU target violated: 21.0ms (20.0ms/21.0ms)
[2020-02-24T22:04:54.432+0500][gc,phases    ] GC(15)   Pre Evacuate Collection Set: 2.9ms
[2020-02-24T22:04:54.433+0500][gc,phases    ] GC(15)   Evacuate Collection Set: 82.3ms
[2020-02-24T22:04:54.433+0500][gc,phases    ] GC(15)   Post Evacuate Collection Set: 3.0ms
[2020-02-24T22:04:54.433+0500][gc,phases    ] GC(15)   Other: 20.2ms
[2020-02-24T22:04:54.433+0500][gc,heap      ] GC(15) Eden regions: 24->0(47)
[2020-02-24T22:04:54.433+0500][gc,heap      ] GC(15) Survivor regions: 3->4(77)
[2020-02-24T22:04:54.434+0500][gc,heap      ] GC(15) Old regions: 11->11
[2020-02-24T22:04:54.434+0500][gc,heap      ] GC(15) Archive regions: 2->2
[2020-02-24T22:04:54.434+0500][gc,heap      ] GC(15) Humongous regions: 129->129
[2020-02-24T22:04:54.434+0500][gc,metaspace ] GC(15) Metaspace: 33915K->33915K(1079296K)
[2020-02-24T22:04:54.434+0500][gc           ] GC(15) Pause Young (Concurrent Start) (Metadata GC Threshold) 166M->143M(1024M) 107.123ms
[2020-02-24T22:04:54.434+0500][gc,cpu       ] GC(15) User=0.07s Sys=0.22s Real=0.11s
[2020-02-24T22:04:54.434+0500][gc           ] GC(16) Concurrent Cycle
[2020-02-24T22:04:54.434+0500][gc,marking   ] GC(16) Concurrent Clear Claimed Marks
[2020-02-24T22:04:54.435+0500][gc,marking   ] GC(16) Concurrent Clear Claimed Marks 1.074ms
[2020-02-24T22:04:54.435+0500][gc,marking   ] GC(16) Concurrent Scan Root Regions
[2020-02-24T22:04:54.449+0500][gc,marking   ] GC(16) Concurrent Scan Root Regions 13.480ms
[2020-02-24T22:04:54.449+0500][gc,marking   ] GC(16) Concurrent Mark (5713.502s)
[2020-02-24T22:04:54.449+0500][gc,marking   ] GC(16) Concurrent Mark From Roots
[2020-02-24T22:04:54.449+0500][gc,task      ] GC(16) Using 3 workers of 3 for marking
[2020-02-24T22:04:54.508+0500][gc,marking   ] GC(16) Concurrent Mark From Roots 59.001ms
[2020-02-24T22:04:54.508+0500][gc,marking   ] GC(16) Concurrent Preclean
[2020-02-24T22:04:54.508+0500][gc,marking   ] GC(16) Concurrent Preclean 0.328ms
[2020-02-24T22:04:54.508+0500][gc,marking   ] GC(16) Concurrent Mark (5713.502s, 5713.562s) 59.516ms
[2020-02-24T22:04:54.509+0500][gc,start     ] GC(16) Pause Remark
[2020-02-24T22:04:54.572+0500][gc,mmu       ] GC(16) MMU target violated: 21.0ms (20.0ms/21.0ms)
[2020-02-24T22:04:54.572+0500][gc           ] GC(16) Pause Remark 144M->144M(1024M) 63.088ms
[2020-02-24T22:04:54.572+0500][gc,cpu       ] GC(16) User=0.04s Sys=0.19s Real=0.07s
[2020-02-24T22:04:54.572+0500][gc,marking   ] GC(16) Concurrent Rebuild Remembered Sets
[2020-02-24T22:04:54.582+0500][gc,marking   ] GC(16) Concurrent Rebuild Remembered Sets 9.729ms
[2020-02-24T22:04:54.587+0500][gc,start     ] GC(16) Pause Cleanup
[2020-02-24T22:04:54.587+0500][gc           ] GC(16) Pause Cleanup 144M->144M(1024M) 0.493ms
[2020-02-24T22:04:54.587+0500][gc,cpu       ] GC(16) User=0.00s Sys=0.00s Real=0.00s
[2020-02-24T22:04:54.587+0500][gc,marking   ] GC(16) Concurrent Cleanup for Next Mark
[2020-02-24T22:04:54.601+0500][gc,marking   ] GC(16) Concurrent Cleanup for Next Mark 13.270ms
[2020-02-24T22:04:54.601+0500][gc           ] GC(16) Concurrent Cycle 166.581ms
[2020-02-24T23:24:07.217+0500][gc,start     ] GC(17) Pause Young (Normal) (G1 Evacuation Pause)
[2020-02-24T23:24:07.220+0500][gc,task      ] GC(17) Using 13 workers of 13 for evacuation
[2020-02-24T23:24:07.311+0500][gc,mmu       ] GC(17) MMU target violated: 21.0ms (20.0ms/21.0ms)
[2020-02-24T23:24:07.311+0500][gc,phases    ] GC(17)   Pre Evacuate Collection Set: 1.2ms
[2020-02-24T23:24:07.311+0500][gc,phases    ] GC(17)   Evacuate Collection Set: 75.9ms
[2020-02-24T23:24:07.311+0500][gc,phases    ] GC(17)   Post Evacuate Collection Set: 5.6ms
[2020-02-24T23:24:07.311+0500][gc,phases    ] GC(17)   Other: 11.8ms
[2020-02-24T23:24:07.312+0500][gc,heap      ] GC(17) Eden regions: 47->0(47)
[2020-02-24T23:24:07.312+0500][gc,heap      ] GC(17) Survivor regions: 4->4(7)
[2020-02-24T23:24:07.312+0500][gc,heap      ] GC(17) Old regions: 11->11
[2020-02-24T23:24:07.312+0500][gc,heap      ] GC(17) Archive regions: 2->2
[2020-02-24T23:24:07.312+0500][gc,heap      ] GC(17) Humongous regions: 129->129
[2020-02-24T23:24:07.312+0500][gc,metaspace ] GC(17) Metaspace: 34107K->34107K(1079296K)
[2020-02-24T23:24:07.312+0500][gc           ] GC(17) Pause Young (Normal) (G1 Evacuation Pause) 190M->143M(1024M) 94.756ms
[2020-02-24T23:24:07.312+0500][gc,cpu       ] GC(17) User=0.12s Sys=0.37s Real=0.10s
[2020-02-25T07:29:35.393+0500][gc,start     ] GC(18) Pause Young (Normal) (G1 Evacuation Pause)
[2020-02-25T07:29:35.394+0500][gc,task      ] GC(18) Using 13 workers of 13 for evacuation
[2020-02-25T07:29:35.404+0500][gc,phases    ] GC(18)   Pre Evacuate Collection Set: 0.1ms
[2020-02-25T07:29:35.404+0500][gc,phases    ] GC(18)   Evacuate Collection Set: 7.6ms
[2020-02-25T07:29:35.404+0500][gc,phases    ] GC(18)   Post Evacuate Collection Set: 1.6ms
[2020-02-25T07:29:35.404+0500][gc,phases    ] GC(18)   Other: 1.3ms
[2020-02-25T07:29:35.404+0500][gc,heap      ] GC(18) Eden regions: 47->0(47)
[2020-02-25T07:29:35.404+0500][gc,heap      ] GC(18) Survivor regions: 4->4(7)
[2020-02-25T07:29:35.404+0500][gc,heap      ] GC(18) Old regions: 11->11
[2020-02-25T07:29:35.404+0500][gc,heap      ] GC(18) Archive regions: 2->2
[2020-02-25T07:29:35.404+0500][gc,heap      ] GC(18) Humongous regions: 129->129
[2020-02-25T07:29:35.404+0500][gc,metaspace ] GC(18) Metaspace: 34110K->34110K(1079296K)
[2020-02-25T07:29:35.404+0500][gc           ] GC(18) Pause Young (Normal) (G1 Evacuation Pause) 190M->143M(1024M) 11.067ms
[2020-02-25T07:29:35.404+0500][gc,cpu       ] GC(18) User=0.09s Sys=0.01s Real=0.01s
[2020-02-25T09:35:37.713+0500][gc,start     ] GC(19) Pause Young (Normal) (G1 Evacuation Pause)
[2020-02-25T09:35:37.713+0500][gc,task      ] GC(19) Using 13 workers of 13 for evacuation
[2020-02-25T09:35:37.717+0500][gc,phases    ] GC(19)   Pre Evacuate Collection Set: 0.0ms
[2020-02-25T09:35:37.717+0500][gc,phases    ] GC(19)   Evacuate Collection Set: 2.5ms
[2020-02-25T09:35:37.717+0500][gc,phases    ] GC(19)   Post Evacuate Collection Set: 0.6ms
[2020-02-25T09:35:37.717+0500][gc,phases    ] GC(19)   Other: 0.8ms
[2020-02-25T09:35:37.717+0500][gc,heap      ] GC(19) Eden regions: 47->0(47)
[2020-02-25T09:35:37.717+0500][gc,heap      ] GC(19) Survivor regions: 4->4(7)
[2020-02-25T09:35:37.717+0500][gc,heap      ] GC(19) Old regions: 11->11
[2020-02-25T09:35:37.717+0500][gc,heap      ] GC(19) Archive regions: 2->2
[2020-02-25T09:35:37.717+0500][gc,heap      ] GC(19) Humongous regions: 129->129
[2020-02-25T09:35:37.717+0500][gc,metaspace ] GC(19) Metaspace: 34115K->34115K(1079296K)
[2020-02-25T09:35:37.717+0500][gc           ] GC(19) Pause Young (Normal) (G1 Evacuation Pause) 190M->144M(1024M) 3.983ms
[2020-02-25T09:35:37.717+0500][gc,cpu       ] GC(19) User=0.02s Sys=0.00s Real=0.00s
[2020-02-25T09:41:05.201+0500][gc,start     ] GC(20) Pause Young (Normal) (G1 Evacuation Pause)
[2020-02-25T09:41:05.201+0500][gc,task      ] GC(20) Using 13 workers of 13 for evacuation
[2020-02-25T09:41:05.215+0500][gc,phases    ] GC(20)   Pre Evacuate Collection Set: 0.1ms
[2020-02-25T09:41:05.215+0500][gc,phases    ] GC(20)   Evacuate Collection Set: 11.1ms
[2020-02-25T09:41:05.215+0500][gc,phases    ] GC(20)   Post Evacuate Collection Set: 1.0ms
[2020-02-25T09:41:05.215+0500][gc,phases    ] GC(20)   Other: 1.8ms
[2020-02-25T09:41:05.215+0500][gc,heap      ] GC(20) Eden regions: 47->0(48)
[2020-02-25T09:41:05.215+0500][gc,heap      ] GC(20) Survivor regions: 4->3(7)
[2020-02-25T09:41:05.215+0500][gc,heap      ] GC(20) Old regions: 11->11
[2020-02-25T09:41:05.215+0500][gc,heap      ] GC(20) Archive regions: 2->2
[2020-02-25T09:41:05.215+0500][gc,heap      ] GC(20) Humongous regions: 129->129
[2020-02-25T09:41:05.215+0500][gc,metaspace ] GC(20) Metaspace: 34127K->34127K(1079296K)
[2020-02-25T09:41:05.215+0500][gc           ] GC(20) Pause Young (Normal) (G1 Evacuation Pause) 191M->143M(1024M) 14.140ms
[2020-02-25T09:41:05.215+0500][gc,cpu       ] GC(20) User=0.02s Sys=0.05s Real=0.01s
[2020-02-25T09:46:20.855+0500][gc,start     ] GC(21) Pause Young (Normal) (G1 Evacuation Pause)
[2020-02-25T09:46:20.856+0500][gc,task      ] GC(21) Using 13 workers of 13 for evacuation
[2020-02-25T09:46:20.860+0500][gc,phases    ] GC(21)   Pre Evacuate Collection Set: 0.0ms
[2020-02-25T09:46:20.860+0500][gc,phases    ] GC(21)   Evacuate Collection Set: 2.7ms
[2020-02-25T09:46:20.860+0500][gc,phases    ] GC(21)   Post Evacuate Collection Set: 1.1ms
[2020-02-25T09:46:20.860+0500][gc,phases    ] GC(21)   Other: 1.1ms
[2020-02-25T09:46:20.860+0500][gc,heap      ] GC(21) Eden regions: 48->0(48)
[2020-02-25T09:46:20.860+0500][gc,heap      ] GC(21) Survivor regions: 3->3(7)
[2020-02-25T09:46:20.860+0500][gc,heap      ] GC(21) Old regions: 11->11
[2020-02-25T09:46:20.860+0500][gc,heap      ] GC(21) Archive regions: 2->2
[2020-02-25T09:46:20.860+0500][gc,heap      ] GC(21) Humongous regions: 129->129
[2020-02-25T09:46:20.860+0500][gc,metaspace ] GC(21) Metaspace: 34132K->34132K(1079296K)
[2020-02-25T09:46:20.860+0500][gc           ] GC(21) Pause Young (Normal) (G1 Evacuation Pause) 191M->143M(1024M) 4.929ms
[2020-02-25T09:46:20.860+0500][gc,cpu       ] GC(21) User=0.02s Sys=0.01s Real=0.01s
[2020-02-25T09:51:55.753+0500][gc,start     ] GC(22) Pause Young (Normal) (G1 Evacuation Pause)
[2020-02-25T09:51:55.754+0500][gc,task      ] GC(22) Using 13 workers of 13 for evacuation
[2020-02-25T09:51:55.760+0500][gc,phases    ] GC(22)   Pre Evacuate Collection Set: 0.0ms
[2020-02-25T09:51:55.760+0500][gc,phases    ] GC(22)   Evacuate Collection Set: 5.4ms
[2020-02-25T09:51:55.760+0500][gc,phases    ] GC(22)   Post Evacuate Collection Set: 0.5ms
[2020-02-25T09:51:55.760+0500][gc,phases    ] GC(22)   Other: 0.9ms
[2020-02-25T09:51:55.760+0500][gc,heap      ] GC(22) Eden regions: 48->0(47)
[2020-02-25T09:51:55.760+0500][gc,heap      ] GC(22) Survivor regions: 3->4(7)
[2020-02-25T09:51:55.760+0500][gc,heap      ] GC(22) Old regions: 11->11
[2020-02-25T09:51:55.760+0500][gc,heap      ] GC(22) Archive regions: 2->2
[2020-02-25T09:51:55.760+0500][gc,heap      ] GC(22) Humongous regions: 129->129
[2020-02-25T09:51:55.760+0500][gc,metaspace ] GC(22) Metaspace: 34141K->34141K(1079296K)
[2020-02-25T09:51:55.760+0500][gc           ] GC(22) Pause Young (Normal) (G1 Evacuation Pause) 191M->143M(1024M) 6.538ms
[2020-02-25T09:51:55.760+0500][gc,cpu       ] GC(22) User=0.02s Sys=0.02s Real=0.01s
[2020-02-25T09:57:22.700+0500][gc,start     ] GC(23) Pause Young (Normal) (G1 Evacuation Pause)
[2020-02-25T09:57:22.700+0500][gc,task      ] GC(23) Using 13 workers of 13 for evacuation
[2020-02-25T09:57:22.708+0500][gc,phases    ] GC(23)   Pre Evacuate Collection Set: 0.0ms
[2020-02-25T09:57:22.708+0500][gc,phases    ] GC(23)   Evacuate Collection Set: 5.9ms
[2020-02-25T09:57:22.708+0500][gc,phases    ] GC(23)   Post Evacuate Collection Set: 0.7ms
[2020-02-25T09:57:22.708+0500][gc,phases    ] GC(23)   Other: 1.6ms
[2020-02-25T09:57:22.708+0500][gc,heap      ] GC(23) Eden regions: 47->0(61)
[2020-02-25T09:57:22.708+0500][gc,heap      ] GC(23) Survivor regions: 4->4(7)
[2020-02-25T09:57:22.708+0500][gc,heap      ] GC(23) Old regions: 11->11
[2020-02-25T09:57:22.709+0500][gc,heap      ] GC(23) Archive regions: 2->2
[2020-02-25T09:57:22.709+0500][gc,heap      ] GC(23) Humongous regions: 129->129
[2020-02-25T09:57:22.709+0500][gc,metaspace ] GC(23) Metaspace: 34167K->34167K(1079296K)
[2020-02-25T09:57:22.709+0500][gc           ] GC(23) Pause Young (Normal) (G1 Evacuation Pause) 190M->143M(1024M) 8.440ms
[2020-02-25T09:57:22.709+0500][gc,cpu       ] GC(23) User=0.02s Sys=0.04s Real=0.00s
[2020-02-25T10:04:25.196+0500][gc,start     ] GC(24) Pause Young (Normal) (G1 Evacuation Pause)
[2020-02-25T10:04:25.196+0500][gc,task      ] GC(24) Using 13 workers of 13 for evacuation
[2020-02-25T10:04:25.204+0500][gc,phases    ] GC(24)   Pre Evacuate Collection Set: 0.0ms
[2020-02-25T10:04:25.204+0500][gc,phases    ] GC(24)   Evacuate Collection Set: 6.7ms
[2020-02-25T10:04:25.204+0500][gc,phases    ] GC(24)   Post Evacuate Collection Set: 0.6ms
[2020-02-25T10:04:25.204+0500][gc,phases    ] GC(24)   Other: 0.2ms
[2020-02-25T10:04:25.204+0500][gc,heap      ] GC(24) Eden regions: 61->0(90)
[2020-02-25T10:04:25.204+0500][gc,heap      ] GC(24) Survivor regions: 4->3(9)
[2020-02-25T10:04:25.204+0500][gc,heap      ] GC(24) Old regions: 11->11
[2020-02-25T10:04:25.204+0500][gc,heap      ] GC(24) Archive regions: 2->2
[2020-02-25T10:04:25.204+0500][gc,heap      ] GC(24) Humongous regions: 129->129
[2020-02-25T10:04:25.204+0500][gc,metaspace ] GC(24) Metaspace: 34186K->34186K(1079296K)
[2020-02-25T10:04:25.204+0500][gc           ] GC(24) Pause Young (Normal) (G1 Evacuation Pause) 204M->142M(1024M) 7.627ms
[2020-02-25T10:04:25.204+0500][gc,cpu       ] GC(24) User=0.02s Sys=0.02s Real=0.01s
[2020-02-25T10:05:56.856+0500][gc,start     ] GC(6) Pause Young (Normal) (G1 Evacuation Pause)
[2020-02-25T10:05:56.856+0500][gc,task      ] GC(6) Using 13 workers of 13 for evacuation
[2020-02-25T10:05:56.924+0500][gc,mmu       ] GC(6) MMU target violated: 21.0ms (20.0ms/21.0ms)
[2020-02-25T10:05:56.924+0500][gc,phases    ] GC(6)   Pre Evacuate Collection Set: 0.0ms
[2020-02-25T10:05:56.924+0500][gc,phases    ] GC(6)   Evacuate Collection Set: 48.9ms
[2020-02-25T10:05:56.924+0500][gc,phases    ] GC(6)   Post Evacuate Collection Set: 4.1ms
[2020-02-25T10:05:56.924+0500][gc,phases    ] GC(6)   Other: 15.8ms
[2020-02-25T10:05:56.924+0500][gc,heap      ] GC(6) Eden regions: 50->0(50)
[2020-02-25T10:05:56.924+0500][gc,heap      ] GC(6) Survivor regions: 1->1(7)
[2020-02-25T10:05:56.924+0500][gc,heap      ] GC(6) Old regions: 11->11
[2020-02-25T10:05:56.924+0500][gc,heap      ] GC(6) Archive regions: 2->2
[2020-02-25T10:05:56.924+0500][gc,heap      ] GC(6) Humongous regions: 129->129
[2020-02-25T10:05:56.924+0500][gc,metaspace ] GC(6) Metaspace: 32618K->32618K(1079296K)
[2020-02-25T10:05:56.924+0500][gc           ] GC(6) Pause Young (Normal) (G1 Evacuation Pause) 190M->140M(1024M) 68.969ms
[2020-02-25T10:05:56.925+0500][gc,cpu       ] GC(6) User=0.03s Sys=0.09s Real=0.07s
[2020-02-25T10:14:52.494+0500][gc,start     ] GC(25) Pause Young (Normal) (G1 Evacuation Pause)
[2020-02-25T10:14:52.495+0500][gc,task      ] GC(25) Using 13 workers of 13 for evacuation
[2020-02-25T10:14:52.502+0500][gc,phases    ] GC(25)   Pre Evacuate Collection Set: 0.0ms
[2020-02-25T10:14:52.502+0500][gc,phases    ] GC(25)   Evacuate Collection Set: 6.2ms
[2020-02-25T10:14:52.502+0500][gc,phases    ] GC(25)   Post Evacuate Collection Set: 0.5ms
[2020-02-25T10:14:52.502+0500][gc,phases    ] GC(25)   Other: 0.9ms
[2020-02-25T10:14:52.502+0500][gc,heap      ] GC(25) Eden regions: 90->0(117)
[2020-02-25T10:14:52.502+0500][gc,heap      ] GC(25) Survivor regions: 3->3(12)
[2020-02-25T10:14:52.502+0500][gc,heap      ] GC(25) Old regions: 11->11
[2020-02-25T10:14:52.502+0500][gc,heap      ] GC(25) Archive regions: 2->2
[2020-02-25T10:14:52.502+0500][gc,heap      ] GC(25) Humongous regions: 129->129
[2020-02-25T10:14:52.502+0500][gc,metaspace ] GC(25) Metaspace: 34190K->34190K(1079296K)
[2020-02-25T10:14:52.502+0500][gc           ] GC(25) Pause Young (Normal) (G1 Evacuation Pause) 232M->143M(1024M) 7.717ms
[2020-02-25T10:14:52.502+0500][gc,cpu       ] GC(25) User=0.01s Sys=0.03s Real=0.01s
[2020-02-25T10:24:09.234+0500][gc,start     ] GC(5) Pause Young (Normal) (G1 Evacuation Pause)
[2020-02-25T10:24:09.235+0500][gc,task      ] GC(5) Using 13 workers of 13 for evacuation
[2020-02-25T10:24:09.318+0500][gc,mmu       ] GC(5) MMU target violated: 21.0ms (20.0ms/21.0ms)
[2020-02-25T10:24:09.318+0500][gc,phases    ] GC(5)   Pre Evacuate Collection Set: 0.1ms
[2020-02-25T10:24:09.318+0500][gc,phases    ] GC(5)   Evacuate Collection Set: 59.1ms
[2020-02-25T10:24:09.318+0500][gc,phases    ] GC(5)   Post Evacuate Collection Set: 5.2ms
[2020-02-25T10:24:09.318+0500][gc,phases    ] GC(5)   Other: 20.4ms
[2020-02-25T10:24:09.318+0500][gc,heap      ] GC(5) Eden regions: 47->0(47)
[2020-02-25T10:24:09.318+0500][gc,heap      ] GC(5) Survivor regions: 4->4(7)
[2020-02-25T10:24:09.318+0500][gc,heap      ] GC(5) Old regions: 7->7
[2020-02-25T10:24:09.318+0500][gc,heap      ] GC(5) Archive regions: 2->2
[2020-02-25T10:24:09.318+0500][gc,heap      ] GC(5) Humongous regions: 129->129
[2020-02-25T10:24:09.318+0500][gc,metaspace ] GC(5) Metaspace: 30708K->30708K(1077248K)
[2020-02-25T10:24:09.318+0500][gc           ] GC(5) Pause Young (Normal) (G1 Evacuation Pause) 187M->140M(1024M) 84.482ms
[2020-02-25T10:24:09.318+0500][gc,cpu       ] GC(5) User=0.04s Sys=0.16s Real=0.08s
[2020-02-25T10:28:28.894+0500][gc,start     ] GC(26) Pause Young (Normal) (G1 Evacuation Pause)
[2020-02-25T10:28:28.895+0500][gc,task      ] GC(26) Using 13 workers of 13 for evacuation
[2020-02-25T10:28:28.919+0500][gc,mmu       ] GC(26) MMU target violated: 21.0ms (20.0ms/21.0ms)
[2020-02-25T10:28:28.919+0500][gc,phases    ] GC(26)   Pre Evacuate Collection Set: 0.0ms
[2020-02-25T10:28:28.919+0500][gc,phases    ] GC(26)   Evacuate Collection Set: 17.9ms
[2020-02-25T10:28:28.919+0500][gc,phases    ] GC(26)   Post Evacuate Collection Set: 3.7ms
[2020-02-25T10:28:28.919+0500][gc,phases    ] GC(26)   Other: 4.3ms
[2020-02-25T10:28:28.919+0500][gc,heap      ] GC(26) Eden regions: 117->0(73)
[2020-02-25T10:28:28.919+0500][gc,heap      ] GC(26) Survivor regions: 3->3(15)
[2020-02-25T10:28:28.919+0500][gc,heap      ] GC(26) Old regions: 11->11
[2020-02-25T10:28:28.919+0500][gc,heap      ] GC(26) Archive regions: 2->2
[2020-02-25T10:28:28.919+0500][gc,heap      ] GC(26) Humongous regions: 129->129
[2020-02-25T10:28:28.919+0500][gc,metaspace ] GC(26) Metaspace: 34193K->34193K(1079296K)
[2020-02-25T10:28:28.919+0500][gc           ] GC(26) Pause Young (Normal) (G1 Evacuation Pause) 260M->143M(1024M) 25.910ms
[2020-02-25T10:28:28.919+0500][gc,cpu       ] GC(26) User=0.02s Sys=0.10s Real=0.02s
[2020-02-25T10:36:57.948+0500][gc,start     ] GC(27) Pause Young (Normal) (G1 Evacuation Pause)
[2020-02-25T10:36:57.950+0500][gc,task      ] GC(27) Using 13 workers of 13 for evacuation
[2020-02-25T10:36:57.986+0500][gc,mmu       ] GC(27) MMU target violated: 21.0ms (20.0ms/21.0ms)
[2020-02-25T10:36:57.986+0500][gc,phases    ] GC(27)   Pre Evacuate Collection Set: 0.1ms
[2020-02-25T10:36:57.986+0500][gc,phases    ] GC(27)   Evacuate Collection Set: 14.9ms
[2020-02-25T10:36:57.986+0500][gc,phases    ] GC(27)   Post Evacuate Collection Set: 2.9ms
[2020-02-25T10:36:57.986+0500][gc,phases    ] GC(27)   Other: 20.1ms
[2020-02-25T10:36:57.986+0500][gc,heap      ] GC(27) Eden regions: 73->0(48)
[2020-02-25T10:36:57.986+0500][gc,heap      ] GC(27) Survivor regions: 3->3(10)
[2020-02-25T10:36:57.986+0500][gc,heap      ] GC(27) Old regions: 11->11
[2020-02-25T10:36:57.986+0500][gc,heap      ] GC(27) Archive regions: 2->2
[2020-02-25T10:36:57.986+0500][gc,heap      ] GC(27) Humongous regions: 129->129
[2020-02-25T10:36:57.986+0500][gc,metaspace ] GC(27) Metaspace: 34193K->34193K(1079296K)
[2020-02-25T10:36:57.986+0500][gc           ] GC(27) Pause Young (Normal) (G1 Evacuation Pause) 216M->143M(1024M) 38.062ms
[2020-02-25T10:36:57.986+0500][gc,cpu       ] GC(27) User=0.02s Sys=0.07s Real=0.04s
[2020-02-25T10:42:34.029+0500][gc,start     ] GC(28) Pause Young (Normal) (G1 Evacuation Pause)
[2020-02-25T10:42:34.030+0500][gc,task      ] GC(28) Using 13 workers of 13 for evacuation
[2020-02-25T10:42:34.036+0500][gc,phases    ] GC(28)   Pre Evacuate Collection Set: 0.0ms
[2020-02-25T10:42:34.036+0500][gc,phases    ] GC(28)   Evacuate Collection Set: 5.5ms
[2020-02-25T10:42:34.036+0500][gc,phases    ] GC(28)   Post Evacuate Collection Set: 0.5ms
[2020-02-25T10:42:34.036+0500][gc,phases    ] GC(28)   Other: 1.1ms
[2020-02-25T10:42:34.036+0500][gc,heap      ] GC(28) Eden regions: 48->0(48)
[2020-02-25T10:42:34.036+0500][gc,heap      ] GC(28) Survivor regions: 3->3(7)
[2020-02-25T10:42:34.036+0500][gc,heap      ] GC(28) Old regions: 11->11
[2020-02-25T10:42:34.036+0500][gc,heap      ] GC(28) Archive regions: 2->2
[2020-02-25T10:42:34.036+0500][gc,heap      ] GC(28) Humongous regions: 129->129
[2020-02-25T10:42:34.036+0500][gc,metaspace ] GC(28) Metaspace: 34212K->34212K(1079296K)
[2020-02-25T10:42:34.036+0500][gc           ] GC(28) Pause Young (Normal) (G1 Evacuation Pause) 191M->143M(1024M) 6.723ms
[2020-02-25T10:42:34.036+0500][gc,cpu       ] GC(28) User=0.02s Sys=0.03s Real=0.01s
[2020-02-25T10:47:49.354+0500][gc,start     ] GC(29) Pause Young (Normal) (G1 Evacuation Pause)
[2020-02-25T10:47:49.355+0500][gc,task      ] GC(29) Using 13 workers of 13 for evacuation
[2020-02-25T10:47:49.361+0500][gc,phases    ] GC(29)   Pre Evacuate Collection Set: 0.0ms
[2020-02-25T10:47:49.361+0500][gc,phases    ] GC(29)   Evacuate Collection Set: 5.3ms
[2020-02-25T10:47:49.361+0500][gc,phases    ] GC(29)   Post Evacuate Collection Set: 0.4ms
[2020-02-25T10:47:49.361+0500][gc,phases    ] GC(29)   Other: 1.1ms
[2020-02-25T10:47:49.361+0500][gc,heap      ] GC(29) Eden regions: 48->0(76)
[2020-02-25T10:47:49.361+0500][gc,heap      ] GC(29) Survivor regions: 3->4(7)
[2020-02-25T10:47:49.361+0500][gc,heap      ] GC(29) Old regions: 11->11
[2020-02-25T10:47:49.361+0500][gc,heap      ] GC(29) Archive regions: 2->2
[2020-02-25T10:47:49.361+0500][gc,heap      ] GC(29) Humongous regions: 129->129
[2020-02-25T10:47:49.361+0500][gc,metaspace ] GC(29) Metaspace: 34218K->34218K(1079296K)
[2020-02-25T10:47:49.361+0500][gc           ] GC(29) Pause Young (Normal) (G1 Evacuation Pause) 191M->143M(1024M) 6.899ms
[2020-02-25T10:47:49.361+0500][gc,cpu       ] GC(29) User=0.02s Sys=0.02s Real=0.01s
[2020-02-25T10:56:37.785+0500][gc,start     ] GC(30) Pause Young (Normal) (G1 Evacuation Pause)
[2020-02-25T10:56:37.786+0500][gc,task      ] GC(30) Using 13 workers of 13 for evacuation
[2020-02-25T10:56:37.809+0500][gc,mmu       ] GC(30) MMU target violated: 21.0ms (20.0ms/21.0ms)
[2020-02-25T10:56:37.809+0500][gc,phases    ] GC(30)   Pre Evacuate Collection Set: 0.1ms
[2020-02-25T10:56:37.809+0500][gc,phases    ] GC(30)   Evacuate Collection Set: 20.4ms
[2020-02-25T10:56:37.809+0500][gc,phases    ] GC(30)   Post Evacuate Collection Set: 0.7ms
[2020-02-25T10:56:37.809+0500][gc,phases    ] GC(30)   Other: 2.8ms
[2020-02-25T10:56:37.809+0500][gc,heap      ] GC(30) Eden regions: 76->0(48)
[2020-02-25T10:56:37.809+0500][gc,heap      ] GC(30) Survivor regions: 4->4(10)
[2020-02-25T10:56:37.809+0500][gc,heap      ] GC(30) Old regions: 11->11
[2020-02-25T10:56:37.809+0500][gc,heap      ] GC(30) Archive regions: 2->2
[2020-02-25T10:56:37.809+0500][gc,heap      ] GC(30) Humongous regions: 129->129
[2020-02-25T10:56:37.809+0500][gc,metaspace ] GC(30) Metaspace: 34224K->34224K(1079296K)
[2020-02-25T10:56:37.809+0500][gc           ] GC(30) Pause Young (Normal) (G1 Evacuation Pause) 219M->144M(1024M) 24.004ms
[2020-02-25T10:56:37.809+0500][gc,cpu       ] GC(30) User=0.02s Sys=0.07s Real=0.02s
[2020-02-25T10:58:52.763+0500][gc,start     ] GC(7) Pause Young (Normal) (G1 Evacuation Pause)
[2020-02-25T10:58:52.765+0500][gc,task      ] GC(7) Using 13 workers of 13 for evacuation
[2020-02-25T10:58:52.796+0500][gc,mmu       ] GC(7) MMU target violated: 21.0ms (20.0ms/21.0ms)
[2020-02-25T10:58:52.796+0500][gc,phases    ] GC(7)   Pre Evacuate Collection Set: 0.0ms
[2020-02-25T10:58:52.796+0500][gc,phases    ] GC(7)   Evacuate Collection Set: 19.6ms
[2020-02-25T10:58:52.796+0500][gc,phases    ] GC(7)   Post Evacuate Collection Set: 2.5ms
[2020-02-25T10:58:52.796+0500][gc,phases    ] GC(7)   Other: 10.9ms
[2020-02-25T10:58:52.796+0500][gc,heap      ] GC(7) Eden regions: 50->0(50)
[2020-02-25T10:58:52.796+0500][gc,heap      ] GC(7) Survivor regions: 1->1(7)
[2020-02-25T10:58:52.796+0500][gc,heap      ] GC(7) Old regions: 11->11
[2020-02-25T10:58:52.796+0500][gc,heap      ] GC(7) Archive regions: 2->2
[2020-02-25T10:58:52.796+0500][gc,heap      ] GC(7) Humongous regions: 129->129
[2020-02-25T10:58:52.796+0500][gc,metaspace ] GC(7) Metaspace: 32650K->32650K(1079296K)
[2020-02-25T10:58:52.796+0500][gc           ] GC(7) Pause Young (Normal) (G1 Evacuation Pause) 190M->140M(1024M) 32.570ms
[2020-02-25T10:58:52.796+0500][gc,cpu       ] GC(7) User=0.02s Sys=0.04s Real=0.03s
[2020-02-25T11:02:12.000+0500][gc,start     ] GC(31) Pause Young (Normal) (G1 Evacuation Pause)
[2020-02-25T11:02:12.000+0500][gc,task      ] GC(31) Using 13 workers of 13 for evacuation
[2020-02-25T11:02:12.002+0500][gc,phases    ] GC(31)   Pre Evacuate Collection Set: 0.0ms
[2020-02-25T11:02:12.002+0500][gc,phases    ] GC(31)   Evacuate Collection Set: 1.7ms
[2020-02-25T11:02:12.002+0500][gc,phases    ] GC(31)   Post Evacuate Collection Set: 0.3ms
[2020-02-25T11:02:12.002+0500][gc,phases    ] GC(31)   Other: 0.3ms
[2020-02-25T11:02:12.002+0500][gc,heap      ] GC(31) Eden regions: 48->0(91)
[2020-02-25T11:02:12.002+0500][gc,heap      ] GC(31) Survivor regions: 4->3(7)
[2020-02-25T11:02:12.002+0500][gc,heap      ] GC(31) Old regions: 11->12
[2020-02-25T11:02:12.002+0500][gc,heap      ] GC(31) Archive regions: 2->2
[2020-02-25T11:02:12.002+0500][gc,heap      ] GC(31) Humongous regions: 129->129
[2020-02-25T11:02:12.002+0500][gc,metaspace ] GC(31) Metaspace: 34226K->34226K(1079296K)
[2020-02-25T11:02:12.002+0500][gc           ] GC(31) Pause Young (Normal) (G1 Evacuation Pause) 192M->143M(1024M) 2.449ms
[2020-02-25T11:02:12.002+0500][gc,cpu       ] GC(31) User=0.01s Sys=0.00s Real=0.00s
[2020-02-25T11:12:51.226+0500][gc,start     ] GC(32) Pause Young (Normal) (G1 Evacuation Pause)
[2020-02-25T11:12:51.227+0500][gc,task      ] GC(32) Using 13 workers of 13 for evacuation
[2020-02-25T11:12:51.249+0500][gc,mmu       ] GC(32) MMU target violated: 21.0ms (20.0ms/21.0ms)
[2020-02-25T11:12:51.249+0500][gc,phases    ] GC(32)   Pre Evacuate Collection Set: 0.1ms
[2020-02-25T11:12:51.249+0500][gc,phases    ] GC(32)   Evacuate Collection Set: 17.1ms
[2020-02-25T11:12:51.249+0500][gc,phases    ] GC(32)   Post Evacuate Collection Set: 1.1ms
[2020-02-25T11:12:51.249+0500][gc,phases    ] GC(32)   Other: 4.3ms
[2020-02-25T11:12:51.249+0500][gc,heap      ] GC(32) Eden regions: 91->0(89)
[2020-02-25T11:12:51.249+0500][gc,heap      ] GC(32) Survivor regions: 3->3(12)
[2020-02-25T11:12:51.249+0500][gc,heap      ] GC(32) Old regions: 12->12
[2020-02-25T11:12:51.249+0500][gc,heap      ] GC(32) Archive regions: 2->2
[2020-02-25T11:12:51.249+0500][gc,heap      ] GC(32) Humongous regions: 129->129
[2020-02-25T11:12:51.249+0500][gc,metaspace ] GC(32) Metaspace: 34233K->34233K(1079296K)
[2020-02-25T11:12:51.249+0500][gc           ] GC(32) Pause Young (Normal) (G1 Evacuation Pause) 234M->143M(1024M) 22.991ms
[2020-02-25T11:12:51.250+0500][gc,cpu       ] GC(32) User=0.02s Sys=0.07s Real=0.03s
[2020-02-25T11:31:21.759+0500][gc,start     ] GC(33) Pause Young (Normal) (G1 Evacuation Pause)
[2020-02-25T11:31:21.760+0500][gc,task      ] GC(33) Using 13 workers of 13 for evacuation
[2020-02-25T11:31:21.777+0500][gc,phases    ] GC(33)   Pre Evacuate Collection Set: 0.2ms
[2020-02-25T11:31:21.777+0500][gc,phases    ] GC(33)   Evacuate Collection Set: 11.4ms
[2020-02-25T11:31:21.777+0500][gc,phases    ] GC(33)   Post Evacuate Collection Set: 1.2ms
[2020-02-25T11:31:21.778+0500][gc,phases    ] GC(33)   Other: 5.6ms
[2020-02-25T11:31:21.778+0500][gc,heap      ] GC(33) Eden regions: 89->0(108)
[2020-02-25T11:31:21.778+0500][gc,heap      ] GC(33) Survivor regions: 3->3(12)
[2020-02-25T11:31:21.778+0500][gc,heap      ] GC(33) Old regions: 12->12
[2020-02-25T11:31:21.778+0500][gc,heap      ] GC(33) Archive regions: 2->2
[2020-02-25T11:31:21.778+0500][gc,heap      ] GC(33) Humongous regions: 129->129
[2020-02-25T11:31:21.778+0500][gc,metaspace ] GC(33) Metaspace: 34247K->34247K(1079296K)
[2020-02-25T11:31:21.778+0500][gc           ] GC(33) Pause Young (Normal) (G1 Evacuation Pause) 232M->143M(1024M) 18.463ms
[2020-02-25T11:31:21.778+0500][gc,cpu       ] GC(33) User=0.02s Sys=0.03s Real=0.02s
[2020-02-25T11:43:58.085+0500][gc,start     ] GC(34) Pause Young (Normal) (G1 Evacuation Pause)
[2020-02-25T11:43:58.085+0500][gc,task      ] GC(34) Using 13 workers of 13 for evacuation
[2020-02-25T11:43:58.101+0500][gc,phases    ] GC(34)   Pre Evacuate Collection Set: 0.1ms
[2020-02-25T11:43:58.101+0500][gc,phases    ] GC(34)   Evacuate Collection Set: 12.5ms
[2020-02-25T11:43:58.101+0500][gc,phases    ] GC(34)   Post Evacuate Collection Set: 1.2ms
[2020-02-25T11:43:58.101+0500][gc,phases    ] GC(34)   Other: 2.9ms
[2020-02-25T11:43:58.101+0500][gc,heap      ] GC(34) Eden regions: 108->0(123)
[2020-02-25T11:43:58.101+0500][gc,heap      ] GC(34) Survivor regions: 3->4(14)
[2020-02-25T11:43:58.101+0500][gc,heap      ] GC(34) Old regions: 12->12
[2020-02-25T11:43:58.101+0500][gc,heap      ] GC(34) Archive regions: 2->2
[2020-02-25T11:43:58.101+0500][gc,heap      ] GC(34) Humongous regions: 129->129
[2020-02-25T11:43:58.101+0500][gc,metaspace ] GC(34) Metaspace: 34250K->34250K(1079296K)
[2020-02-25T11:43:58.101+0500][gc           ] GC(34) Pause Young (Normal) (G1 Evacuation Pause) 251M->144M(1024M) 16.275ms
[2020-02-25T11:43:58.101+0500][gc,cpu       ] GC(34) User=0.01s Sys=0.05s Real=0.02s
[2020-02-25T11:57:44.461+0500][gc,start     ] GC(6) Pause Young (Normal) (G1 Evacuation Pause)
[2020-02-25T11:57:44.463+0500][gc,task      ] GC(6) Using 13 workers of 13 for evacuation
[2020-02-25T11:57:44.502+0500][gc,mmu       ] GC(6) MMU target violated: 21.0ms (20.0ms/21.0ms)
[2020-02-25T11:57:44.502+0500][gc,phases    ] GC(6)   Pre Evacuate Collection Set: 0.0ms
[2020-02-25T11:57:44.502+0500][gc,phases    ] GC(6)   Evacuate Collection Set: 28.6ms
[2020-02-25T11:57:44.502+0500][gc,phases    ] GC(6)   Post Evacuate Collection Set: 3.2ms
[2020-02-25T11:57:44.502+0500][gc,phases    ] GC(6)   Other: 9.1ms
[2020-02-25T11:57:44.502+0500][gc,heap      ] GC(6) Eden regions: 47->0(47)
[2020-02-25T11:57:44.502+0500][gc,heap      ] GC(6) Survivor regions: 4->4(7)
[2020-02-25T11:57:44.502+0500][gc,heap      ] GC(6) Old regions: 7->7
[2020-02-25T11:57:44.502+0500][gc,heap      ] GC(6) Archive regions: 2->2
[2020-02-25T11:57:44.502+0500][gc,heap      ] GC(6) Humongous regions: 129->129
[2020-02-25T11:57:44.502+0500][gc,metaspace ] GC(6) Metaspace: 30743K->30743K(1077248K)
[2020-02-25T11:57:44.503+0500][gc           ] GC(6) Pause Young (Normal) (G1 Evacuation Pause) 187M->140M(1024M) 41.481ms
[2020-02-25T11:57:44.503+0500][gc,cpu       ] GC(6) User=0.03s Sys=0.10s Real=0.04s
[2020-02-25T11:58:00.164+0500][gc,start     ] GC(35) Pause Young (Normal) (G1 Evacuation Pause)
[2020-02-25T11:58:00.165+0500][gc,task      ] GC(35) Using 13 workers of 13 for evacuation
[2020-02-25T11:58:00.183+0500][gc,phases    ] GC(35)   Pre Evacuate Collection Set: 0.1ms
[2020-02-25T11:58:00.183+0500][gc,phases    ] GC(35)   Evacuate Collection Set: 14.3ms
[2020-02-25T11:58:00.183+0500][gc,phases    ] GC(35)   Post Evacuate Collection Set: 1.6ms
[2020-02-25T11:58:00.183+0500][gc,phases    ] GC(35)   Other: 2.7ms
[2020-02-25T11:58:00.183+0500][gc,heap      ] GC(35) Eden regions: 123->0(106)
[2020-02-25T11:58:00.183+0500][gc,heap      ] GC(35) Survivor regions: 4->3(16)
[2020-02-25T11:58:00.183+0500][gc,heap      ] GC(35) Old regions: 12->12
[2020-02-25T11:58:00.183+0500][gc,heap      ] GC(35) Archive regions: 2->2
[2020-02-25T11:58:00.183+0500][gc,heap      ] GC(35) Humongous regions: 129->129
[2020-02-25T11:58:00.183+0500][gc,metaspace ] GC(35) Metaspace: 34252K->34252K(1079296K)
[2020-02-25T11:58:00.183+0500][gc           ] GC(35) Pause Young (Normal) (G1 Evacuation Pause) 267M->143M(1024M) 18.730ms
[2020-02-25T11:58:00.183+0500][gc,cpu       ] GC(35) User=0.02s Sys=0.05s Real=0.02s
[2020-02-25T12:00:26.252+0500][gc,start     ] GC(8) Pause Young (Normal) (G1 Evacuation Pause)
[2020-02-25T12:00:26.254+0500][gc,task      ] GC(8) Using 13 workers of 13 for evacuation
[2020-02-25T12:00:26.308+0500][gc,mmu       ] GC(8) MMU target violated: 21.0ms (20.0ms/21.0ms)
[2020-02-25T12:00:26.308+0500][gc,phases    ] GC(8)   Pre Evacuate Collection Set: 0.1ms
[2020-02-25T12:00:26.308+0500][gc,phases    ] GC(8)   Evacuate Collection Set: 38.7ms
[2020-02-25T12:00:26.308+0500][gc,phases    ] GC(8)   Post Evacuate Collection Set: 3.7ms
[2020-02-25T12:00:26.308+0500][gc,phases    ] GC(8)   Other: 14.4ms
[2020-02-25T12:00:26.308+0500][gc,heap      ] GC(8) Eden regions: 50->0(50)
[2020-02-25T12:00:26.308+0500][gc,heap      ] GC(8) Survivor regions: 1->1(7)
[2020-02-25T12:00:26.308+0500][gc,heap      ] GC(8) Old regions: 11->11
[2020-02-25T12:00:26.308+0500][gc,heap      ] GC(8) Archive regions: 2->2
[2020-02-25T12:00:26.308+0500][gc,heap      ] GC(8) Humongous regions: 129->129
[2020-02-25T12:00:26.308+0500][gc,metaspace ] GC(8) Metaspace: 32692K->32692K(1079296K)
[2020-02-25T12:00:26.309+0500][gc           ] GC(8) Pause Young (Normal) (G1 Evacuation Pause) 190M->140M(1024M) 56.970ms
[2020-02-25T12:00:26.309+0500][gc,cpu       ] GC(8) User=0.03s Sys=0.07s Real=0.05s
[2020-02-25T12:44:22.020+0500][gc,start     ] GC(36) Pause Young (Normal) (G1 Evacuation Pause)
[2020-02-25T12:44:22.021+0500][gc,task      ] GC(36) Using 13 workers of 13 for evacuation
[2020-02-25T12:44:22.079+0500][gc,mmu       ] GC(36) MMU target violated: 21.0ms (20.0ms/21.0ms)
[2020-02-25T12:44:22.079+0500][gc,phases    ] GC(36)   Pre Evacuate Collection Set: 0.1ms
[2020-02-25T12:44:22.079+0500][gc,phases    ] GC(36)   Evacuate Collection Set: 37.0ms
[2020-02-25T12:44:22.079+0500][gc,phases    ] GC(36)   Post Evacuate Collection Set: 6.0ms
[2020-02-25T12:44:22.079+0500][gc,phases    ] GC(36)   Other: 15.3ms
[2020-02-25T12:44:22.079+0500][gc,heap      ] GC(36) Eden regions: 106->0(48)
[2020-02-25T12:44:22.079+0500][gc,heap      ] GC(36) Survivor regions: 3->3(14)
[2020-02-25T12:44:22.079+0500][gc,heap      ] GC(36) Old regions: 12->12
[2020-02-25T12:44:22.079+0500][gc,heap      ] GC(36) Archive regions: 2->2
[2020-02-25T12:44:22.079+0500][gc,heap      ] GC(36) Humongous regions: 129->129
[2020-02-25T12:44:22.079+0500][gc,metaspace ] GC(36) Metaspace: 34288K->34288K(1079296K)
[2020-02-25T12:44:22.079+0500][gc           ] GC(36) Pause Young (Normal) (G1 Evacuation Pause) 249M->143M(1024M) 58.454ms
[2020-02-25T12:44:22.079+0500][gc,cpu       ] GC(36) User=0.02s Sys=0.10s Real=0.05s
[2020-02-25T12:51:34.339+0500][gc,start     ] GC(37) Pause Young (Normal) (G1 Evacuation Pause)
[2020-02-25T12:51:34.340+0500][gc,task      ] GC(37) Using 13 workers of 13 for evacuation
[2020-02-25T12:51:34.416+0500][gc,mmu       ] GC(37) MMU target violated: 21.0ms (20.0ms/21.0ms)
[2020-02-25T12:51:34.416+0500][gc,phases    ] GC(37)   Pre Evacuate Collection Set: 0.1ms
[2020-02-25T12:51:34.416+0500][gc,phases    ] GC(37)   Evacuate Collection Set: 60.1ms
[2020-02-25T12:51:34.416+0500][gc,phases    ] GC(37)   Post Evacuate Collection Set: 2.2ms
[2020-02-25T12:51:34.416+0500][gc,phases    ] GC(37)   Other: 16.3ms
[2020-02-25T12:51:34.416+0500][gc,heap      ] GC(37) Eden regions: 48->0(48)
[2020-02-25T12:51:34.416+0500][gc,heap      ] GC(37) Survivor regions: 3->3(7)
[2020-02-25T12:51:34.416+0500][gc,heap      ] GC(37) Old regions: 12->12
[2020-02-25T12:51:34.416+0500][gc,heap      ] GC(37) Archive regions: 2->2
[2020-02-25T12:51:34.416+0500][gc,heap      ] GC(37) Humongous regions: 129->129
[2020-02-25T12:51:34.416+0500][gc,metaspace ] GC(37) Metaspace: 34293K->34293K(1079296K)
[2020-02-25T12:51:34.416+0500][gc           ] GC(37) Pause Young (Normal) (G1 Evacuation Pause) 191M->143M(1024M) 77.616ms
[2020-02-25T12:51:34.416+0500][gc,cpu       ] GC(37) User=0.07s Sys=0.23s Real=0.08s
[2020-02-25T14:23:56.451+0500][gc,start     ] GC(38) Pause Young (Normal) (G1 Evacuation Pause)
[2020-02-25T14:23:56.451+0500][gc,task      ] GC(38) Using 13 workers of 13 for evacuation
[2020-02-25T14:23:56.473+0500][gc,mmu       ] GC(38) MMU target violated: 21.0ms (20.0ms/21.0ms)
[2020-02-25T14:23:56.474+0500][gc,phases    ] GC(38)   Pre Evacuate Collection Set: 0.1ms
[2020-02-25T14:23:56.474+0500][gc,phases    ] GC(38)   Evacuate Collection Set: 20.9ms
[2020-02-25T14:23:56.474+0500][gc,phases    ] GC(38)   Post Evacuate Collection Set: 0.8ms
[2020-02-25T14:23:56.474+0500][gc,phases    ] GC(38)   Other: 2.2ms
[2020-02-25T14:23:56.474+0500][gc,heap      ] GC(38) Eden regions: 48->0(48)
[2020-02-25T14:23:56.474+0500][gc,heap      ] GC(38) Survivor regions: 3->3(7)
[2020-02-25T14:23:56.474+0500][gc,heap      ] GC(38) Old regions: 12->12
[2020-02-25T14:23:56.474+0500][gc,heap      ] GC(38) Archive regions: 2->2
[2020-02-25T14:23:56.474+0500][gc,heap      ] GC(38) Humongous regions: 129->129
[2020-02-25T14:23:56.474+0500][gc,metaspace ] GC(38) Metaspace: 34293K->34293K(1079296K)
[2020-02-25T14:23:56.474+0500][gc           ] GC(38) Pause Young (Normal) (G1 Evacuation Pause) 191M->143M(1024M) 23.410ms
[2020-02-25T14:23:56.474+0500][gc,cpu       ] GC(38) User=0.05s Sys=0.11s Real=0.02s
[2020-02-25T15:03:43.392+0500][gc,start     ] GC(39) Pause Young (Normal) (G1 Evacuation Pause)
[2020-02-25T15:03:43.513+0500][gc,task      ] GC(39) Using 13 workers of 13 for evacuation
[2020-02-25T15:03:43.521+0500][gc,phases    ] GC(39)   Pre Evacuate Collection Set: 0.1ms
[2020-02-25T15:03:43.521+0500][gc,phases    ] GC(39)   Evacuate Collection Set: 5.7ms
[2020-02-25T15:03:43.521+0500][gc,phases    ] GC(39)   Post Evacuate Collection Set: 1.1ms
[2020-02-25T15:03:43.521+0500][gc,phases    ] GC(39)   Other: 122.2ms
[2020-02-25T15:03:43.521+0500][gc,heap      ] GC(39) Eden regions: 48->0(48)
[2020-02-25T15:03:43.521+0500][gc,heap      ] GC(39) Survivor regions: 3->3(7)
[2020-02-25T15:03:43.521+0500][gc,heap      ] GC(39) Old regions: 12->12
[2020-02-25T15:03:43.521+0500][gc,heap      ] GC(39) Archive regions: 2->2
[2020-02-25T15:03:43.521+0500][gc,heap      ] GC(39) Humongous regions: 129->129
[2020-02-25T15:03:43.521+0500][gc,metaspace ] GC(39) Metaspace: 34294K->34294K(1079296K)
[2020-02-25T15:03:43.521+0500][gc           ] GC(39) Pause Young (Normal) (G1 Evacuation Pause) 191M->143M(1024M) 129.267ms
[2020-02-25T15:03:43.521+0500][gc,cpu       ] GC(39) User=0.02s Sys=0.01s Real=0.13s
[2020-02-25T15:21:42.865+0500][gc,start     ] GC(40) Pause Young (Normal) (G1 Evacuation Pause)
[2020-02-25T15:21:42.865+0500][gc,task      ] GC(40) Using 13 workers of 13 for evacuation
[2020-02-25T15:21:42.873+0500][gc,phases    ] GC(40)   Pre Evacuate Collection Set: 0.0ms
[2020-02-25T15:21:42.873+0500][gc,phases    ] GC(40)   Evacuate Collection Set: 7.1ms
[2020-02-25T15:21:42.873+0500][gc,phases    ] GC(40)   Post Evacuate Collection Set: 0.2ms
[2020-02-25T15:21:42.873+0500][gc,phases    ] GC(40)   Other: 1.3ms
[2020-02-25T15:21:42.873+0500][gc,heap      ] GC(40) Eden regions: 48->0(48)
[2020-02-25T15:21:42.873+0500][gc,heap      ] GC(40) Survivor regions: 3->3(7)
[2020-02-25T15:21:42.873+0500][gc,heap      ] GC(40) Old regions: 12->12
[2020-02-25T15:21:42.873+0500][gc,heap      ] GC(40) Archive regions: 2->2
[2020-02-25T15:21:42.873+0500][gc,heap      ] GC(40) Humongous regions: 129->129
[2020-02-25T15:21:42.873+0500][gc,metaspace ] GC(40) Metaspace: 34294K->34294K(1079296K)
[2020-02-25T15:21:42.873+0500][gc           ] GC(40) Pause Young (Normal) (G1 Evacuation Pause) 191M->143M(1024M) 8.062ms
[2020-02-25T15:21:42.874+0500][gc,cpu       ] GC(40) User=0.01s Sys=0.03s Real=0.01s
[2020-02-25T15:27:18.228+0500][gc,start     ] GC(41) Pause Young (Normal) (G1 Evacuation Pause)
[2020-02-25T15:27:18.228+0500][gc,task      ] GC(41) Using 13 workers of 13 for evacuation
[2020-02-25T15:27:18.233+0500][gc,phases    ] GC(41)   Pre Evacuate Collection Set: 0.0ms
[2020-02-25T15:27:18.233+0500][gc,phases    ] GC(41)   Evacuate Collection Set: 4.8ms
[2020-02-25T15:27:18.233+0500][gc,phases    ] GC(41)   Post Evacuate Collection Set: 0.2ms
[2020-02-25T15:27:18.233+0500][gc,phases    ] GC(41)   Other: 0.6ms
[2020-02-25T15:27:18.233+0500][gc,heap      ] GC(41) Eden regions: 48->0(47)
[2020-02-25T15:27:18.233+0500][gc,heap      ] GC(41) Survivor regions: 3->4(7)
[2020-02-25T15:27:18.233+0500][gc,heap      ] GC(41) Old regions: 12->12
[2020-02-25T15:27:18.233+0500][gc,heap      ] GC(41) Archive regions: 2->2
[2020-02-25T15:27:18.233+0500][gc,heap      ] GC(41) Humongous regions: 129->129
[2020-02-25T15:27:18.233+0500][gc,metaspace ] GC(41) Metaspace: 34294K->34294K(1079296K)
[2020-02-25T15:27:18.233+0500][gc           ] GC(41) Pause Young (Normal) (G1 Evacuation Pause) 191M->144M(1024M) 5.708ms
[2020-02-25T15:27:18.233+0500][gc,cpu       ] GC(41) User=0.02s Sys=0.01s Real=0.01s
[2020-02-25T15:32:45.001+0500][gc,start     ] GC(42) Pause Young (Normal) (G1 Evacuation Pause)
[2020-02-25T15:32:45.001+0500][gc,task      ] GC(42) Using 13 workers of 13 for evacuation
[2020-02-25T15:32:45.004+0500][gc,phases    ] GC(42)   Pre Evacuate Collection Set: 0.0ms
[2020-02-25T15:32:45.004+0500][gc,phases    ] GC(42)   Evacuate Collection Set: 2.0ms
[2020-02-25T15:32:45.004+0500][gc,phases    ] GC(42)   Post Evacuate Collection Set: 0.2ms
[2020-02-25T15:32:45.004+0500][gc,phases    ] GC(42)   Other: 0.5ms
[2020-02-25T15:32:45.004+0500][gc,heap      ] GC(42) Eden regions: 47->0(186)
[2020-02-25T15:32:45.004+0500][gc,heap      ] GC(42) Survivor regions: 4->3(7)
[2020-02-25T15:32:45.004+0500][gc,heap      ] GC(42) Old regions: 12->12
[2020-02-25T15:32:45.004+0500][gc,heap      ] GC(42) Archive regions: 2->2
[2020-02-25T15:32:45.004+0500][gc,heap      ] GC(42) Humongous regions: 129->129
[2020-02-25T15:32:45.004+0500][gc,metaspace ] GC(42) Metaspace: 34296K->34296K(1079296K)
[2020-02-25T15:32:45.004+0500][gc           ] GC(42) Pause Young (Normal) (G1 Evacuation Pause) 191M->143M(1024M) 2.759ms
[2020-02-25T15:32:45.004+0500][gc,cpu       ] GC(42) User=0.01s Sys=0.00s Real=0.00s
[2020-02-25T15:42:44.449+0500][gc,start     ] GC(9) Pause Young (Normal) (G1 Evacuation Pause)
[2020-02-25T15:42:44.449+0500][gc,task      ] GC(9) Using 13 workers of 13 for evacuation
[2020-02-25T15:42:44.464+0500][gc,phases    ] GC(9)   Pre Evacuate Collection Set: 0.0ms
[2020-02-25T15:42:44.464+0500][gc,phases    ] GC(9)   Evacuate Collection Set: 9.6ms
[2020-02-25T15:42:44.464+0500][gc,phases    ] GC(9)   Post Evacuate Collection Set: 1.8ms
[2020-02-25T15:42:44.464+0500][gc,phases    ] GC(9)   Other: 4.5ms
[2020-02-25T15:42:44.464+0500][gc,heap      ] GC(9) Eden regions: 50->0(50)
[2020-02-25T15:42:44.464+0500][gc,heap      ] GC(9) Survivor regions: 1->1(7)
[2020-02-25T15:42:44.464+0500][gc,heap      ] GC(9) Old regions: 11->11
[2020-02-25T15:42:44.464+0500][gc,heap      ] GC(9) Archive regions: 2->2
[2020-02-25T15:42:44.464+0500][gc,heap      ] GC(9) Humongous regions: 129->129
[2020-02-25T15:42:44.464+0500][gc,metaspace ] GC(9) Metaspace: 32728K->32728K(1079296K)
[2020-02-25T15:42:44.464+0500][gc           ] GC(9) Pause Young (Normal) (G1 Evacuation Pause) 190M->140M(1024M) 14.902ms
[2020-02-25T15:42:44.464+0500][gc,cpu       ] GC(9) User=0.01s Sys=0.04s Real=0.02s
[2020-02-25T15:54:15.604+0500][gc,start     ] GC(43) Pause Young (Normal) (G1 Evacuation Pause)
[2020-02-25T15:54:15.605+0500][gc,task      ] GC(43) Using 13 workers of 13 for evacuation
[2020-02-25T15:54:15.608+0500][gc,phases    ] GC(43)   Pre Evacuate Collection Set: 0.0ms
[2020-02-25T15:54:15.608+0500][gc,phases    ] GC(43)   Evacuate Collection Set: 2.9ms
[2020-02-25T15:54:15.608+0500][gc,phases    ] GC(43)   Post Evacuate Collection Set: 0.5ms
[2020-02-25T15:54:15.609+0500][gc,phases    ] GC(43)   Other: 0.9ms
[2020-02-25T15:54:15.609+0500][gc,heap      ] GC(43) Eden regions: 186->0(611)
[2020-02-25T15:54:15.609+0500][gc,heap      ] GC(43) Survivor regions: 3->3(24)
[2020-02-25T15:54:15.609+0500][gc,heap      ] GC(43) Old regions: 12->12
[2020-02-25T15:54:15.609+0500][gc,heap      ] GC(43) Archive regions: 2->2
[2020-02-25T15:54:15.609+0500][gc,heap      ] GC(43) Humongous regions: 129->129
[2020-02-25T15:54:15.609+0500][gc,metaspace ] GC(43) Metaspace: 34320K->34320K(1079296K)
[2020-02-25T15:54:15.609+0500][gc           ] GC(43) Pause Young (Normal) (G1 Evacuation Pause) 329M->144M(1024M) 4.545ms
[2020-02-25T15:54:15.609+0500][gc,cpu       ] GC(43) User=0.02s Sys=0.01s Real=0.00s
[2020-02-25T16:13:24.324+0500][gc,start     ] GC(7) Pause Young (Normal) (G1 Evacuation Pause)
[2020-02-25T16:13:24.325+0500][gc,task      ] GC(7) Using 13 workers of 13 for evacuation
[2020-02-25T16:13:24.345+0500][gc,phases    ] GC(7)   Pre Evacuate Collection Set: 0.1ms
[2020-02-25T16:13:24.345+0500][gc,phases    ] GC(7)   Evacuate Collection Set: 15.7ms
[2020-02-25T16:13:24.345+0500][gc,phases    ] GC(7)   Post Evacuate Collection Set: 1.1ms
[2020-02-25T16:13:24.345+0500][gc,phases    ] GC(7)   Other: 3.7ms
[2020-02-25T16:13:24.345+0500][gc,heap      ] GC(7) Eden regions: 47->0(47)
[2020-02-25T16:13:24.345+0500][gc,heap      ] GC(7) Survivor regions: 4->4(7)
[2020-02-25T16:13:24.345+0500][gc,heap      ] GC(7) Old regions: 7->7
[2020-02-25T16:13:24.345+0500][gc,heap      ] GC(7) Archive regions: 2->2
[2020-02-25T16:13:24.345+0500][gc,heap      ] GC(7) Humongous regions: 129->129
[2020-02-25T16:13:24.345+0500][gc,metaspace ] GC(7) Metaspace: 30769K->30769K(1077248K)
[2020-02-25T16:13:24.345+0500][gc           ] GC(7) Pause Young (Normal) (G1 Evacuation Pause) 187M->140M(1024M) 20.719ms
[2020-02-25T16:13:24.345+0500][gc,cpu       ] GC(7) User=0.02s Sys=0.09s Real=0.02s
[2020-02-25T16:36:29.530+0500][gc,start     ] GC(10) Pause Young (Normal) (G1 Evacuation Pause)
[2020-02-25T16:36:29.530+0500][gc,task      ] GC(10) Using 13 workers of 13 for evacuation
[2020-02-25T16:36:29.539+0500][gc,phases    ] GC(10)   Pre Evacuate Collection Set: 0.0ms
[2020-02-25T16:36:29.539+0500][gc,phases    ] GC(10)   Evacuate Collection Set: 5.4ms
[2020-02-25T16:36:29.539+0500][gc,phases    ] GC(10)   Post Evacuate Collection Set: 0.7ms
[2020-02-25T16:36:29.539+0500][gc,phases    ] GC(10)   Other: 3.4ms
[2020-02-25T16:36:29.539+0500][gc,heap      ] GC(10) Eden regions: 50->0(50)
[2020-02-25T16:36:29.539+0500][gc,heap      ] GC(10) Survivor regions: 1->1(7)
[2020-02-25T16:36:29.539+0500][gc,heap      ] GC(10) Old regions: 11->11
[2020-02-25T16:36:29.539+0500][gc,heap      ] GC(10) Archive regions: 2->2
[2020-02-25T16:36:29.539+0500][gc,heap      ] GC(10) Humongous regions: 129->129
[2020-02-25T16:36:29.539+0500][gc,metaspace ] GC(10) Metaspace: 32757K->32757K(1079296K)
[2020-02-25T16:36:29.539+0500][gc           ] GC(10) Pause Young (Normal) (G1 Evacuation Pause) 190M->140M(1024M) 9.543ms
[2020-02-25T16:36:29.539+0500][gc,cpu       ] GC(10) User=0.01s Sys=0.04s Real=0.00s
