[2020-02-10T18:20:12.488+0500][gc,heap] Heap region size: 1M
[2020-02-10T18:20:12.496+0500][gc     ] Using G1
[2020-02-10T18:20:12.496+0500][gc,heap,coops] Heap address: 0x00000007c0000000, size: 1024 MB, Compressed Oops mode: Zero based, Oop shift amount: 3
[2020-02-10T18:20:12.496+0500][gc,cds       ] Mark closed archive regions in map: [0x00000007fff00000, 0x00000007fff76ff8]
[2020-02-10T18:20:12.496+0500][gc,cds       ] Mark open archive regions in map: [0x00000007ffe00000, 0x00000007ffe46ff8]
[2020-02-10T18:20:12.509+0500][gc           ] Periodic GC disabled
[2020-02-10T18:20:13.661+0500][gc,start     ] GC(0) Pause Young (Normal) (G1 Evacuation Pause)
[2020-02-10T18:20:13.662+0500][gc,task      ] GC(0) Using 13 workers of 13 for evacuation
[2020-02-10T18:20:13.670+0500][gc,phases    ] GC(0)   Pre Evacuate Collection Set: 0.0ms
[2020-02-10T18:20:13.670+0500][gc,phases    ] GC(0)   Evacuate Collection Set: 7.5ms
[2020-02-10T18:20:13.670+0500][gc,phases    ] GC(0)   Post Evacuate Collection Set: 0.5ms
[2020-02-10T18:20:13.670+0500][gc,phases    ] GC(0)   Other: 0.6ms
[2020-02-10T18:20:13.670+0500][gc,heap      ] GC(0) Eden regions: 51->0(44)
[2020-02-10T18:20:13.670+0500][gc,heap      ] GC(0) Survivor regions: 0->7(7)
[2020-02-10T18:20:13.670+0500][gc,heap      ] GC(0) Old regions: 0->0
[2020-02-10T18:20:13.670+0500][gc,heap      ] GC(0) Archive regions: 2->2
[2020-02-10T18:20:13.670+0500][gc,heap      ] GC(0) Humongous regions: 0->0
[2020-02-10T18:20:13.670+0500][gc,metaspace ] GC(0) Metaspace: 16851K->16851K(1064960K)
[2020-02-10T18:20:13.670+0500][gc           ] GC(0) Pause Young (Normal) (G1 Evacuation Pause) 51M->6M(1024M) 8.768ms
[2020-02-10T18:20:13.670+0500][gc,cpu       ] GC(0) User=0.03s Sys=0.03s Real=0.01s
[2020-02-10T18:20:13.895+0500][gc,start     ] GC(1) Pause Young (Concurrent Start) (Metadata GC Threshold)
[2020-02-10T18:20:13.895+0500][gc,task      ] GC(1) Using 13 workers of 13 for evacuation
[2020-02-10T18:20:13.903+0500][gc,phases    ] GC(1)   Pre Evacuate Collection Set: 0.1ms
[2020-02-10T18:20:13.903+0500][gc,phases    ] GC(1)   Evacuate Collection Set: 7.6ms
[2020-02-10T18:20:13.904+0500][gc,phases    ] GC(1)   Post Evacuate Collection Set: 0.3ms
[2020-02-10T18:20:13.904+0500][gc,phases    ] GC(1)   Other: 0.3ms
[2020-02-10T18:20:13.904+0500][gc,heap      ] GC(1) Eden regions: 15->0(49)
[2020-02-10T18:20:13.904+0500][gc,heap      ] GC(1) Survivor regions: 7->2(7)
[2020-02-10T18:20:13.904+0500][gc,heap      ] GC(1) Old regions: 0->6
[2020-02-10T18:20:13.904+0500][gc,heap      ] GC(1) Archive regions: 2->2
[2020-02-10T18:20:13.904+0500][gc,heap      ] GC(1) Humongous regions: 0->0
[2020-02-10T18:20:13.904+0500][gc,metaspace ] GC(1) Metaspace: 20576K->20576K(1067008K)
[2020-02-10T18:20:13.904+0500][gc           ] GC(1) Pause Young (Concurrent Start) (Metadata GC Threshold) 21M->7M(1024M) 8.425ms
[2020-02-10T18:20:13.904+0500][gc,cpu       ] GC(1) User=0.02s Sys=0.00s Real=0.01s
[2020-02-10T18:20:13.904+0500][gc           ] GC(2) Concurrent Cycle
[2020-02-10T18:20:13.904+0500][gc,marking   ] GC(2) Concurrent Clear Claimed Marks
[2020-02-10T18:20:13.904+0500][gc,marking   ] GC(2) Concurrent Clear Claimed Marks 0.027ms
[2020-02-10T18:20:13.904+0500][gc,marking   ] GC(2) Concurrent Scan Root Regions
[2020-02-10T18:20:13.906+0500][gc,marking   ] GC(2) Concurrent Scan Root Regions 1.925ms
[2020-02-10T18:20:13.906+0500][gc,marking   ] GC(2) Concurrent Mark (1.431s)
[2020-02-10T18:20:13.906+0500][gc,marking   ] GC(2) Concurrent Mark From Roots
[2020-02-10T18:20:13.906+0500][gc,task      ] GC(2) Using 3 workers of 3 for marking
[2020-02-10T18:20:13.907+0500][gc,marking   ] GC(2) Concurrent Mark From Roots 0.974ms
[2020-02-10T18:20:13.907+0500][gc,marking   ] GC(2) Concurrent Preclean
[2020-02-10T18:20:13.907+0500][gc,marking   ] GC(2) Concurrent Preclean 0.037ms
[2020-02-10T18:20:13.907+0500][gc,marking   ] GC(2) Concurrent Mark (1.431s, 1.432s) 1.063ms
[2020-02-10T18:20:13.907+0500][gc,start     ] GC(2) Pause Remark
[2020-02-10T18:20:13.908+0500][gc           ] GC(2) Pause Remark 7M->7M(1024M) 0.814ms
[2020-02-10T18:20:13.908+0500][gc,cpu       ] GC(2) User=0.00s Sys=0.00s Real=0.00s
[2020-02-10T18:20:13.908+0500][gc,marking   ] GC(2) Concurrent Rebuild Remembered Sets
[2020-02-10T18:20:13.909+0500][gc,marking   ] GC(2) Concurrent Rebuild Remembered Sets 1.306ms
[2020-02-10T18:20:13.910+0500][gc,start     ] GC(2) Pause Cleanup
[2020-02-10T18:20:13.910+0500][gc           ] GC(2) Pause Cleanup 7M->7M(1024M) 0.113ms
[2020-02-10T18:20:13.910+0500][gc,cpu       ] GC(2) User=0.00s Sys=0.00s Real=0.00s
[2020-02-10T18:20:13.910+0500][gc,marking   ] GC(2) Concurrent Cleanup for Next Mark
[2020-02-10T18:20:13.916+0500][gc,marking   ] GC(2) Concurrent Cleanup for Next Mark 5.948ms
[2020-02-10T18:20:13.916+0500][gc           ] GC(2) Concurrent Cycle 12.116ms
[2020-02-10T18:20:14.734+0500][gc,start     ] GC(3) Pause Young (Normal) (G1 Evacuation Pause)
[2020-02-10T18:20:14.734+0500][gc,task      ] GC(3) Using 13 workers of 13 for evacuation
[2020-02-10T18:20:14.736+0500][gc,phases    ] GC(3)   Pre Evacuate Collection Set: 0.0ms
[2020-02-10T18:20:14.736+0500][gc,phases    ] GC(3)   Evacuate Collection Set: 2.0ms
[2020-02-10T18:20:14.736+0500][gc,phases    ] GC(3)   Post Evacuate Collection Set: 0.3ms
[2020-02-10T18:20:14.736+0500][gc,phases    ] GC(3)   Other: 0.2ms
[2020-02-10T18:20:14.736+0500][gc,heap      ] GC(3) Eden regions: 49->0(46)
[2020-02-10T18:20:14.736+0500][gc,heap      ] GC(3) Survivor regions: 2->5(7)
[2020-02-10T18:20:14.736+0500][gc,heap      ] GC(3) Old regions: 6->6
[2020-02-10T18:20:14.736+0500][gc,heap      ] GC(3) Archive regions: 2->2
[2020-02-10T18:20:14.736+0500][gc,heap      ] GC(3) Humongous regions: 129->129
[2020-02-10T18:20:14.736+0500][gc,metaspace ] GC(3) Metaspace: 29465K->29465K(1075200K)
[2020-02-10T18:20:14.736+0500][gc           ] GC(3) Pause Young (Normal) (G1 Evacuation Pause) 185M->140M(1024M) 2.530ms
[2020-02-10T18:20:14.736+0500][gc,cpu       ] GC(3) User=0.03s Sys=0.00s Real=0.00s
[2020-02-10T18:22:59.250+0500][gc,start     ] GC(4) Pause Young (Concurrent Start) (Metadata GC Threshold)
[2020-02-10T18:22:59.250+0500][gc,task      ] GC(4) Using 13 workers of 13 for evacuation
[2020-02-10T18:22:59.255+0500][gc,phases    ] GC(4)   Pre Evacuate Collection Set: 0.1ms
[2020-02-10T18:22:59.255+0500][gc,phases    ] GC(4)   Evacuate Collection Set: 3.9ms
[2020-02-10T18:22:59.255+0500][gc,phases    ] GC(4)   Post Evacuate Collection Set: 0.5ms
[2020-02-10T18:22:59.255+0500][gc,phases    ] GC(4)   Other: 0.4ms
[2020-02-10T18:22:59.255+0500][gc,heap      ] GC(4) Eden regions: 32->0(49)
[2020-02-10T18:22:59.255+0500][gc,heap      ] GC(4) Survivor regions: 5->2(7)
[2020-02-10T18:22:59.255+0500][gc,heap      ] GC(4) Old regions: 6->11
[2020-02-10T18:22:59.255+0500][gc,heap      ] GC(4) Archive regions: 2->2
[2020-02-10T18:22:59.255+0500][gc,heap      ] GC(4) Humongous regions: 135->129
[2020-02-10T18:22:59.255+0500][gc,metaspace ] GC(4) Metaspace: 33868K->33868K(1079296K)
[2020-02-10T18:22:59.255+0500][gc           ] GC(4) Pause Young (Concurrent Start) (Metadata GC Threshold) 177M->141M(1024M) 5.054ms
[2020-02-10T18:22:59.255+0500][gc,cpu       ] GC(4) User=0.02s Sys=0.01s Real=0.00s
[2020-02-10T18:22:59.255+0500][gc           ] GC(5) Concurrent Cycle
[2020-02-10T18:22:59.255+0500][gc,marking   ] GC(5) Concurrent Clear Claimed Marks
[2020-02-10T18:22:59.255+0500][gc,marking   ] GC(5) Concurrent Clear Claimed Marks 0.238ms
[2020-02-10T18:22:59.255+0500][gc,marking   ] GC(5) Concurrent Scan Root Regions
[2020-02-10T18:22:59.257+0500][gc,marking   ] GC(5) Concurrent Scan Root Regions 2.100ms
[2020-02-10T18:22:59.257+0500][gc,marking   ] GC(5) Concurrent Mark (166.779s)
[2020-02-10T18:22:59.257+0500][gc,marking   ] GC(5) Concurrent Mark From Roots
[2020-02-10T18:22:59.257+0500][gc,task      ] GC(5) Using 3 workers of 3 for marking
[2020-02-10T18:22:59.260+0500][gc,marking   ] GC(5) Concurrent Mark From Roots 3.267ms
[2020-02-10T18:22:59.261+0500][gc,marking   ] GC(5) Concurrent Preclean
[2020-02-10T18:22:59.261+0500][gc,marking   ] GC(5) Concurrent Preclean 0.053ms
[2020-02-10T18:22:59.261+0500][gc,marking   ] GC(5) Concurrent Mark (166.779s, 166.782s) 3.379ms
[2020-02-10T18:22:59.261+0500][gc,start     ] GC(5) Pause Remark
[2020-02-10T18:22:59.262+0500][gc           ] GC(5) Pause Remark 141M->141M(1024M) 1.459ms
[2020-02-10T18:22:59.262+0500][gc,cpu       ] GC(5) User=0.01s Sys=0.00s Real=0.00s
[2020-02-10T18:22:59.262+0500][gc,marking   ] GC(5) Concurrent Rebuild Remembered Sets
[2020-02-10T18:22:59.265+0500][gc,marking   ] GC(5) Concurrent Rebuild Remembered Sets 2.821ms
[2020-02-10T18:22:59.265+0500][gc,start     ] GC(5) Pause Cleanup
[2020-02-10T18:22:59.265+0500][gc           ] GC(5) Pause Cleanup 141M->141M(1024M) 0.102ms
[2020-02-10T18:22:59.265+0500][gc,cpu       ] GC(5) User=0.00s Sys=0.00s Real=0.00s
[2020-02-10T18:22:59.266+0500][gc,marking   ] GC(5) Concurrent Cleanup for Next Mark
[2020-02-10T18:22:59.271+0500][gc,marking   ] GC(5) Concurrent Cleanup for Next Mark 5.278ms
[2020-02-10T18:22:59.271+0500][gc           ] GC(5) Concurrent Cycle 16.113ms
[2020-02-10T18:29:43.721+0500][gc,start     ] GC(6) Pause Young (Normal) (G1 Evacuation Pause)
[2020-02-10T18:29:43.721+0500][gc,task      ] GC(6) Using 13 workers of 13 for evacuation
[2020-02-10T18:29:43.723+0500][gc,phases    ] GC(6)   Pre Evacuate Collection Set: 0.0ms
[2020-02-10T18:29:43.723+0500][gc,phases    ] GC(6)   Evacuate Collection Set: 1.4ms
[2020-02-10T18:29:43.723+0500][gc,phases    ] GC(6)   Post Evacuate Collection Set: 0.3ms
[2020-02-10T18:29:43.723+0500][gc,phases    ] GC(6)   Other: 0.4ms
[2020-02-10T18:29:43.723+0500][gc,heap      ] GC(6) Eden regions: 49->0(48)
[2020-02-10T18:29:43.723+0500][gc,heap      ] GC(6) Survivor regions: 2->3(7)
[2020-02-10T18:29:43.723+0500][gc,heap      ] GC(6) Old regions: 11->11
[2020-02-10T18:29:43.723+0500][gc,heap      ] GC(6) Archive regions: 2->2
[2020-02-10T18:29:43.723+0500][gc,heap      ] GC(6) Humongous regions: 129->129
[2020-02-10T18:29:43.723+0500][gc,metaspace ] GC(6) Metaspace: 35814K->35814K(1081344K)
[2020-02-10T18:29:43.723+0500][gc           ] GC(6) Pause Young (Normal) (G1 Evacuation Pause) 190M->142M(1024M) 2.257ms
[2020-02-10T18:29:43.723+0500][gc,cpu       ] GC(6) User=0.02s Sys=0.00s Real=0.00s
[2020-02-10T18:29:45.941+0500][gc,heap,exit ] Heap
[2020-02-10T18:29:45.941+0500][gc,heap,exit ]  garbage-first heap   total 1048576K, used 150072K [0x00000007c0000000, 0x0000000800000000)
[2020-02-10T18:29:45.941+0500][gc,heap,exit ]   region size 1024K, 8 young (8192K), 3 survivors (3072K)
[2020-02-10T18:29:45.941+0500][gc,heap,exit ]  Metaspace       used 35938K, capacity 38417K, committed 38704K, reserved 1081344K
[2020-02-10T18:29:45.941+0500][gc,heap,exit ]   class space    used 5280K, capacity 6467K, committed 6528K, reserved 1048576K
