[2020-02-19T18:25:50.967+0500][gc,heap] Heap region size: 1M
[2020-02-19T18:25:50.971+0500][gc     ] Using G1
[2020-02-19T18:25:50.971+0500][gc,heap,coops] Heap address: 0x00000007e0000000, size: 512 MB, Compressed Oops mode: Zero based, Oop shift amount: 3
[2020-02-19T18:25:50.972+0500][gc,cds       ] Mark closed archive regions in map: [0x00000007fff00000, 0x00000007fff76ff8]
[2020-02-19T18:25:50.972+0500][gc,cds       ] Mark open archive regions in map: [0x00000007ffe00000, 0x00000007ffe46ff8]
[2020-02-19T18:25:50.985+0500][gc           ] Periodic GC disabled
[2020-02-19T18:33:29.347+0500][gc,start     ] GC(0) Pause Young (Normal) (G1 Evacuation Pause)
[2020-02-19T18:33:29.349+0500][gc,task      ] GC(0) Using 12 workers of 13 for evacuation
[2020-02-19T18:33:29.373+0500][gc,mmu       ] GC(0) MMU target violated: 21.0ms (20.0ms/21.0ms)
[2020-02-19T18:33:29.373+0500][gc,phases    ] GC(0)   Pre Evacuate Collection Set: 0.0ms
[2020-02-19T18:33:29.373+0500][gc,phases    ] GC(0)   Evacuate Collection Set: 20.6ms
[2020-02-19T18:33:29.373+0500][gc,phases    ] GC(0)   Post Evacuate Collection Set: 0.4ms
[2020-02-19T18:33:29.373+0500][gc,phases    ] GC(0)   Other: 5.5ms
[2020-02-19T18:33:29.373+0500][gc,heap      ] GC(0) Eden regions: 25->0(21)
[2020-02-19T18:33:29.373+0500][gc,heap      ] GC(0) Survivor regions: 0->4(4)
[2020-02-19T18:33:29.373+0500][gc,heap      ] GC(0) Old regions: 0->1
[2020-02-19T18:33:29.373+0500][gc,heap      ] GC(0) Archive regions: 2->2
[2020-02-19T18:33:29.373+0500][gc,heap      ] GC(0) Humongous regions: 0->0
[2020-02-19T18:33:29.373+0500][gc,metaspace ] GC(0) Metaspace: 7594K->7594K(1056768K)
[2020-02-19T18:33:29.373+0500][gc           ] GC(0) Pause Young (Normal) (G1 Evacuation Pause) 25M->5M(512M) 25.942ms
[2020-02-19T18:33:29.373+0500][gc,cpu       ] GC(0) User=0.03s Sys=0.11s Real=0.03s
[2020-02-20T10:38:59.312+0500][gc,start     ] GC(1) Pause Young (Normal) (G1 Evacuation Pause)
[2020-02-20T10:38:59.314+0500][gc,task      ] GC(1) Using 12 workers of 13 for evacuation
[2020-02-20T10:38:59.346+0500][gc,mmu       ] GC(1) MMU target violated: 21.0ms (20.0ms/21.0ms)
[2020-02-20T10:38:59.346+0500][gc,phases    ] GC(1)   Pre Evacuate Collection Set: 0.0ms
[2020-02-20T10:38:59.346+0500][gc,phases    ] GC(1)   Evacuate Collection Set: 27.6ms
[2020-02-20T10:38:59.346+0500][gc,phases    ] GC(1)   Post Evacuate Collection Set: 2.0ms
[2020-02-20T10:38:59.346+0500][gc,phases    ] GC(1)   Other: 5.8ms
[2020-02-20T10:38:59.346+0500][gc,heap      ] GC(1) Eden regions: 21->0(24)
[2020-02-20T10:38:59.346+0500][gc,heap      ] GC(1) Survivor regions: 4->1(4)
[2020-02-20T10:38:59.346+0500][gc,heap      ] GC(1) Old regions: 1->5
[2020-02-20T10:38:59.346+0500][gc,heap      ] GC(1) Archive regions: 2->2
[2020-02-20T10:38:59.346+0500][gc,heap      ] GC(1) Humongous regions: 0->0
[2020-02-20T10:38:59.346+0500][gc,metaspace ] GC(1) Metaspace: 7673K->7673K(1056768K)
[2020-02-20T10:38:59.346+0500][gc           ] GC(1) Pause Young (Normal) (G1 Evacuation Pause) 26M->6M(512M) 34.539ms
[2020-02-20T10:38:59.346+0500][gc,cpu       ] GC(1) User=0.03s Sys=0.08s Real=0.03s
[2020-02-20T11:38:14.225+0500][gc,heap,exit ] Heap
[2020-02-20T11:38:14.244+0500][gc,heap,exit ]  garbage-first heap   total 524288K, used 19526K [0x00000007e0000000, 0x0000000800000000)
[2020-02-20T11:38:14.244+0500][gc,heap,exit ]   region size 1024K, 15 young (15360K), 1 survivors (1024K)
[2020-02-20T11:38:14.244+0500][gc,heap,exit ]  Metaspace       used 7679K, capacity 7950K, committed 8192K, reserved 1056768K
[2020-02-20T11:38:14.244+0500][gc,heap,exit ]   class space    used 820K, capacity 929K, committed 1024K, reserved 1048576K
