[2020-02-06T17:59:42.721+0500][gc,heap] Heap region size: 1M
[2020-02-06T17:59:42.725+0500][gc     ] Using G1
[2020-02-06T17:59:42.725+0500][gc,heap,coops] Heap address: 0x00000007e0000000, size: 512 MB, Compressed Oops mode: Zero based, Oop shift amount: 3
[2020-02-06T17:59:42.726+0500][gc,cds       ] Mark closed archive regions in map: [0x00000007fff00000, 0x00000007fff76ff8]
[2020-02-06T17:59:42.726+0500][gc,cds       ] Mark open archive regions in map: [0x00000007ffe00000, 0x00000007ffe46ff8]
[2020-02-06T17:59:42.740+0500][gc           ] Periodic GC disabled
[2020-02-06T18:16:42.571+0500][gc,start     ] GC(0) Pause Young (Normal) (G1 Evacuation Pause)
[2020-02-06T18:16:42.574+0500][gc,task      ] GC(0) Using 12 workers of 13 for evacuation
[2020-02-06T18:16:42.608+0500][gc,mmu       ] GC(0) MMU target violated: 21.0ms (20.0ms/21.0ms)
[2020-02-06T18:16:42.608+0500][gc,phases    ] GC(0)   Pre Evacuate Collection Set: 0.0ms
[2020-02-06T18:16:42.608+0500][gc,phases    ] GC(0)   Evacuate Collection Set: 30.5ms
[2020-02-06T18:16:42.608+0500][gc,phases    ] GC(0)   Post Evacuate Collection Set: 1.1ms
[2020-02-06T18:16:42.608+0500][gc,phases    ] GC(0)   Other: 5.8ms
[2020-02-06T18:16:42.608+0500][gc,heap      ] GC(0) Eden regions: 25->0(21)
[2020-02-06T18:16:42.608+0500][gc,heap      ] GC(0) Survivor regions: 0->4(4)
[2020-02-06T18:16:42.608+0500][gc,heap      ] GC(0) Old regions: 0->1
[2020-02-06T18:16:42.608+0500][gc,heap      ] GC(0) Archive regions: 2->2
[2020-02-06T18:16:42.608+0500][gc,heap      ] GC(0) Humongous regions: 0->0
[2020-02-06T18:16:42.608+0500][gc,metaspace ] GC(0) Metaspace: 7625K->7625K(1056768K)
[2020-02-06T18:16:42.608+0500][gc           ] GC(0) Pause Young (Normal) (G1 Evacuation Pause) 25M->5M(512M) 36.781ms
[2020-02-06T18:16:42.608+0500][gc,cpu       ] GC(0) User=0.04s Sys=0.17s Real=0.03s
[2020-02-07T10:57:15.378+0500][gc,start     ] GC(1) Pause Young (Normal) (G1 Evacuation Pause)
[2020-02-07T10:57:15.378+0500][gc,task      ] GC(1) Using 12 workers of 13 for evacuation
[2020-02-07T10:57:15.411+0500][gc,mmu       ] GC(1) MMU target violated: 21.0ms (20.0ms/21.0ms)
[2020-02-07T10:57:15.411+0500][gc,phases    ] GC(1)   Pre Evacuate Collection Set: 0.0ms
[2020-02-07T10:57:15.411+0500][gc,phases    ] GC(1)   Evacuate Collection Set: 27.2ms
[2020-02-07T10:57:15.411+0500][gc,phases    ] GC(1)   Post Evacuate Collection Set: 0.9ms
[2020-02-07T10:57:15.412+0500][gc,phases    ] GC(1)   Other: 6.6ms
[2020-02-07T10:57:15.412+0500][gc,heap      ] GC(1) Eden regions: 21->0(24)
[2020-02-07T10:57:15.412+0500][gc,heap      ] GC(1) Survivor regions: 4->1(4)
[2020-02-07T10:57:15.412+0500][gc,heap      ] GC(1) Old regions: 1->6
[2020-02-07T10:57:15.412+0500][gc,heap      ] GC(1) Archive regions: 2->2
[2020-02-07T10:57:15.412+0500][gc,heap      ] GC(1) Humongous regions: 0->0
[2020-02-07T10:57:15.412+0500][gc,metaspace ] GC(1) Metaspace: 7648K->7648K(1056768K)
[2020-02-07T10:57:15.412+0500][gc           ] GC(1) Pause Young (Normal) (G1 Evacuation Pause) 26M->6M(512M) 33.944ms
[2020-02-07T10:57:15.412+0500][gc,cpu       ] GC(1) User=0.04s Sys=0.08s Real=0.04s
[2020-02-07T12:52:04.129+0500][gc,start     ] GC(2) Pause Young (Normal) (G1 Evacuation Pause)
[2020-02-07T12:52:04.130+0500][gc,task      ] GC(2) Using 12 workers of 13 for evacuation
[2020-02-07T12:52:04.139+0500][gc,phases    ] GC(2)   Pre Evacuate Collection Set: 0.0ms
[2020-02-07T12:52:04.139+0500][gc,phases    ] GC(2)   Evacuate Collection Set: 5.6ms
[2020-02-07T12:52:04.139+0500][gc,phases    ] GC(2)   Post Evacuate Collection Set: 1.1ms
[2020-02-07T12:52:04.139+0500][gc,phases    ] GC(2)   Other: 5.2ms
[2020-02-07T12:52:04.139+0500][gc,heap      ] GC(2) Eden regions: 24->0(24)
[2020-02-07T12:52:04.139+0500][gc,heap      ] GC(2) Survivor regions: 1->1(4)
[2020-02-07T12:52:04.139+0500][gc,heap      ] GC(2) Old regions: 6->6
[2020-02-07T12:52:04.139+0500][gc,heap      ] GC(2) Archive regions: 2->2
[2020-02-07T12:52:04.139+0500][gc,heap      ] GC(2) Humongous regions: 0->0
[2020-02-07T12:52:04.139+0500][gc,metaspace ] GC(2) Metaspace: 7648K->7648K(1056768K)
[2020-02-07T12:52:04.140+0500][gc           ] GC(2) Pause Young (Normal) (G1 Evacuation Pause) 30M->6M(512M) 10.310ms
[2020-02-07T12:52:04.140+0500][gc,cpu       ] GC(2) User=0.01s Sys=0.01s Real=0.02s
[2020-02-07T14:46:41.488+0500][gc,start     ] GC(3) Pause Young (Normal) (G1 Evacuation Pause)
[2020-02-07T14:46:41.490+0500][gc,task      ] GC(3) Using 12 workers of 13 for evacuation
[2020-02-07T14:46:41.504+0500][gc,phases    ] GC(3)   Pre Evacuate Collection Set: 0.0ms
[2020-02-07T14:46:41.504+0500][gc,phases    ] GC(3)   Evacuate Collection Set: 5.1ms
[2020-02-07T14:46:41.504+0500][gc,phases    ] GC(3)   Post Evacuate Collection Set: 2.2ms
[2020-02-07T14:46:41.504+0500][gc,phases    ] GC(3)   Other: 9.5ms
[2020-02-07T14:46:41.504+0500][gc,heap      ] GC(3) Eden regions: 24->0(24)
[2020-02-07T14:46:41.504+0500][gc,heap      ] GC(3) Survivor regions: 1->1(4)
[2020-02-07T14:46:41.504+0500][gc,heap      ] GC(3) Old regions: 6->6
[2020-02-07T14:46:41.504+0500][gc,heap      ] GC(3) Archive regions: 2->2
[2020-02-07T14:46:41.504+0500][gc,heap      ] GC(3) Humongous regions: 0->0
[2020-02-07T14:46:41.504+0500][gc,metaspace ] GC(3) Metaspace: 7664K->7664K(1056768K)
[2020-02-07T14:46:41.505+0500][gc           ] GC(3) Pause Young (Normal) (G1 Evacuation Pause) 30M->5M(512M) 16.481ms
[2020-02-07T14:46:41.505+0500][gc,cpu       ] GC(3) User=0.00s Sys=0.02s Real=0.02s
[2020-02-07T16:41:26.129+0500][gc,start     ] GC(4) Pause Young (Normal) (G1 Evacuation Pause)
[2020-02-07T16:41:26.130+0500][gc,task      ] GC(4) Using 12 workers of 13 for evacuation
[2020-02-07T16:41:26.139+0500][gc,phases    ] GC(4)   Pre Evacuate Collection Set: 0.0ms
[2020-02-07T16:41:26.139+0500][gc,phases    ] GC(4)   Evacuate Collection Set: 4.4ms
[2020-02-07T16:41:26.139+0500][gc,phases    ] GC(4)   Post Evacuate Collection Set: 1.7ms
[2020-02-07T16:41:26.139+0500][gc,phases    ] GC(4)   Other: 4.9ms
[2020-02-07T16:41:26.139+0500][gc,heap      ] GC(4) Eden regions: 24->0(24)
[2020-02-07T16:41:26.139+0500][gc,heap      ] GC(4) Survivor regions: 1->1(4)
[2020-02-07T16:41:26.139+0500][gc,heap      ] GC(4) Old regions: 6->6
[2020-02-07T16:41:26.139+0500][gc,heap      ] GC(4) Archive regions: 2->2
[2020-02-07T16:41:26.139+0500][gc,heap      ] GC(4) Humongous regions: 0->0
[2020-02-07T16:41:26.139+0500][gc,metaspace ] GC(4) Metaspace: 7664K->7664K(1056768K)
[2020-02-07T16:41:26.139+0500][gc           ] GC(4) Pause Young (Normal) (G1 Evacuation Pause) 29M->5M(512M) 10.342ms
[2020-02-07T16:41:26.139+0500][gc,cpu       ] GC(4) User=0.01s Sys=0.01s Real=0.01s
