[2020-02-19T18:24:34.280+0500][gc,heap] Heap region size: 1M
[2020-02-19T18:24:34.285+0500][gc     ] Using G1
[2020-02-19T18:24:34.285+0500][gc,heap,coops] Heap address: 0x00000007e0000000, size: 512 MB, Compressed Oops mode: Zero based, Oop shift amount: 3
[2020-02-19T18:24:34.286+0500][gc,cds       ] Mark closed archive regions in map: [0x00000007fff00000, 0x00000007fff76ff8]
[2020-02-19T18:24:34.286+0500][gc,cds       ] Mark open archive regions in map: [0x00000007ffe00000, 0x00000007ffe46ff8]
[2020-02-19T18:24:34.299+0500][gc           ] Periodic GC disabled
[2020-02-19T18:24:34.951+0500][gc,heap,exit ] Heap
[2020-02-19T18:24:34.951+0500][gc,heap,exit ]  garbage-first heap   total 524288K, used 13048K [0x00000007e0000000, 0x0000000800000000)
[2020-02-19T18:24:34.951+0500][gc,heap,exit ]   region size 1024K, 13 young (13312K), 0 survivors (0K)
[2020-02-19T18:24:34.951+0500][gc,heap,exit ]  Metaspace       used 5550K, capacity 5809K, committed 6144K, reserved 1056768K
[2020-02-19T18:24:34.951+0500][gc,heap,exit ]   class space    used 641K, capacity 728K, committed 768K, reserved 1048576K
