[2020-02-10T18:19:39.774+0500][gc,heap] Heap region size: 1M
[2020-02-10T18:19:39.778+0500][gc     ] Using G1
[2020-02-10T18:19:39.778+0500][gc,heap,coops] Heap address: 0x00000007e0000000, size: 512 MB, Compressed Oops mode: Zero based, Oop shift amount: 3
[2020-02-10T18:19:39.779+0500][gc,cds       ] Mark closed archive regions in map: [0x00000007fff00000, 0x00000007fff76ff8]
[2020-02-10T18:19:39.779+0500][gc,cds       ] Mark open archive regions in map: [0x00000007ffe00000, 0x00000007ffe46ff8]
[2020-02-10T18:19:39.793+0500][gc           ] Periodic GC disabled
[2020-02-10T18:29:53.955+0500][gc,heap,exit ] Heap
[2020-02-10T18:29:53.956+0500][gc,heap,exit ]  garbage-first heap   total 524288K, used 25336K [0x00000007e0000000, 0x0000000800000000)
[2020-02-10T18:29:53.956+0500][gc,heap,exit ]   region size 1024K, 25 young (25600K), 0 survivors (0K)
[2020-02-10T18:29:53.956+0500][gc,heap,exit ]  Metaspace       used 7557K, capacity 7820K, committed 7936K, reserved 1056768K
[2020-02-10T18:29:53.956+0500][gc,heap,exit ]   class space    used 818K, capacity 929K, committed 1024K, reserved 1048576K
