[2020-02-09T19:56:17.145+0500][gc,heap] Heap region size: 1M
[2020-02-09T19:56:17.148+0500][gc     ] Using G1
[2020-02-09T19:56:17.148+0500][gc,heap,coops] Heap address: 0x00000007e0000000, size: 512 MB, Compressed Oops mode: Zero based, Oop shift amount: 3
[2020-02-09T19:56:17.149+0500][gc,cds       ] Mark closed archive regions in map: [0x00000007fff00000, 0x00000007fff76ff8]
[2020-02-09T19:56:17.149+0500][gc,cds       ] Mark open archive regions in map: [0x00000007ffe00000, 0x00000007ffe46ff8]
[2020-02-09T19:56:17.162+0500][gc           ] Periodic GC disabled
[2020-02-09T20:04:05.693+0500][gc,start     ] GC(0) Pause Young (Normal) (G1 Evacuation Pause)
[2020-02-09T20:04:05.694+0500][gc,task      ] GC(0) Using 12 workers of 13 for evacuation
[2020-02-09T20:04:05.716+0500][gc,mmu       ] GC(0) MMU target violated: 21.0ms (20.0ms/21.0ms)
[2020-02-09T20:04:05.716+0500][gc,phases    ] GC(0)   Pre Evacuate Collection Set: 0.0ms
[2020-02-09T20:04:05.716+0500][gc,phases    ] GC(0)   Evacuate Collection Set: 20.3ms
[2020-02-09T20:04:05.716+0500][gc,phases    ] GC(0)   Post Evacuate Collection Set: 0.4ms
[2020-02-09T20:04:05.716+0500][gc,phases    ] GC(0)   Other: 2.1ms
[2020-02-09T20:04:05.716+0500][gc,heap      ] GC(0) Eden regions: 25->0(21)
[2020-02-09T20:04:05.716+0500][gc,heap      ] GC(0) Survivor regions: 0->4(4)
[2020-02-09T20:04:05.716+0500][gc,heap      ] GC(0) Old regions: 0->1
[2020-02-09T20:04:05.716+0500][gc,heap      ] GC(0) Archive regions: 2->2
[2020-02-09T20:04:05.716+0500][gc,heap      ] GC(0) Humongous regions: 0->0
[2020-02-09T20:04:05.716+0500][gc,metaspace ] GC(0) Metaspace: 7580K->7580K(1056768K)
[2020-02-09T20:04:05.716+0500][gc           ] GC(0) Pause Young (Normal) (G1 Evacuation Pause) 25M->5M(512M) 22.958ms
[2020-02-09T20:04:05.716+0500][gc,cpu       ] GC(0) User=0.03s Sys=0.11s Real=0.02s
[2020-02-09T20:09:56.958+0500][gc,heap,exit ] Heap
[2020-02-09T20:09:56.958+0500][gc,heap,exit ]  garbage-first heap   total 524288K, used 8824K [0x00000007e0000000, 0x0000000800000000)
[2020-02-09T20:09:56.958+0500][gc,heap,exit ]   region size 1024K, 8 young (8192K), 4 survivors (4096K)
[2020-02-09T20:09:56.958+0500][gc,heap,exit ]  Metaspace       used 7609K, capacity 7884K, committed 8192K, reserved 1056768K
[2020-02-09T20:09:56.958+0500][gc,heap,exit ]   class space    used 819K, capacity 929K, committed 1024K, reserved 1048576K
