[2020-02-02T15:53:57.465+0500][gc,heap] Heap region size: 1M
[2020-02-02T15:53:57.470+0500][gc     ] Using G1
[2020-02-02T15:53:57.470+0500][gc,heap,coops] Heap address: 0x00000007e0000000, size: 512 MB, Compressed Oops mode: Zero based, Oop shift amount: 3
[2020-02-02T15:53:57.470+0500][gc,cds       ] Mark closed archive regions in map: [0x00000007fff00000, 0x00000007fff76ff8]
[2020-02-02T15:53:57.470+0500][gc,cds       ] Mark open archive regions in map: [0x00000007ffe00000, 0x00000007ffe46ff8]
[2020-02-02T15:53:57.484+0500][gc           ] Periodic GC disabled
[2020-02-02T15:56:23.017+0500][gc,heap,exit ] Heap
[2020-02-02T15:56:23.018+0500][gc,heap,exit ]  garbage-first heap   total 524288K, used 21240K [0x00000007e0000000, 0x0000000800000000)
[2020-02-02T15:56:23.018+0500][gc,heap,exit ]   region size 1024K, 21 young (21504K), 0 survivors (0K)
[2020-02-02T15:56:23.018+0500][gc,heap,exit ]  Metaspace       used 7276K, capacity 7564K, committed 7936K, reserved 1056768K
[2020-02-02T15:56:23.018+0500][gc,heap,exit ]   class space    used 818K, capacity 929K, committed 1024K, reserved 1048576K
