[2020-02-03T18:20:33.019+0500][gc,heap] Heap region size: 1M
[2020-02-03T18:20:33.023+0500][gc     ] Using G1
[2020-02-03T18:20:33.023+0500][gc,heap,coops] Heap address: 0x00000007e0000000, size: 512 MB, Compressed Oops mode: Zero based, Oop shift amount: 3
[2020-02-03T18:20:33.023+0500][gc,cds       ] Mark closed archive regions in map: [0x00000007fff00000, 0x00000007fff76ff8]
[2020-02-03T18:20:33.023+0500][gc,cds       ] Mark open archive regions in map: [0x00000007ffe00000, 0x00000007ffe46ff8]
[2020-02-03T18:20:33.037+0500][gc           ] Periodic GC disabled
[2020-02-03T20:52:15.440+0500][gc,start     ] GC(0) Pause Young (Normal) (G1 Evacuation Pause)
[2020-02-03T20:52:15.441+0500][gc,task      ] GC(0) Using 12 workers of 13 for evacuation
[2020-02-03T20:52:15.461+0500][gc,phases    ] GC(0)   Pre Evacuate Collection Set: 0.0ms
[2020-02-03T20:52:15.461+0500][gc,phases    ] GC(0)   Evacuate Collection Set: 17.3ms
[2020-02-03T20:52:15.461+0500][gc,phases    ] GC(0)   Post Evacuate Collection Set: 0.5ms
[2020-02-03T20:52:15.461+0500][gc,phases    ] GC(0)   Other: 4.6ms
[2020-02-03T20:52:15.461+0500][gc,heap      ] GC(0) Eden regions: 25->0(21)
[2020-02-03T20:52:15.461+0500][gc,heap      ] GC(0) Survivor regions: 0->4(4)
[2020-02-03T20:52:15.461+0500][gc,heap      ] GC(0) Old regions: 0->1
[2020-02-03T20:52:15.461+0500][gc,heap      ] GC(0) Archive regions: 2->2
[2020-02-03T20:52:15.461+0500][gc,heap      ] GC(0) Humongous regions: 0->0
[2020-02-03T20:52:15.461+0500][gc,metaspace ] GC(0) Metaspace: 7595K->7595K(1056768K)
[2020-02-03T20:52:15.461+0500][gc           ] GC(0) Pause Young (Normal) (G1 Evacuation Pause) 25M->5M(512M) 21.439ms
[2020-02-03T20:52:15.461+0500][gc,cpu       ] GC(0) User=0.03s Sys=0.09s Real=0.02s
[2020-02-03T20:52:15.462+0500][gc,heap,exit ] Heap
[2020-02-03T20:52:15.462+0500][gc,heap,exit ]  garbage-first heap   total 524288K, used 5721K [0x00000007e0000000, 0x0000000800000000)
[2020-02-03T20:52:15.462+0500][gc,heap,exit ]   region size 1024K, 5 young (5120K), 4 survivors (4096K)
[2020-02-03T20:52:15.462+0500][gc,heap,exit ]  Metaspace       used 7597K, capacity 7885K, committed 8192K, reserved 1056768K
[2020-02-03T20:52:15.462+0500][gc,heap,exit ]   class space    used 820K, capacity 929K, committed 1024K, reserved 1048576K
