[2020-02-24T18:22:11.875+0500][gc,heap] Heap region size: 1M
[2020-02-24T18:22:11.880+0500][gc     ] Using G1
[2020-02-24T18:22:11.880+0500][gc,heap,coops] Heap address: 0x00000007e0000000, size: 512 MB, Compressed Oops mode: Zero based, Oop shift amount: 3
[2020-02-24T18:22:11.881+0500][gc,cds       ] Mark closed archive regions in map: [0x00000007fff00000, 0x00000007fff76ff8]
[2020-02-24T18:22:11.881+0500][gc,cds       ] Mark open archive regions in map: [0x00000007ffe00000, 0x00000007ffe46ff8]
[2020-02-24T18:22:11.895+0500][gc           ] Periodic GC disabled
[2020-02-24T20:29:36.310+0500][gc,start     ] GC(0) Pause Young (Normal) (G1 Evacuation Pause)
[2020-02-24T20:29:36.333+0500][gc,task      ] GC(0) Using 12 workers of 13 for evacuation
[2020-02-24T20:29:36.628+0500][gc,mmu       ] GC(0) MMU target violated: 21.0ms (20.0ms/21.0ms)
[2020-02-24T20:29:36.629+0500][gc,phases    ] GC(0)   Pre Evacuate Collection Set: 0.1ms
[2020-02-24T20:29:36.629+0500][gc,phases    ] GC(0)   Evacuate Collection Set: 274.8ms
[2020-02-24T20:29:36.629+0500][gc,phases    ] GC(0)   Post Evacuate Collection Set: 3.9ms
[2020-02-24T20:29:36.629+0500][gc,phases    ] GC(0)   Other: 47.5ms
[2020-02-24T20:29:36.629+0500][gc,heap      ] GC(0) Eden regions: 25->0(21)
[2020-02-24T20:29:36.629+0500][gc,heap      ] GC(0) Survivor regions: 0->4(4)
[2020-02-24T20:29:36.629+0500][gc,heap      ] GC(0) Old regions: 0->1
[2020-02-24T20:29:36.629+0500][gc,heap      ] GC(0) Archive regions: 2->2
[2020-02-24T20:29:36.630+0500][gc,heap      ] GC(0) Humongous regions: 0->0
[2020-02-24T20:29:36.630+0500][gc,metaspace ] GC(0) Metaspace: 7588K->7588K(1056768K)
[2020-02-24T20:29:36.630+0500][gc           ] GC(0) Pause Young (Normal) (G1 Evacuation Pause) 25M->5M(512M) 321.128ms
[2020-02-24T20:29:36.630+0500][gc,cpu       ] GC(0) User=0.16s Sys=0.66s Real=0.33s
[2020-02-24T21:41:59.920+0500][gc,start     ] GC(1) Pause Young (Normal) (G1 Evacuation Pause)
[2020-02-24T21:41:59.920+0500][gc,task      ] GC(1) Using 12 workers of 13 for evacuation
[2020-02-24T21:41:59.999+0500][gc,mmu       ] GC(1) MMU target violated: 21.0ms (20.0ms/21.0ms)
[2020-02-24T21:41:59.999+0500][gc,phases    ] GC(1)   Pre Evacuate Collection Set: 0.0ms
[2020-02-24T21:41:59.999+0500][gc,phases    ] GC(1)   Evacuate Collection Set: 75.1ms
[2020-02-24T21:41:59.999+0500][gc,phases    ] GC(1)   Post Evacuate Collection Set: 2.1ms
[2020-02-24T21:42:00.000+0500][gc,phases    ] GC(1)   Other: 4.7ms
[2020-02-24T21:42:00.000+0500][gc,heap      ] GC(1) Eden regions: 21->0(24)
[2020-02-24T21:42:00.000+0500][gc,heap      ] GC(1) Survivor regions: 4->1(4)
[2020-02-24T21:42:00.000+0500][gc,heap      ] GC(1) Old regions: 1->5
[2020-02-24T21:42:00.000+0500][gc,heap      ] GC(1) Archive regions: 2->2
[2020-02-24T21:42:00.000+0500][gc,heap      ] GC(1) Humongous regions: 0->0
[2020-02-24T21:42:00.000+0500][gc,metaspace ] GC(1) Metaspace: 7682K->7682K(1056768K)
[2020-02-24T21:42:00.000+0500][gc           ] GC(1) Pause Young (Normal) (G1 Evacuation Pause) 26M->6M(512M) 80.119ms
[2020-02-24T21:42:00.000+0500][gc,cpu       ] GC(1) User=0.05s Sys=0.12s Real=0.09s
[2020-02-25T10:11:22.553+0500][gc,start     ] GC(2) Pause Young (Normal) (G1 Evacuation Pause)
[2020-02-25T10:11:22.555+0500][gc,task      ] GC(2) Using 12 workers of 13 for evacuation
[2020-02-25T10:11:22.576+0500][gc,mmu       ] GC(2) MMU target violated: 21.0ms (20.0ms/21.0ms)
[2020-02-25T10:11:22.576+0500][gc,phases    ] GC(2)   Pre Evacuate Collection Set: 0.0ms
[2020-02-25T10:11:22.576+0500][gc,phases    ] GC(2)   Evacuate Collection Set: 18.7ms
[2020-02-25T10:11:22.576+0500][gc,phases    ] GC(2)   Post Evacuate Collection Set: 1.0ms
[2020-02-25T10:11:22.576+0500][gc,phases    ] GC(2)   Other: 3.8ms
[2020-02-25T10:11:22.576+0500][gc,heap      ] GC(2) Eden regions: 24->0(24)
[2020-02-25T10:11:22.576+0500][gc,heap      ] GC(2) Survivor regions: 1->1(4)
[2020-02-25T10:11:22.576+0500][gc,heap      ] GC(2) Old regions: 5->5
[2020-02-25T10:11:22.576+0500][gc,heap      ] GC(2) Archive regions: 2->2
[2020-02-25T10:11:22.576+0500][gc,heap      ] GC(2) Humongous regions: 0->0
[2020-02-25T10:11:22.576+0500][gc,metaspace ] GC(2) Metaspace: 7711K->7711K(1056768K)
[2020-02-25T10:11:22.576+0500][gc           ] GC(2) Pause Young (Normal) (G1 Evacuation Pause) 30M->6M(512M) 23.637ms
[2020-02-25T10:11:22.576+0500][gc,cpu       ] GC(2) User=0.01s Sys=0.04s Real=0.02s
[2020-02-25T11:36:37.814+0500][gc,start     ] GC(3) Pause Young (Normal) (G1 Evacuation Pause)
[2020-02-25T11:36:37.815+0500][gc,task      ] GC(3) Using 12 workers of 13 for evacuation
[2020-02-25T11:36:37.923+0500][gc,mmu       ] GC(3) MMU target violated: 21.0ms (20.0ms/21.0ms)
[2020-02-25T11:36:37.924+0500][gc,phases    ] GC(3)   Pre Evacuate Collection Set: 0.0ms
[2020-02-25T11:36:37.924+0500][gc,phases    ] GC(3)   Evacuate Collection Set: 98.3ms
[2020-02-25T11:36:37.924+0500][gc,phases    ] GC(3)   Post Evacuate Collection Set: 0.9ms
[2020-02-25T11:36:37.924+0500][gc,phases    ] GC(3)   Other: 11.0ms
[2020-02-25T11:36:37.924+0500][gc,heap      ] GC(3) Eden regions: 24->0(24)
[2020-02-25T11:36:37.924+0500][gc,heap      ] GC(3) Survivor regions: 1->1(4)
[2020-02-25T11:36:37.924+0500][gc,heap      ] GC(3) Old regions: 5->5
[2020-02-25T11:36:37.924+0500][gc,heap      ] GC(3) Archive regions: 2->2
[2020-02-25T11:36:37.924+0500][gc,heap      ] GC(3) Humongous regions: 0->0
[2020-02-25T11:36:37.924+0500][gc,metaspace ] GC(3) Metaspace: 7711K->7711K(1056768K)
[2020-02-25T11:36:37.924+0500][gc           ] GC(3) Pause Young (Normal) (G1 Evacuation Pause) 30M->6M(512M) 109.837ms
[2020-02-25T11:36:37.924+0500][gc,cpu       ] GC(3) User=0.08s Sys=0.17s Real=0.11s
[2020-02-25T15:41:45.678+0500][gc,start     ] GC(4) Pause Young (Normal) (G1 Evacuation Pause)
[2020-02-25T15:41:45.679+0500][gc,task      ] GC(4) Using 12 workers of 13 for evacuation
[2020-02-25T15:41:45.694+0500][gc,phases    ] GC(4)   Pre Evacuate Collection Set: 0.0ms
[2020-02-25T15:41:45.694+0500][gc,phases    ] GC(4)   Evacuate Collection Set: 12.9ms
[2020-02-25T15:41:45.694+0500][gc,phases    ] GC(4)   Post Evacuate Collection Set: 0.7ms
[2020-02-25T15:41:45.694+0500][gc,phases    ] GC(4)   Other: 2.5ms
[2020-02-25T15:41:45.694+0500][gc,heap      ] GC(4) Eden regions: 24->0(24)
[2020-02-25T15:41:45.694+0500][gc,heap      ] GC(4) Survivor regions: 1->1(4)
[2020-02-25T15:41:45.694+0500][gc,heap      ] GC(4) Old regions: 5->5
[2020-02-25T15:41:45.694+0500][gc,heap      ] GC(4) Archive regions: 2->2
[2020-02-25T15:41:45.694+0500][gc,heap      ] GC(4) Humongous regions: 0->0
[2020-02-25T15:41:45.694+0500][gc,metaspace ] GC(4) Metaspace: 7731K->7731K(1056768K)
[2020-02-25T15:41:45.694+0500][gc           ] GC(4) Pause Young (Normal) (G1 Evacuation Pause) 30M->6M(512M) 16.232ms
[2020-02-25T15:41:45.694+0500][gc,cpu       ] GC(4) User=0.01s Sys=0.04s Real=0.02s
[2020-02-25T17:00:22.038+0500][gc,start     ] GC(5) Pause Young (Normal) (G1 Evacuation Pause)
[2020-02-25T17:00:22.039+0500][gc,task      ] GC(5) Using 12 workers of 13 for evacuation
[2020-02-25T17:00:22.046+0500][gc,phases    ] GC(5)   Pre Evacuate Collection Set: 0.0ms
[2020-02-25T17:00:22.046+0500][gc,phases    ] GC(5)   Evacuate Collection Set: 5.9ms
[2020-02-25T17:00:22.046+0500][gc,phases    ] GC(5)   Post Evacuate Collection Set: 0.3ms
[2020-02-25T17:00:22.046+0500][gc,phases    ] GC(5)   Other: 1.4ms
[2020-02-25T17:00:22.046+0500][gc,heap      ] GC(5) Eden regions: 24->0(24)
[2020-02-25T17:00:22.046+0500][gc,heap      ] GC(5) Survivor regions: 1->1(4)
[2020-02-25T17:00:22.046+0500][gc,heap      ] GC(5) Old regions: 5->5
[2020-02-25T17:00:22.046+0500][gc,heap      ] GC(5) Archive regions: 2->2
[2020-02-25T17:00:22.046+0500][gc,heap      ] GC(5) Humongous regions: 0->0
[2020-02-25T17:00:22.046+0500][gc,metaspace ] GC(5) Metaspace: 7731K->7731K(1056768K)
[2020-02-25T17:00:22.046+0500][gc           ] GC(5) Pause Young (Normal) (G1 Evacuation Pause) 30M->6M(512M) 7.759ms
[2020-02-25T17:00:22.046+0500][gc,cpu       ] GC(5) User=0.01s Sys=0.04s Real=0.01s
[2020-02-25T17:00:22.182+0500][gc,heap,exit ] Heap
[2020-02-25T17:00:22.182+0500][gc,heap,exit ]  garbage-first heap   total 524288K, used 7293K [0x00000007e0000000, 0x0000000800000000)
[2020-02-25T17:00:22.182+0500][gc,heap,exit ]   region size 1024K, 3 young (3072K), 1 survivors (1024K)
[2020-02-25T17:00:22.182+0500][gc,heap,exit ]  Metaspace       used 7736K, capacity 8014K, committed 8192K, reserved 1056768K
[2020-02-25T17:00:22.182+0500][gc,heap,exit ]   class space    used 820K, capacity 929K, committed 1024K, reserved 1048576K
