[2020-02-10T09:55:27.565+0500][gc,heap] Heap region size: 1M
[2020-02-10T09:55:27.569+0500][gc     ] Using G1
[2020-02-10T09:55:27.569+0500][gc,heap,coops] Heap address: 0x00000007e0000000, size: 512 MB, Compressed Oops mode: Zero based, Oop shift amount: 3
[2020-02-10T09:55:27.569+0500][gc,cds       ] Mark closed archive regions in map: [0x00000007fff00000, 0x00000007fff76ff8]
[2020-02-10T09:55:27.569+0500][gc,cds       ] Mark open archive regions in map: [0x00000007ffe00000, 0x00000007ffe46ff8]
[2020-02-10T09:55:27.585+0500][gc           ] Periodic GC disabled
[2020-02-10T11:26:13.153+0500][gc,heap,exit ] Heap
[2020-02-10T11:26:13.153+0500][gc,heap,exit ]  garbage-first heap   total 524288K, used 21240K [0x00000007e0000000, 0x0000000800000000)
[2020-02-10T11:26:13.153+0500][gc,heap,exit ]   region size 1024K, 21 young (21504K), 0 survivors (0K)
[2020-02-10T11:26:13.153+0500][gc,heap,exit ]  Metaspace       used 6912K, capacity 7176K, committed 7296K, reserved 1056768K
[2020-02-10T11:26:13.153+0500][gc,heap,exit ]   class space    used 776K, capacity 864K, committed 896K, reserved 1048576K
